Archive member included to satisfy reference by file (symbol)

/usr/lib/gcc/x86_64-linux-gnu/9/../../../x86_64-linux-gnu/libc.a(libc-start.o)
                              /usr/lib/gcc/x86_64-linux-gnu/9/../../../x86_64-linux-gnu/crt1.o (__libc_start_main)
/usr/lib/gcc/x86_64-linux-gnu/9/../../../x86_64-linux-gnu/libc.a(check_fds.o)
                              /usr/lib/gcc/x86_64-linux-gnu/9/../../../x86_64-linux-gnu/libc.a(libc-start.o) (__libc_check_standard_fds)
/usr/lib/gcc/x86_64-linux-gnu/9/../../../x86_64-linux-gnu/libc.a(libc-tls.o)
                              /usr/lib/gcc/x86_64-linux-gnu/9/../../../x86_64-linux-gnu/libc.a(libc-start.o) (__libc_setup_tls)
/usr/lib/gcc/x86_64-linux-gnu/9/../../../x86_64-linux-gnu/libc.a(elf-init.o)
                              /usr/lib/gcc/x86_64-linux-gnu/9/../../../x86_64-linux-gnu/crt1.o (__libc_csu_init)
/usr/lib/gcc/x86_64-linux-gnu/9/../../../x86_64-linux-gnu/libc.a(errno.o)
                              /usr/lib/gcc/x86_64-linux-gnu/9/../../../x86_64-linux-gnu/libc.a(check_fds.o) (__libc_errno)
/usr/lib/gcc/x86_64-linux-gnu/9/../../../x86_64-linux-gnu/libc.a(assert.o)
                              /usr/lib/gcc/x86_64-linux-gnu/9/../../../x86_64-linux-gnu/libc.a(libc-start.o) (__assert_fail)
/usr/lib/gcc/x86_64-linux-gnu/9/../../../x86_64-linux-gnu/libc.a(dcgettext.o)
                              /usr/lib/gcc/x86_64-linux-gnu/9/../../../x86_64-linux-gnu/libc.a(assert.o) (__dcgettext)
/usr/lib/gcc/x86_64-linux-gnu/9/../../../x86_64-linux-gnu/libc.a(dcigettext.o)
                              /usr/lib/gcc/x86_64-linux-gnu/9/../../../x86_64-linux-gnu/libc.a(dcgettext.o) (__dcigettext)
/usr/lib/gcc/x86_64-linux-gnu/9/../../../x86_64-linux-gnu/libc.a(finddomain.o)
                              /usr/lib/gcc/x86_64-linux-gnu/9/../../../x86_64-linux-gnu/libc.a(dcigettext.o) (_nl_find_domain)
/usr/lib/gcc/x86_64-linux-gnu/9/../../../x86_64-linux-gnu/libc.a(loadmsgcat.o)
                              /usr/lib/gcc/x86_64-linux-gnu/9/../../../x86_64-linux-gnu/libc.a(dcigettext.o) (_nl_load_domain)
/usr/lib/gcc/x86_64-linux-gnu/9/../../../x86_64-linux-gnu/libc.a(localealias.o)
                              /usr/lib/gcc/x86_64-linux-gnu/9/../../../x86_64-linux-gnu/libc.a(finddomain.o) (_nl_expand_alias)
/usr/lib/gcc/x86_64-linux-gnu/9/../../../x86_64-linux-gnu/libc.a(l10nflist.o)
                              /usr/lib/gcc/x86_64-linux-gnu/9/../../../x86_64-linux-gnu/libc.a(finddomain.o) (_nl_make_l10nflist)
/usr/lib/gcc/x86_64-linux-gnu/9/../../../x86_64-linux-gnu/libc.a(explodename.o)
                              /usr/lib/gcc/x86_64-linux-gnu/9/../../../x86_64-linux-gnu/libc.a(finddomain.o) (_nl_explode_name)
/usr/lib/gcc/x86_64-linux-gnu/9/../../../x86_64-linux-gnu/libc.a(plural.o)
                              /usr/lib/gcc/x86_64-linux-gnu/9/../../../x86_64-linux-gnu/libc.a(loadmsgcat.o) (__gettext_free_exp)
/usr/lib/gcc/x86_64-linux-gnu/9/../../../x86_64-linux-gnu/libc.a(plural-exp.o)
                              /usr/lib/gcc/x86_64-linux-gnu/9/../../../x86_64-linux-gnu/libc.a(loadmsgcat.o) (__gettext_extract_plural)
/usr/lib/gcc/x86_64-linux-gnu/9/../../../x86_64-linux-gnu/libc.a(hash-string.o)
                              /usr/lib/gcc/x86_64-linux-gnu/9/../../../x86_64-linux-gnu/libc.a(dcigettext.o) (__hash_string)
/usr/lib/gcc/x86_64-linux-gnu/9/../../../x86_64-linux-gnu/libc.a(bsd-_setjmp.o)
                              /usr/lib/gcc/x86_64-linux-gnu/9/../../../x86_64-linux-gnu/libc.a(libc-start.o) (_setjmp)
/usr/lib/gcc/x86_64-linux-gnu/9/../../../x86_64-linux-gnu/libc.a(raise.o)
                              /usr/lib/gcc/x86_64-linux-gnu/9/../../../x86_64-linux-gnu/libc.a(dcigettext.o) (raise)
/usr/lib/gcc/x86_64-linux-gnu/9/../../../x86_64-linux-gnu/libc.a(abort.o)
                              /usr/lib/gcc/x86_64-linux-gnu/9/../../../x86_64-linux-gnu/libc.a(assert.o) (abort)
/usr/lib/gcc/x86_64-linux-gnu/9/../../../x86_64-linux-gnu/libc.a(msort.o)
                              /usr/lib/gcc/x86_64-linux-gnu/9/../../../x86_64-linux-gnu/libc.a(localealias.o) (qsort)
/usr/lib/gcc/x86_64-linux-gnu/9/../../../x86_64-linux-gnu/libc.a(getenv.o)
                              /usr/lib/gcc/x86_64-linux-gnu/9/../../../x86_64-linux-gnu/libc.a(dcigettext.o) (getenv)
/usr/lib/gcc/x86_64-linux-gnu/9/../../../x86_64-linux-gnu/libc.a(exit.o)
                              /usr/lib/gcc/x86_64-linux-gnu/9/../../../x86_64-linux-gnu/libc.a(libc-start.o) (exit)
/usr/lib/gcc/x86_64-linux-gnu/9/../../../x86_64-linux-gnu/libc.a(cxa_atexit.o)
                              /usr/lib/gcc/x86_64-linux-gnu/9/../../../x86_64-linux-gnu/libc.a(exit.o) (__new_exitfn_called)
/usr/lib/gcc/x86_64-linux-gnu/9/../../../x86_64-linux-gnu/libc.a(strtoul.o)
                              /usr/lib/gcc/x86_64-linux-gnu/9/../../../x86_64-linux-gnu/libc.a(plural-exp.o) (strtoul)
/usr/lib/gcc/x86_64-linux-gnu/9/../../../x86_64-linux-gnu/libc.a(strtoul_l.o)
[...]
Memory Configuration

Name             Origin             Length             Attributes
*default*        0x0000000000000000 0xffffffffffffffff

Linker script and memory map

LOAD /usr/lib/gcc/x86_64-linux-gnu/9/../../../x86_64-linux-gnu/crt1.o
LOAD /usr/lib/gcc/x86_64-linux-gnu/9/../../../x86_64-linux-gnu/crti.o
LOAD /usr/lib/gcc/x86_64-linux-gnu/9/crtbeginT.o
LOAD ropex.o
LOAD gadget.o
START GROUP
LOAD /usr/lib/gcc/x86_64-linux-gnu/9/libgcc.a
LOAD /usr/lib/gcc/x86_64-linux-gnu/9/libgcc_eh.a
LOAD /usr/lib/gcc/x86_64-linux-gnu/9/../../../x86_64-linux-gnu/libc.a
END GROUP
LOAD /usr/lib/gcc/x86_64-linux-gnu/9/crtend.o
LOAD /usr/lib/gcc/x86_64-linux-gnu/9/../../../x86_64-linux-gnu/crtn.o
                [!provide]                        PROVIDE (__executable_start = SEGMENT_START ("text-segment", 0x400000))
                0x0000000000400200                . = (SEGMENT_START ("text-segment", 0x400000) + SIZEOF_HEADERS)

.interp
 *(.interp)

.note.gnu.build-id
                0x0000000000400200       0x24
 *(.note.gnu.build-id)
 .note.gnu.build-id
                0x0000000000400200       0x24 /usr/lib/gcc/x86_64-linux-gnu/9/../../../x86_64-linux-gnu/crt1.o

.note.ABI-tag   0x0000000000400224       0x20
 .note.ABI-tag  0x0000000000400224       0x20 /usr/lib/gcc/x86_64-linux-gnu/9/../../../x86_64-linux-gnu/crt1.o

.hash
 *(.hash)

.gnu.hash
 *(.gnu.hash)

.dynsym
 *(.dynsym)

.dynstr
 *(.dynstr)

.gnu.version
 *(.gnu.version)

.gnu.version_d
 *(.gnu.version_d)

.gnu.version_r
 *(.gnu.version_r)

.rela.dyn       0x0000000000400248        0x0
 *(.rela.init)
 .rela.init     0x0000000000400248        0x0 /usr/lib/gcc/x86_64-linux-gnu/9/../../../x86_64-linux-gnu/crt1.o
 *(.rela.text .rela.text.* .rela.gnu.linkonce.t.*)
 .rela.text     0x0000000000400248        0x0 /usr/lib/gcc/x86_64-linux-gnu/9/../../../x86_64-linux-gnu/crt1.o
 .rela.text.avx
                0x0000000000400248        0x0 /usr/lib/gcc/x86_64-linux-gnu/9/../../../x86_64-linux-gnu/crt1.o
 .rela.text.avx512
                0x0000000000400248        0x0 /usr/lib/gcc/x86_64-linux-gnu/9/../../../x86_64-linux-gnu/crt1.o
 .rela.text.startup
                0x0000000000400248        0x0 /usr/lib/gcc/x86_64-linux-gnu/9/../../../x86_64-linux-gnu/crt1.o
 *(.rela.fini)
 *(.rela.rodata .rela.rodata.* .rela.gnu.linkonce.r.*)
 *(.rela.data .rela.data.* .rela.gnu.linkonce.d.*)
 .rela.data.rel.ro
                0x0000000000400248        0x0 /usr/lib/gcc/x86_64-linux-gnu/9/../../../x86_64-linux-gnu/crt1.o
 *(.rela.tdata .rela.tdata.* .rela.gnu.linkonce.td.*)
 *(.rela.tbss .rela.tbss.* .rela.gnu.linkonce.tb.*)
 *(.rela.ctors)
 *(.rela.dtors)
 *(.rela.got)
 .rela.got      0x0000000000400248        0x0 /usr/lib/gcc/x86_64-linux-gnu/9/../../../x86_64-linux-gnu/crt1.o
 *(.rela.bss .rela.bss.* .rela.gnu.linkonce.b.*)
 *(.rela.ldata .rela.ldata.* .rela.gnu.linkonce.l.*)
 *(.rela.lbss .rela.lbss.* .rela.gnu.linkonce.lb.*)
 *(.rela.lrodata .rela.lrodata.* .rela.gnu.linkonce.lr.*)
 *(.rela.ifunc)
 .rela__libc_freeres_fn
                0x0000000000400248        0x0 /usr/lib/gcc/x86_64-linux-gnu/9/../../../x86_64-linux-gnu/crt1.o
 .rela.eh_frame
                0x0000000000400248        0x0 /usr/lib/gcc/x86_64-linux-gnu/9/../../../x86_64-linux-gnu/crt1.o
 .rela__libc_IO_vtables
                0x0000000000400248        0x0 /usr/lib/gcc/x86_64-linux-gnu/9/../../../x86_64-linux-gnu/crt1.o

.rela.plt       0x0000000000400248      0x240
 *(.rela.plt)
                0x0000000000400248                PROVIDE (__rela_iplt_start = .)
 *(.rela.iplt)
 .rela.iplt     0x0000000000400248      0x240 /usr/lib/gcc/x86_64-linux-gnu/9/../../../x86_64-linux-gnu/crt1.o
                0x0000000000400488                PROVIDE (__rela_iplt_end = .)
                0x0000000000401000                . = ALIGN (CONSTANT (MAXPAGESIZE))

.init           0x0000000000401000       0x1b
 *(SORT_NONE(.init))
 .init          0x0000000000401000       0x16 /usr/lib/gcc/x86_64-linux-gnu/9/../../../x86_64-linux-gnu/crti.o
                0x0000000000401000                _init
 .init          0x0000000000401016        0x5 /usr/lib/gcc/x86_64-linux-gnu/9/../../../x86_64-linux-gnu/crtn.o

.plt            0x0000000000401020       0xc0
 *(.plt)
 *(.iplt)
 *fill*         0x0000000000401020        0x0 
 .iplt          0x0000000000401020       0xc0 /usr/lib/gcc/x86_64-linux-gnu/9/../../../x86_64-linux-gnu/crt1.o

.plt.got
 *(.plt.got)

.plt.sec
 *(.plt.sec)

.text           0x00000000004010e0    0x91b20
 *(.text.unlikely .text.*_unlikely .text.unlikely.*)
 .text.unlikely
                0x00000000004010e0        0xf /usr/lib/gcc/x86_64-linux-gnu/9/../../../x86_64-linux-gnu/libc.a(assert.o)
 .text.unlikely
                0x00000000004010ef        0x5 /usr/lib/gcc/x86_64-linux-gnu/9/../../../x86_64-linux-gnu/libc.a(loadmsgcat.o)
 .text.unlikely
                0x00000000004010f4      0x234 /usr/lib/gcc/x86_64-linux-gnu/9/../../../x86_64-linux-gnu/libc.a(abort.o)
                0x00000000004010f4                abort
 .text.unlikely
                0x0000000000401328       0x57 /usr/lib/gcc/x86_64-linux-gnu/9/../../../x86_64-linux-gnu/libc.a(iofclose.o)
 .text.unlikely
                0x000000000040137f       0x56 /usr/lib/gcc/x86_64-linux-gnu/9/../../../x86_64-linux-gnu/libc.a(iofflush.o)
 .text.unlikely
                0x00000000004013d5       0x57 /usr/lib/gcc/x86_64-linux-gnu/9/../../../x86_64-linux-gnu/libc.a(ioputs.o)
 .text.unlikely
                0x000000000040142c       0x57 /usr/lib/gcc/x86_64-linux-gnu/9/../../../x86_64-linux-gnu/libc.a(wfileops.o)
 .text.unlikely
                0x0000000000401483       0x57 /usr/lib/gcc/x86_64-linux-gnu/9/../../../x86_64-linux-gnu/libc.a(getc.o)
 .text.unlikely
                0x00000000004014da       0x59 /usr/lib/gcc/x86_64-linux-gnu/9/../../../x86_64-linux-gnu/libc.a(fileops.o)
 .text.unlikely
                0x0000000000401533        0xc /usr/lib/gcc/x86_64-linux-gnu/9/../../../x86_64-linux-gnu/libc.a(init-first.o)
                0x0000000000401533                _dl_start
 .text.unlikely
                0x000000000040153f       0x56 /usr/lib/gcc/x86_64-linux-gnu/9/../../../x86_64-linux-gnu/libc.a(iofputs.o)
 .text.unlikely
                0x0000000000401595       0x56 /usr/lib/gcc/x86_64-linux-gnu/9/../../../x86_64-linux-gnu/libc.a(iofwrite.o)
 .text.unlikely
                0x00000000004015eb       0x56 /usr/lib/gcc/x86_64-linux-gnu/9/../../../x86_64-linux-gnu/libc.a(iogetdelim.o)
 .text.unlikely
                0x0000000000401641        0x5 /usr/lib/gcc/x86_64-linux-gnu/9/../../../x86_64-linux-gnu/libc.a(printf_fp.o)
 .text.unlikely
                0x0000000000401646        0x5 /usr/lib/gcc/x86_64-linux-gnu/9/../../../x86_64-linux-gnu/libc.a(printf_fphex.o)
 .text.unlikely
                0x000000000040164b       0x50 /usr/lib/gcc/x86_64-linux-gnu/9/libgcc_eh.a(unwind-dw2.o)
 .text.unlikely
                0x000000000040169b       0x1e /usr/lib/gcc/x86_64-linux-gnu/9/libgcc_eh.a(unwind-dw2-fde-dip.o)
 .text.unlikely
                0x00000000004016b9        0xa /usr/lib/gcc/x86_64-linux-gnu/9/libgcc_eh.a(unwind-c.o)
 *(.text.exit .text.exit.*)
 *fill*         0x00000000004016c3        0xd 
 .text.exit     0x00000000004016d0       0x41 /usr/lib/gcc/x86_64-linux-gnu/9/../../../x86_64-linux-gnu/libc.a(sdlerror.o)
 *(.text.startup .text.startup.*)
 *fill*         0x0000000000401711        0xf 
 .text.startup  0x0000000000401720      0x489 /usr/lib/gcc/x86_64-linux-gnu/9/../../../x86_64-linux-gnu/libc.a(cacheinfo.o)
 *(.text.hot .text.hot.*)
 *(SORT_BY_NAME(.text.sorted.*))
 *(.text .stub .text.* .gnu.linkonce.t.*)
 *fill*         0x0000000000401ba9        0x7 
 .text          0x0000000000401bb0       0x35 /usr/lib/gcc/x86_64-linux-gnu/9/../../../x86_64-linux-gnu/crt1.o
                0x0000000000401bb0                _start
                0x0000000000401be0                _dl_relocate_static_pie
 .text          0x0000000000401be5        0x0 /usr/lib/gcc/x86_64-linux-gnu/9/../../../x86_64-linux-gnu/crti.o
 *fill*         0x0000000000401be5        0xb 
 .text          0x0000000000401bf0       0xe5 /usr/lib/gcc/x86_64-linux-gnu/9/crtbeginT.o
 .text          0x0000000000401cd5       0x92 ropex.o
                0x0000000000401cd5                readline
                0x0000000000401d0f                echo
                0x0000000000401d2c                main
 .text          0x0000000000401d67        0xf gadget.o
                0x0000000000401d67                gadget
 *fill*         0x0000000000401d76        0xa 
 .text          0x0000000000401d80      0xb97 /usr/lib/gcc/x86_64-linux-gnu/9/../../../x86_64-linux-gnu/libc.a(libc-start.o)
                0x0000000000402100                __libc_start_main
 *fill*         0x0000000000402917        0x9 
 .text          0x0000000000402920      0x1a3 /usr/lib/gcc/x86_64-linux-gnu/9/../../../x86_64-linux-gnu/libc.a(check_fds.o)
                0x0000000000402920                __libc_check_standard_fds
 *fill*         0x0000000000402ac3        0xd 
 .text          0x0000000000402ad0      0x288 /usr/lib/gcc/x86_64-linux-gnu/9/../../../x86_64-linux-gnu/libc.a(libc-tls.o)
                0x0000000000402ad0                __libc_setup_tls
 *fill*         0x0000000000402d58        0x8 
 .text          0x0000000000402d60       0xe1 /usr/lib/gcc/x86_64-linux-gnu/9/../../../x86_64-linux-gnu/libc.a(elf-init.o)
                0x0000000000402d60                __libc_csu_init
                0x0000000000402e00                __libc_csu_fini
 .text          0x0000000000402e41        0x0 /usr/lib/gcc/x86_64-linux-gnu/9/../../../x86_64-linux-gnu/libc.a(errno.o)
 *fill*         0x0000000000402e41        0xf 
 .text          0x0000000000402e50      0x1a6 /usr/lib/gcc/x86_64-linux-gnu/9/../../../x86_64-linux-gnu/libc.a(assert.o)
                0x0000000000402e50                __assert_fail_base
                0x0000000000402fb0                __assert_fail
 *fill*         0x0000000000402ff6        0xa 
 .text          0x0000000000403000       0x13 /usr/lib/gcc/x86_64-linux-gnu/9/../../../x86_64-linux-gnu/libc.a(dcgettext.o)
                0x0000000000403000                __dcgettext
                0x0000000000403000                dcgettext
 *fill*         0x0000000000403013        0xd 
 .text          0x0000000000403020     0x1892 /usr/lib/gcc/x86_64-linux-gnu/9/../../../x86_64-linux-gnu/libc.a(dcigettext.o)
                0x0000000000403290                _nl_find_msg
                0x0000000000403f60                __dcigettext
 *fill*         0x00000000004048b2        0xe 
 .text          0x00000000004048c0      0x295 /usr/lib/gcc/x86_64-linux-gnu/9/../../../x86_64-linux-gnu/libc.a(finddomain.o)
                0x00000000004048c0                _nl_find_domain
 *fill*         0x0000000000404b55        0xb 
 .text          0x0000000000404b60     0x17d7 /usr/lib/gcc/x86_64-linux-gnu/9/../../../x86_64-linux-gnu/libc.a(loadmsgcat.o)
                0x0000000000404b60                _nl_load_domain
 *fill*         0x0000000000406337        0x9 
 .text          0x0000000000406340      0x70e /usr/lib/gcc/x86_64-linux-gnu/9/../../../x86_64-linux-gnu/libc.a(localealias.o)
                0x0000000000406860                _nl_expand_alias
 *fill*         0x0000000000406a4e        0x2 
 .text          0x0000000000406a50      0x6cf /usr/lib/gcc/x86_64-linux-gnu/9/../../../x86_64-linux-gnu/libc.a(l10nflist.o)
                0x0000000000406a50                _nl_make_l10nflist
                0x0000000000407010                _nl_normalize_codeset
 *fill*         0x000000000040711f        0x1 
 .text          0x0000000000407120      0x1fc /usr/lib/gcc/x86_64-linux-gnu/9/../../../x86_64-linux-gnu/libc.a(explodename.o)
                0x0000000000407120                _nl_explode_name
 *fill*         0x000000000040731c        0x4 
 .text          0x0000000000407320     0x7f7b /usr/lib/gcc/x86_64-linux-gnu/9/../../../x86_64-linux-gnu/libc.a(plural.o)
                0x0000000000407320                __gettext_free_exp
                0x000000000040ea80                __gettextparse
 *fill*         0x000000000040f29b        0x5 
 .text          0x000000000040f2a0      0x115 /usr/lib/gcc/x86_64-linux-gnu/9/../../../x86_64-linux-gnu/libc.a(plural-exp.o)
                0x000000000040f2a0                __gettext_extract_plural
 *fill*         0x000000000040f3b5        0xb 
 .text          0x000000000040f3c0       0x5b /usr/lib/gcc/x86_64-linux-gnu/9/../../../x86_64-linux-gnu/libc.a(hash-string.o)
                0x000000000040f3c0                __hash_string
 *fill*         0x000000000040f41b        0x5 
 .text          0x000000000040f420        0xb /usr/lib/gcc/x86_64-linux-gnu/9/../../../x86_64-linux-gnu/libc.a(bsd-_setjmp.o)
                0x000000000040f420                _setjmp
 *fill*         0x000000000040f42b        0x5 
 .text          0x000000000040f430      0x109 /usr/lib/gcc/x86_64-linux-gnu/9/../../../x86_64-linux-gnu/libc.a(raise.o)
                0x000000000040f430                gsignal
                0x000000000040f430                raise
 .text          0x000000000040f539        0x0 /usr/lib/gcc/x86_64-linux-gnu/9/../../../x86_64-linux-gnu/libc.a(abort.o)
 *fill*         0x000000000040f539        0x7 
 .text          0x000000000040f540      0x85c /usr/lib/gcc/x86_64-linux-gnu/9/../../../x86_64-linux-gnu/libc.a(msort.o)
                0x000000000040f980                __qsort_r
                0x000000000040f980                qsort_r
                0x000000000040fd90                qsort
 *fill*         0x000000000040fd9c        0x4 
 .text          0x000000000040fda0       0xd5 /usr/lib/gcc/x86_64-linux-gnu/9/../../../x86_64-linux-gnu/libc.a(getenv.o)
                0x000000000040fda0                getenv
 *fill*         0x000000000040fe75        0xb 
 .text          0x000000000040fe80      0x2e0 /usr/lib/gcc/x86_64-linux-gnu/9/../../../x86_64-linux-gnu/libc.a(exit.o)
                0x000000000040fe80                __run_exit_handlers
                0x0000000000410140                exit
 .text          0x0000000000410160      0x39e /usr/lib/gcc/x86_64-linux-gnu/9/../../../x86_64-linux-gnu/libc.a(cxa_atexit.o)
                0x0000000000410160                __new_exitfn
                0x0000000000410280                __internal_atexit
                0x00000000004103c0                __cxa_atexit
 *fill*         0x00000000004104fe        0x2 
 .text          0x0000000000410500       0x36 /usr/lib/gcc/x86_64-linux-gnu/9/../../../x86_64-linux-gnu/libc.a(strtoul.o)
                0x0000000000410500                __strtoull_internal
                0x0000000000410500                __strtoul_internal
                0x0000000000410520                strtoul
                0x0000000000410520                strtoull
                0x0000000000410520                strtouq
                0x0000000000410520                __strtoul
 *fill*         0x0000000000410536        0xa 
 .text          0x0000000000410540      0x4de /usr/lib/gcc/x86_64-linux-gnu/9/../../../x86_64-linux-gnu/libc.a(strtoul_l.o)
                0x0000000000410540                ____strtoul_l_internal
                0x0000000000410540                ____strtoull_l_internal
                0x0000000000410a10                __strtoull_l
                0x0000000000410a10                strtoull_l
                0x0000000000410a10                strtoul_l
                0x0000000000410a10                __strtoul_l
 *fill*         0x0000000000410a1e        0x2 
 .text          0x0000000000410a20      0x1d3 /usr/lib/gcc/x86_64-linux-gnu/9/../../../x86_64-linux-gnu/libc.a(grouping.o)
                0x0000000000410a20                __correctly_grouped_prefixmb
 *fill*         0x0000000000410bf3        0xd 
 .text          0x0000000000410c00       0xb7 /usr/lib/gcc/x86_64-linux-gnu/9/../../../x86_64-linux-gnu/libc.a(asprintf.o)
                0x0000000000410c00                __asprintf
                0x0000000000410c00                asprintf
                0x0000000000410c00                ___asprintf
 *fill*         0x0000000000410cb7        0x9 
 .text          0x0000000000410cc0      0x60a /usr/lib/gcc/x86_64-linux-gnu/9/../../../x86_64-linux-gnu/libc.a(fxprintf.o)
                0x0000000000410e80                __vfxprintf
                0x0000000000410f80                __fxprintf
                0x0000000000411120                __fxprintf_nocancel
 *fill*         0x00000000004112ca        0x6 
 .text          0x00000000004112d0      0x288 /usr/lib/gcc/x86_64-linux-gnu/9/../../../x86_64-linux-gnu/libc.a(iofclose.o)
                0x00000000004112d0                _IO_fclose
                0x00000000004112d0                _IO_new_fclose
                0x00000000004112d0                fclose
                0x00000000004112d0                __new_fclose
 *fill*         0x0000000000411558        0x8 
 .text          0x0000000000411560      0x129 /usr/lib/gcc/x86_64-linux-gnu/9/../../../x86_64-linux-gnu/libc.a(iofflush.o)
                0x0000000000411560                _IO_fflush
                0x0000000000411560                fflush
 *fill*         0x0000000000411689        0x7 
 .text          0x0000000000411690      0x246 /usr/lib/gcc/x86_64-linux-gnu/9/../../../x86_64-linux-gnu/libc.a(iofopen.o)
                0x0000000000411690                __fopen_maybe_mmap
                0x00000000004116e0                __fopen_internal
                0x00000000004117e0                _IO_fopen64
                0x00000000004117e0                _IO_new_fopen
                0x00000000004117e0                fopen
                0x00000000004117e0                _IO_fopen
                0x00000000004117e0                __new_fopen
                0x00000000004117e0                fopen64
 *fill*         0x00000000004118d6        0xa 
 .text          0x00000000004118e0      0x1dc /usr/lib/gcc/x86_64-linux-gnu/9/../../../x86_64-linux-gnu/libc.a(ioputs.o)
                0x00000000004118e0                puts
                0x00000000004118e0                _IO_puts
 *fill*         0x0000000000411abc        0x4 
 .text          0x0000000000411ac0     0x1ab0 /usr/lib/gcc/x86_64-linux-gnu/9/../../../x86_64-linux-gnu/libc.a(wfileops.o)
                0x0000000000411ac0                _IO_wfile_underflow
                0x0000000000412250                _IO_wfile_seekoff
                0x0000000000412ca0                _IO_wdo_write
                0x0000000000412e90                _IO_wfile_overflow
                0x0000000000413170                _IO_wfile_sync
                0x0000000000413310                _IO_wfile_xsputn
 .text          0x0000000000413570      0x480 /usr/lib/gcc/x86_64-linux-gnu/9/../../../x86_64-linux-gnu/libc.a(iofwide.o)
                0x0000000000413570                _IO_fwide
                0x00000000004136e0                __libio_codecvt_out
                0x00000000004137d0                __libio_codecvt_in
                0x00000000004138c0                __libio_codecvt_encoding
                0x00000000004138f0                __libio_codecvt_length
 .text          0x00000000004139f0      0x13c /usr/lib/gcc/x86_64-linux-gnu/9/../../../x86_64-linux-gnu/libc.a(getc.o)
                0x00000000004139f0                getc
                0x00000000004139f0                _IO_getc
                0x00000000004139f0                fgetc
 *fill*         0x0000000000413b2c        0x4 
 .text          0x0000000000413b30      0x1ab /usr/lib/gcc/x86_64-linux-gnu/9/../../../x86_64-linux-gnu/libc.a(vasprintf.o)
                0x0000000000413b30                __vasprintf_internal
                0x0000000000413cd0                __vasprintf
                0x0000000000413cd0                vasprintf
 *fill*         0x0000000000413cdb        0x5 
 .text          0x0000000000413ce0      0x470 /usr/lib/gcc/x86_64-linux-gnu/9/../../../x86_64-linux-gnu/libc.a(libc_fatal.o)
                0x0000000000413e40                __libc_message
                0x0000000000414130                __libc_fatal
 .text          0x0000000000414150       0x1c /usr/lib/gcc/x86_64-linux-gnu/9/../../../x86_64-linux-gnu/libc.a(vtables.o)
                0x0000000000414150                _IO_vtable_check
 *fill*         0x000000000041416c        0x4 
 .text          0x0000000000414170       0x98 /usr/lib/gcc/x86_64-linux-gnu/9/../../../x86_64-linux-gnu/libc.a(iofgets_u.o)
                0x0000000000414170                __fgets_unlocked
                0x0000000000414170                fgets_unlocked
 *fill*         0x0000000000414208        0x8 
 .text          0x0000000000414210     0x2b69 /usr/lib/gcc/x86_64-linux-gnu/9/../../../x86_64-linux-gnu/libc.a(fileops.o)
                0x0000000000414280                _IO_file_close
                0x0000000000414290                _IO_file_setbuf
                0x0000000000414290                _IO_new_file_setbuf
                0x00000000004142c0                _IO_file_setbuf_mmap
                0x0000000000414340                _IO_file_underflow
                0x0000000000414340                _IO_new_file_underflow
                0x0000000000414670                _IO_file_close_mmap
                0x00000000004146a0                _IO_file_seek
                0x0000000000414900                _IO_file_seekoff
                0x0000000000414900                _IO_new_file_seekoff
                0x0000000000414ee0                _IO_file_stat
                0x0000000000414f00                _IO_file_write
                0x0000000000414f00                _IO_new_file_write
                0x00000000004152e0                _IO_file_xsgetn
                0x00000000004154d0                _IO_file_seekoff_mmap
                0x0000000000415600                _IO_file_read
                0x0000000000415630                _IO_new_file_xsputn
                0x0000000000415630                _IO_file_xsputn
                0x0000000000415960                _IO_file_underflow_maybe_mmap
                0x0000000000415b40                _IO_file_underflow_mmap
                0x0000000000415dd0                _IO_new_file_init_internal
                0x0000000000415e00                _IO_new_file_init
                0x0000000000415e00                _IO_file_init
                0x0000000000415e30                _IO_file_open
                0x0000000000415f20                _IO_new_file_attach
                0x0000000000415f20                _IO_file_attach
                0x0000000000415fd0                _IO_new_do_write
                0x0000000000415fd0                _IO_do_write
                0x0000000000416150                _IO_new_file_close_it
                0x0000000000416150                _IO_file_close_it
                0x00000000004162b0                _IO_new_file_fopen
                0x00000000004162b0                _IO_file_fopen
                0x00000000004169c0                _IO_file_finish
                0x00000000004169c0                _IO_new_file_finish
                0x0000000000416a60                _IO_file_overflow
                0x0000000000416a60                _IO_new_file_overflow
                0x0000000000416c90                _IO_file_sync
                0x0000000000416c90                _IO_new_file_sync
 *fill*         0x0000000000416d79        0x7 
 .text          0x0000000000416d80     0x2a3b /usr/lib/gcc/x86_64-linux-gnu/9/../../../x86_64-linux-gnu/libc.a(genops.o)
                0x0000000000417350                _IO_un_link
                0x0000000000417370                _IO_link_in
                0x0000000000417630                _IO_least_marker
                0x0000000000417660                _IO_switch_to_main_get_area
                0x0000000000417690                _IO_switch_to_backup_area
                0x00000000004176c0                _IO_switch_to_get_mode
                0x0000000000417760                _IO_free_backup_area
                0x00000000004177b0                __overflow
                0x0000000000417820                __underflow
                0x00000000004179f0                __uflow
                0x0000000000417bd0                _IO_setb
                0x0000000000417c30                _IO_doallocbuf
                0x0000000000417cf0                _IO_default_underflow
                0x0000000000417d00                _IO_default_uflow
                0x0000000000417d60                _IO_default_xsputn
                0x0000000000417ee0                _IO_sgetn
                0x0000000000417f50                _IO_default_xsgetn
                0x0000000000418240                _IO_default_setbuf
                0x0000000000418360                _IO_default_seekpos
                0x00000000004183d0                _IO_default_doallocate
                0x0000000000418450                _IO_init_internal
                0x00000000004184e0                _IO_init
                0x0000000000418570                _IO_enable_locks
                0x00000000004185b0                _IO_old_init
                0x0000000000418620                _IO_no_init
                0x00000000004186f0                _IO_default_sync
                0x0000000000418700                _IO_default_finish
                0x0000000000418770                _IO_default_seekoff
                0x0000000000418780                _IO_sputbackc
                0x0000000000418800                _IO_sungetc
                0x0000000000418880                _IO_adjust_column
                0x00000000004188b0                _IO_flush_all_lockp
                0x0000000000418bb0                _IO_cleanup
                0x0000000000418f40                _IO_flush_all
                0x0000000000418f50                _IO_flush_all_linebuffered
                0x0000000000418f50                _flushlbf
                0x0000000000419220                _IO_init_marker
                0x0000000000419310                _IO_remove_marker
                0x0000000000419350                _IO_marker_difference
                0x0000000000419360                _IO_marker_delta
                0x00000000004193a0                _IO_seekmark
                0x0000000000419450                _IO_unsave_markers
                0x00000000004194b0                _IO_default_pbackfail
                0x0000000000419640                _IO_default_seek
                0x0000000000419650                _IO_default_stat
                0x0000000000419660                _IO_default_read
                0x0000000000419670                _IO_default_write
                0x0000000000419680                _IO_default_showmanyc
                0x0000000000419690                _IO_default_imbue
                0x00000000004196a0                _IO_iter_begin
                0x00000000004196b0                _IO_iter_end
                0x00000000004196c0                _IO_iter_next
                0x00000000004196d0                _IO_iter_file
                0x00000000004196e0                _IO_list_lock
                0x0000000000419740                _IO_list_unlock
                0x00000000004197a0                _IO_list_resetlock
 .text          0x00000000004197bb        0x0 /usr/lib/gcc/x86_64-linux-gnu/9/../../../x86_64-linux-gnu/libc.a(stdfiles.o)
 .text          0x00000000004197bb        0x0 /usr/lib/gcc/x86_64-linux-gnu/9/../../../x86_64-linux-gnu/libc.a(stdio.o)
 *fill*         0x00000000004197bb        0x5 
 .text          0x00000000004197c0      0x946 /usr/lib/gcc/x86_64-linux-gnu/9/../../../x86_64-linux-gnu/libc.a(strops.o)
                0x00000000004197c0                _IO_str_underflow
                0x0000000000419820                _IO_str_overflow
                0x0000000000419ba0                _IO_str_seekoff
                0x0000000000419e70                _IO_str_pbackfail
                0x0000000000419e90                _IO_str_finish
                0x0000000000419ed0                _IO_str_init_static_internal
                0x0000000000419f80                _IO_str_init_static
                0x000000000041a050                _IO_str_init_readonly
                0x000000000041a0f0                _IO_str_count
 *fill*         0x000000000041a106        0xa 
 .text          0x000000000041a110       0x48 /usr/lib/gcc/x86_64-linux-gnu/9/../../../x86_64-linux-gnu/libc.a(alloca_cutoff.o)
                0x000000000041a110                __libc_alloca_cutoff
 *fill*         0x000000000041a158        0x8 
 .text          0x000000000041a160       0x31 /usr/lib/gcc/x86_64-linux-gnu/9/../../../x86_64-linux-gnu/libc.a(libc-lowlevellock.o)
                0x000000000041a160                __lll_lock_wait_private
 *fill*         0x000000000041a191        0xf 
 .text          0x000000000041a1a0     0x7ac7 /usr/lib/gcc/x86_64-linux-gnu/9/../../../x86_64-linux-gnu/libc.a(malloc.o)
                0x000000000041a1a0                _dl_tunable_set_arena_max
                0x000000000041a1b0                _dl_tunable_set_arena_test
                0x000000000041a1c0                _dl_tunable_set_tcache_max
                0x000000000041a200                _dl_tunable_set_tcache_count
                0x000000000041a220                _dl_tunable_set_tcache_unsorted_limit
                0x000000000041a520                _dl_tunable_set_trim_threshold
                0x000000000041a540                _dl_tunable_set_top_pad
                0x000000000041a560                _dl_tunable_set_mmap_threshold
                0x000000000041a590                _dl_tunable_set_mmaps_max
                0x000000000041a5b0                _dl_tunable_set_perturb_byte
                0x000000000041a5c0                _dl_tunable_set_mxfast
                0x000000000041b4c0                _dl_tunable_set_mallopt_check
                0x000000000041f0a0                __malloc_fork_lock_parent
                0x000000000041f150                __malloc_fork_unlock_parent
                0x000000000041f210                __malloc_fork_unlock_child
                0x000000000041f2d0                __malloc_check_init
                0x000000000041f320                malloc
                0x000000000041f320                __malloc
                0x000000000041f320                __libc_malloc
                0x000000000041f910                __free
                0x000000000041f910                __libc_free
                0x000000000041f910                free
                0x000000000041fa10                __malloc_arena_thread_freeres
                0x0000000000420010                __libc_realloc
                0x0000000000420010                realloc
                0x0000000000420010                __realloc
                0x0000000000420370                __libc_memalign
                0x0000000000420370                __memalign
                0x0000000000420370                memalign
                0x0000000000420370                aligned_alloc
                0x0000000000420630                __libc_valloc
                0x0000000000420630                valloc
                0x0000000000420630                __valloc
                0x0000000000420910                pvalloc
                0x0000000000420910                __libc_pvalloc
                0x0000000000420910                __pvalloc
                0x0000000000420c20                __calloc
                0x0000000000420c20                calloc
                0x0000000000420c20                __libc_calloc
                0x0000000000420fb0                __malloc_trim
                0x0000000000420fb0                malloc_trim
                0x00000000004212b0                malloc_usable_size
                0x00000000004212b0                __malloc_usable_size
                0x0000000000421370                __mallinfo
                0x0000000000421370                __libc_mallinfo
                0x0000000000421370                mallinfo
                0x00000000004214b0                malloc_stats
                0x00000000004214b0                __malloc_stats
                0x0000000000421700                __libc_mallopt
                0x0000000000421700                mallopt
                0x0000000000421700                __mallopt
                0x0000000000421920                __posix_memalign
                0x0000000000421920                posix_memalign
                0x0000000000421c20                __malloc_info
                0x0000000000421c20                malloc_info
 *fill*         0x0000000000421c67        0x9 
 .text          0x0000000000421c70       0x1f /usr/lib/gcc/x86_64-linux-gnu/9/../../../x86_64-linux-gnu/libc.a(morecore.o)
                0x0000000000421c70                __default_morecore
 *fill*         0x0000000000421c8f        0x1 
 .text          0x0000000000421c90       0x45 /usr/lib/gcc/x86_64-linux-gnu/9/../../../x86_64-linux-gnu/libc.a(strchr.o)
                0x0000000000421c90                index
                0x0000000000421c90                strchr
 *fill*         0x0000000000421cd5        0xb 
 .text          0x0000000000421ce0       0x55 /usr/lib/gcc/x86_64-linux-gnu/9/../../../x86_64-linux-gnu/libc.a(strcmp.o)
                0x0000000000421ce0                strcmp
 *fill*         0x0000000000421d35        0xb 
 .text          0x0000000000421d40       0x55 /usr/lib/gcc/x86_64-linux-gnu/9/../../../x86_64-linux-gnu/libc.a(strcpy.o)
                0x0000000000421d40                strcpy
 *fill*         0x0000000000421d95        0xb 
 .text          0x0000000000421da0       0x1e /usr/lib/gcc/x86_64-linux-gnu/9/../../../x86_64-linux-gnu/libc.a(strcspn.o)
                0x0000000000421da0                strcspn
 *fill*         0x0000000000421dbe        0x2 
 .text          0x0000000000421dc0       0x40 /usr/lib/gcc/x86_64-linux-gnu/9/../../../x86_64-linux-gnu/libc.a(strdup.o)
                0x0000000000421dc0                __strdup
                0x0000000000421dc0                strdup
 .text          0x0000000000421e00       0x35 /usr/lib/gcc/x86_64-linux-gnu/9/../../../x86_64-linux-gnu/libc.a(strlen.o)
                0x0000000000421e00                strlen
 *fill*         0x0000000000421e35        0xb 
 .text          0x0000000000421e40       0x5f /usr/lib/gcc/x86_64-linux-gnu/9/../../../x86_64-linux-gnu/libc.a(strncmp.o)
                0x0000000000421e40                strncmp
 *fill*         0x0000000000421e9f        0x1 
 .text          0x0000000000421ea0      0x7fe /usr/lib/gcc/x86_64-linux-gnu/9/../../../x86_64-linux-gnu/libc.a(strstr.o)
                0x0000000000422330                __strstr_sse2
                0x0000000000422680                strstr
                0x0000000000422680                __libc_strstr
 *fill*         0x000000000042269e        0x2 
 .text          0x00000000004226a0       0x69 /usr/lib/gcc/x86_64-linux-gnu/9/../../../x86_64-linux-gnu/libc.a(memcmp.o)
                0x00000000004226a0                bcmp
                0x00000000004226a0                memcmp
 *fill*         0x0000000000422709        0x7 
 .text          0x0000000000422710       0xba /usr/lib/gcc/x86_64-linux-gnu/9/../../../x86_64-linux-gnu/libc.a(memmove.o)
                0x0000000000422710                memmove
                0x0000000000422710                __libc_memmove
 *fill*         0x00000000004227ca        0x6 
 .text          0x00000000004227d0       0x9e /usr/lib/gcc/x86_64-linux-gnu/9/../../../x86_64-linux-gnu/libc.a(memset.o)
                0x00000000004227d0                memset
 *fill*         0x000000000042286e        0x2 
 .text          0x0000000000422870       0xba /usr/lib/gcc/x86_64-linux-gnu/9/../../../x86_64-linux-gnu/libc.a(mempcpy.o)
                0x0000000000422870                mempcpy
                0x0000000000422870                __mempcpy
 *fill*         0x000000000042292a        0x6 
 .text          0x0000000000422930       0x55 /usr/lib/gcc/x86_64-linux-gnu/9/../../../x86_64-linux-gnu/libc.a(stpcpy.o)
                0x0000000000422930                stpcpy
                0x0000000000422930                __stpcpy
 *fill*         0x0000000000422985        0xb 
 .text          0x0000000000422990       0x48 /usr/lib/gcc/x86_64-linux-gnu/9/../../../x86_64-linux-gnu/libc.a(strcasecmp_l.o)
                0x0000000000422990                strcasecmp_l
                0x0000000000422990                __strcasecmp_l
 *fill*         0x00000000004229d8        0x8 
 .text          0x00000000004229e0       0xba /usr/lib/gcc/x86_64-linux-gnu/9/../../../x86_64-linux-gnu/libc.a(memcpy.o)
                0x00000000004229e0                memcpy
                0x00000000004229e0                __new_memcpy
 *fill*         0x0000000000422a9a        0x6 
 .text          0x0000000000422aa0       0x35 /usr/lib/gcc/x86_64-linux-gnu/9/../../../x86_64-linux-gnu/libc.a(rawmemchr.o)
                0x0000000000422aa0                __rawmemchr
                0x0000000000422aa0                rawmemchr
 *fill*         0x0000000000422ad5        0xb 
 .text          0x0000000000422ae0       0x35 /usr/lib/gcc/x86_64-linux-gnu/9/../../../x86_64-linux-gnu/libc.a(strchrnul.o)
                0x0000000000422ae0                __strchrnul
                0x0000000000422ae0                strchrnul
 *fill*         0x0000000000422b15        0xb 
 .text          0x0000000000422b20     0x1449 /usr/lib/gcc/x86_64-linux-gnu/9/../../../x86_64-linux-gnu/libc.a(strcmp-sse2.o)
                0x0000000000422b20                __strcmp_sse2
 *fill*         0x0000000000423f69        0x7 
 .text          0x0000000000423f70      0x2a3 /usr/lib/gcc/x86_64-linux-gnu/9/../../../x86_64-linux-gnu/libc.a(strcmp-sse2-unaligned.o)
                0x0000000000423f70                __strcmp_sse2_unaligned
 .text          0x0000000000424213        0x0 /usr/lib/gcc/x86_64-linux-gnu/9/../../../x86_64-linux-gnu/libc.a(strcmp-ssse3.o)
 *fill*         0x0000000000424213        0xd 
 .text.ssse3    0x0000000000424220     0x1269 /usr/lib/gcc/x86_64-linux-gnu/9/../../../x86_64-linux-gnu/libc.a(strcmp-ssse3.o)
                0x0000000000424220                __strcmp_ssse3
 .text          0x0000000000425489        0x0 /usr/lib/gcc/x86_64-linux-gnu/9/../../../x86_64-linux-gnu/libc.a(strcmp-avx2.o)
 *fill*         0x0000000000425489        0x7 
 .text.avx      0x0000000000425490      0x43f /usr/lib/gcc/x86_64-linux-gnu/9/../../../x86_64-linux-gnu/libc.a(strcmp-avx2.o)
                0x0000000000425490                __strcmp_avx2
 *fill*         0x00000000004258cf        0x1 
 .text          0x00000000004258d0     0x1859 /usr/lib/gcc/x86_64-linux-gnu/9/../../../x86_64-linux-gnu/libc.a(strncmp-sse2.o)
                0x00000000004258d0                __strncmp_sse2
 .text          0x0000000000427129        0x0 /usr/lib/gcc/x86_64-linux-gnu/9/../../../x86_64-linux-gnu/libc.a(strncmp-ssse3.o)
 *fill*         0x0000000000427129        0x7 
 .text.ssse3    0x0000000000427130     0x1769 /usr/lib/gcc/x86_64-linux-gnu/9/../../../x86_64-linux-gnu/libc.a(strncmp-ssse3.o)
                0x0000000000427130                __strncmp_ssse3
 .text          0x0000000000428899        0x0 /usr/lib/gcc/x86_64-linux-gnu/9/../../../x86_64-linux-gnu/libc.a(strncmp-sse4_2.o)
 *fill*         0x0000000000428899        0x7 
 .text.sse4.2   0x00000000004288a0      0xfd9 /usr/lib/gcc/x86_64-linux-gnu/9/../../../x86_64-linux-gnu/libc.a(strncmp-sse4_2.o)
                0x00000000004288a0                __strncmp_sse42
 .text          0x0000000000429879        0x0 /usr/lib/gcc/x86_64-linux-gnu/9/../../../x86_64-linux-gnu/libc.a(strncmp-avx2.o)
 *fill*         0x0000000000429879        0x7 
 .text.avx      0x0000000000429880      0x518 /usr/lib/gcc/x86_64-linux-gnu/9/../../../x86_64-linux-gnu/libc.a(strncmp-avx2.o)
                0x0000000000429880                __strncmp_avx2
 *fill*         0x0000000000429d98        0x8 
 .text          0x0000000000429da0      0x209 /usr/lib/gcc/x86_64-linux-gnu/9/../../../x86_64-linux-gnu/libc.a(rawmemchr-sse2.o)
                0x0000000000429da0                __rawmemchr_sse2
 .text          0x0000000000429fa9        0x0 /usr/lib/gcc/x86_64-linux-gnu/9/../../../x86_64-linux-gnu/libc.a(rawmemchr-avx2.o)
 *fill*         0x0000000000429fa9        0x7 
 .text.avx      0x0000000000429fb0      0x14d /usr/lib/gcc/x86_64-linux-gnu/9/../../../x86_64-linux-gnu/libc.a(rawmemchr-avx2.o)
                0x0000000000429fb0                __rawmemchr_avx2
 *fill*         0x000000000042a0fd        0x3 
 .text          0x000000000042a100      0x400 /usr/lib/gcc/x86_64-linux-gnu/9/../../../x86_64-linux-gnu/libc.a(memcmp-sse2.o)
                0x000000000042a100                __memcmp_sse2
 .text          0x000000000042a500        0x0 /usr/lib/gcc/x86_64-linux-gnu/9/../../../x86_64-linux-gnu/libc.a(memcmp-avx2-movbe.o)
 .text.avx      0x000000000042a500      0x3d4 /usr/lib/gcc/x86_64-linux-gnu/9/../../../x86_64-linux-gnu/libc.a(memcmp-avx2-movbe.o)
                0x000000000042a500                __memcmp_avx2_movbe
 .text          0x000000000042a8d4        0x0 /usr/lib/gcc/x86_64-linux-gnu/9/../../../x86_64-linux-gnu/libc.a(memcmp-sse4.o)
 *fill*         0x000000000042a8d4        0xc 
 .text.sse4.1   0x000000000042a8e0     0x163e /usr/lib/gcc/x86_64-linux-gnu/9/../../../x86_64-linux-gnu/libc.a(memcmp-sse4.o)
                0x000000000042a8e0                __memcmp_sse4_1
 .text          0x000000000042bf1e        0x0 /usr/lib/gcc/x86_64-linux-gnu/9/../../../x86_64-linux-gnu/libc.a(memcpy-ssse3.o)
 *fill*         0x000000000042bf1e        0x2 
 .text.ssse3    0x000000000042bf20     0x29f7 /usr/lib/gcc/x86_64-linux-gnu/9/../../../x86_64-linux-gnu/libc.a(memcpy-ssse3.o)
                0x000000000042bf20                __mempcpy_chk_ssse3
                0x000000000042bf30                __mempcpy_ssse3
                0x000000000042bf40                __memcpy_chk_ssse3
                0x000000000042bf50                __memcpy_ssse3
 .text          0x000000000042e917        0x0 /usr/lib/gcc/x86_64-linux-gnu/9/../../../x86_64-linux-gnu/libc.a(memmove-ssse3.o)
 *fill*         0x000000000042e917        0x9 
 .text.ssse3    0x000000000042e920     0x2b88 /usr/lib/gcc/x86_64-linux-gnu/9/../../../x86_64-linux-gnu/libc.a(memmove-ssse3.o)
                0x000000000042e920                __memmove_chk_ssse3
                0x000000000042e930                __memmove_ssse3
 .text          0x00000000004314a8        0x0 /usr/lib/gcc/x86_64-linux-gnu/9/../../../x86_64-linux-gnu/libc.a(memcpy-ssse3-back.o)
 *fill*         0x00000000004314a8        0x8 
 .text.ssse3    0x00000000004314b0     0x2b06 /usr/lib/gcc/x86_64-linux-gnu/9/../../../x86_64-linux-gnu/libc.a(memcpy-ssse3-back.o)
                0x00000000004314b0                __mempcpy_chk_ssse3_back
                0x00000000004314c0                __mempcpy_ssse3_back
                0x00000000004314d0                __memcpy_chk_ssse3_back
                0x00000000004314e0                __memcpy_ssse3_back
 .text          0x0000000000433fb6        0x0 /usr/lib/gcc/x86_64-linux-gnu/9/../../../x86_64-linux-gnu/libc.a(memmove-ssse3-back.o)
 *fill*         0x0000000000433fb6        0xa 
 .text.ssse3    0x0000000000433fc0     0x2b26 /usr/lib/gcc/x86_64-linux-gnu/9/../../../x86_64-linux-gnu/libc.a(memmove-ssse3-back.o)
                0x0000000000433fc0                __memmove_chk_ssse3_back
                0x0000000000433fd0                __memmove_ssse3_back
 .text          0x0000000000436ae6        0x0 /usr/lib/gcc/x86_64-linux-gnu/9/../../../x86_64-linux-gnu/libc.a(memmove-avx512-no-vzeroupper.o)
 *fill*         0x0000000000436ae6        0xa 
 .text.avx512   0x0000000000436af0      0x76f /usr/lib/gcc/x86_64-linux-gnu/9/../../../x86_64-linux-gnu/libc.a(memmove-avx512-no-vzeroupper.o)
                0x0000000000436af0                __mempcpy_chk_avx512_no_vzeroupper
                0x0000000000436b00                __mempcpy_avx512_no_vzeroupper
                0x0000000000436b10                __memcpy_chk_avx512_no_vzeroupper
                0x0000000000436b10                __memmove_chk_avx512_no_vzeroupper
                0x0000000000436b20                __memcpy_avx512_no_vzeroupper
                0x0000000000436b20                __memmove_avx512_no_vzeroupper
 *fill*         0x000000000043725f        0x1 
 .text          0x0000000000437260     0x2246 /usr/lib/gcc/x86_64-linux-gnu/9/../../../x86_64-linux-gnu/libc.a(strcasecmp_l-sse2.o)
                0x0000000000437260                __strcasecmp_sse2
                0x0000000000437280                __strcasecmp_l_sse2
 .text          0x00000000004394a6        0x0 /usr/lib/gcc/x86_64-linux-gnu/9/../../../x86_64-linux-gnu/libc.a(strcasecmp_l-ssse3.o)
 *fill*         0x00000000004394a6        0xa 
 .text.ssse3    0x00000000004394b0     0x2156 /usr/lib/gcc/x86_64-linux-gnu/9/../../../x86_64-linux-gnu/libc.a(strcasecmp_l-ssse3.o)
                0x00000000004394b0                __strcasecmp_ssse3
                0x00000000004394d0                __strcasecmp_l_ssse3
 .text          0x000000000043b606        0x0 /usr/lib/gcc/x86_64-linux-gnu/9/../../../x86_64-linux-gnu/libc.a(strcasecmp_l-sse4_2.o)
 *fill*         0x000000000043b606        0xa 
 .text.sse4.2   0x000000000043b610     0x1ba6 /usr/lib/gcc/x86_64-linux-gnu/9/../../../x86_64-linux-gnu/libc.a(strcasecmp_l-sse4_2.o)
                0x000000000043b610                __strcasecmp_sse42
                0x000000000043b624                __strcasecmp_l_sse42
 .text          0x000000000043d1b6        0x0 /usr/lib/gcc/x86_64-linux-gnu/9/../../../x86_64-linux-gnu/libc.a(strcasecmp_l-avx.o)
 *fill*         0x000000000043d1b6        0xa 
 .text.avx      0x000000000043d1c0     0x1676 /usr/lib/gcc/x86_64-linux-gnu/9/../../../x86_64-linux-gnu/libc.a(strcasecmp_l-avx.o)
                0x000000000043d1c0                __strcasecmp_avx
                0x000000000043d1d4                __strcasecmp_l_avx
 *fill*         0x000000000043e836        0xa 
 .text          0x000000000043e840      0x22a /usr/lib/gcc/x86_64-linux-gnu/9/../../../x86_64-linux-gnu/libc.a(strchr-sse2.o)
                0x000000000043e840                __strchr_sse2
 *fill*         0x000000000043ea6a        0x6 
 .text          0x000000000043ea70      0x20a /usr/lib/gcc/x86_64-linux-gnu/9/../../../x86_64-linux-gnu/libc.a(strchrnul-sse2.o)
                0x000000000043ea70                __strchrnul_sse2
 .text          0x000000000043ec7a        0x0 /usr/lib/gcc/x86_64-linux-gnu/9/../../../x86_64-linux-gnu/libc.a(strchr-avx2.o)
 *fill*         0x000000000043ec7a        0x6 
 .text.avx      0x000000000043ec80      0x224 /usr/lib/gcc/x86_64-linux-gnu/9/../../../x86_64-linux-gnu/libc.a(strchr-avx2.o)
                0x000000000043ec80                __strchr_avx2
 .text          0x000000000043eea4        0x0 /usr/lib/gcc/x86_64-linux-gnu/9/../../../x86_64-linux-gnu/libc.a(strchrnul-avx2.o)
 *fill*         0x000000000043eea4        0xc 
 .text.avx      0x000000000043eeb0      0x1ed /usr/lib/gcc/x86_64-linux-gnu/9/../../../x86_64-linux-gnu/libc.a(strchrnul-avx2.o)
                0x000000000043eeb0                __strchrnul_avx2
 *fill*         0x000000000043f09d        0x3 
 .text          0x000000000043f0a0      0x19c /usr/lib/gcc/x86_64-linux-gnu/9/../../../x86_64-linux-gnu/libc.a(strlen-sse2.o)
                0x000000000043f0a0                __strlen_sse2
 .text          0x000000000043f23c        0x0 /usr/lib/gcc/x86_64-linux-gnu/9/../../../x86_64-linux-gnu/libc.a(strlen-avx2.o)
 *fill*         0x000000000043f23c        0x4 
 .text.avx      0x000000000043f240      0x19e /usr/lib/gcc/x86_64-linux-gnu/9/../../../x86_64-linux-gnu/libc.a(strlen-avx2.o)
                0x000000000043f240                __strlen_avx2
 .text          0x000000000043f3de        0x0 /usr/lib/gcc/x86_64-linux-gnu/9/../../../x86_64-linux-gnu/libc.a(strcpy-avx2.o)
 *fill*         0x000000000043f3de        0x2 
 .text.avx      0x000000000043f3e0      0x388 /usr/lib/gcc/x86_64-linux-gnu/9/../../../x86_64-linux-gnu/libc.a(strcpy-avx2.o)
                0x000000000043f3e0                __strcpy_avx2
 *fill*         0x000000000043f768        0x8 
 .text          0x000000000043f770       0xec /usr/lib/gcc/x86_64-linux-gnu/9/../../../x86_64-linux-gnu/libc.a(strcpy-sse2.o)
                0x000000000043f770                __strcpy_sse2
 *fill*         0x000000000043f85c        0x4 
 .text          0x000000000043f860       0xec /usr/lib/gcc/x86_64-linux-gnu/9/../../../x86_64-linux-gnu/libc.a(stpcpy-sse2.o)
                0x000000000043f860                __stpcpy_sse2
 .text          0x000000000043f94c        0x0 /usr/lib/gcc/x86_64-linux-gnu/9/../../../x86_64-linux-gnu/libc.a(strcpy-ssse3.o)
 *fill*         0x000000000043f94c        0x4 
 .text.ssse3    0x000000000043f950     0x17a2 /usr/lib/gcc/x86_64-linux-gnu/9/../../../x86_64-linux-gnu/libc.a(strcpy-ssse3.o)
                0x000000000043f950                __strcpy_ssse3
 .text          0x00000000004410f2        0x0 /usr/lib/gcc/x86_64-linux-gnu/9/../../../x86_64-linux-gnu/libc.a(stpcpy-ssse3.o)
 *fill*         0x00000000004410f2        0xe 
 .text.ssse3    0x0000000000441100     0x1803 /usr/lib/gcc/x86_64-linux-gnu/9/../../../x86_64-linux-gnu/libc.a(stpcpy-ssse3.o)
                0x0000000000441100                __stpcpy_ssse3
 *fill*         0x0000000000442903        0xd 
 .text          0x0000000000442910      0x630 /usr/lib/gcc/x86_64-linux-gnu/9/../../../x86_64-linux-gnu/libc.a(strcpy-sse2-unaligned.o)
                0x0000000000442910                __strcpy_sse2_unaligned
 .text          0x0000000000442f40      0x6c0 /usr/lib/gcc/x86_64-linux-gnu/9/../../../x86_64-linux-gnu/libc.a(stpcpy-sse2-unaligned.o)
                0x0000000000442f40                __stpcpy_sse2_unaligned
 .text          0x0000000000443600        0x0 /usr/lib/gcc/x86_64-linux-gnu/9/../../../x86_64-linux-gnu/libc.a(stpcpy-avx2.o)
 .text.avx      0x0000000000443600      0x3ac /usr/lib/gcc/x86_64-linux-gnu/9/../../../x86_64-linux-gnu/libc.a(stpcpy-avx2.o)
                0x0000000000443600                __stpcpy_avx2
 .text          0x00000000004439ac        0x0 /usr/lib/gcc/x86_64-linux-gnu/9/../../../x86_64-linux-gnu/libc.a(strchr-sse2-no-bsf.o)
 *fill*         0x00000000004439ac        0x4 
 .text.atom     0x00000000004439b0      0x315 /usr/lib/gcc/x86_64-linux-gnu/9/../../../x86_64-linux-gnu/libc.a(strchr-sse2-no-bsf.o)
                0x00000000004439b0                __strchr_sse2_no_bsf
 .text          0x0000000000443cc5        0x0 /usr/lib/gcc/x86_64-linux-gnu/9/../../../x86_64-linux-gnu/libc.a(memcmp-ssse3.o)
 *fill*         0x0000000000443cc5        0xb 
 .text.atom     0x0000000000443cd0     0x1763 /usr/lib/gcc/x86_64-linux-gnu/9/../../../x86_64-linux-gnu/libc.a(memcmp-ssse3.o)
                0x0000000000443cd0                __memcmp_ssse3
 *fill*         0x0000000000445433        0xd 
 .text          0x0000000000445440      0x493 /usr/lib/gcc/x86_64-linux-gnu/9/../../../x86_64-linux-gnu/libc.a(strstr-sse2-unaligned.o)
                0x0000000000445440                __strstr_sse2_unaligned
 *fill*         0x00000000004458d3        0xd 
 .text          0x00000000004458e0       0xa7 /usr/lib/gcc/x86_64-linux-gnu/9/../../../x86_64-linux-gnu/libc.a(strcspn-sse2.o)
                0x00000000004458e0                __strcspn_sse2
 .text          0x0000000000445987        0x0 /usr/lib/gcc/x86_64-linux-gnu/9/../../../x86_64-linux-gnu/libc.a(strcspn-c.o)
 *fill*         0x0000000000445987        0x9 
 .text.sse4.2   0x0000000000445990      0x13f /usr/lib/gcc/x86_64-linux-gnu/9/../../../x86_64-linux-gnu/libc.a(strcspn-c.o)
                0x0000000000445990                __strcspn_sse42
 .text          0x0000000000445acf        0x0 /usr/lib/gcc/x86_64-linux-gnu/9/../../../x86_64-linux-gnu/libc.a(varshift.o)
 .text          0x0000000000445acf        0x0 /usr/lib/gcc/x86_64-linux-gnu/9/../../../x86_64-linux-gnu/libc.a(memset-avx512-no-vzeroupper.o)
 *fill*         0x0000000000445acf        0x1 
 .text.avx512   0x0000000000445ad0      0x284 /usr/lib/gcc/x86_64-linux-gnu/9/../../../x86_64-linux-gnu/libc.a(memset-avx512-no-vzeroupper.o)
                0x0000000000445ad0                __memset_chk_avx512_no_vzeroupper
                0x0000000000445ae0                __memset_avx512_no_vzeroupper
 *fill*         0x0000000000445d54        0xc 
 .text          0x0000000000445d60      0x3cd /usr/lib/gcc/x86_64-linux-gnu/9/../../../x86_64-linux-gnu/libc.a(memmove-sse2-unaligned-erms.o)
                0x0000000000445d60                __mempcpy_sse2_unaligned
                0x0000000000445d70                __memmove_sse2_unaligned
                0x0000000000445d70                __memcpy_sse2_unaligned
                0x0000000000445da0                __mempcpy_chk_erms
                0x0000000000445db0                __mempcpy_erms
                0x0000000000445dd0                __memcpy_chk_erms
                0x0000000000445dd0                __memmove_chk_erms
                0x0000000000445de0                __memmove_erms
                0x0000000000445de0                __memcpy_erms
                0x0000000000445e20                __mempcpy_sse2_unaligned_erms
                0x0000000000445e30                __memmove_sse2_unaligned_erms
                0x0000000000445e30                __memcpy_sse2_unaligned_erms
 .text          0x000000000044612d        0x0 /usr/lib/gcc/x86_64-linux-gnu/9/../../../x86_64-linux-gnu/libc.a(memmove-avx-unaligned-erms.o)
 *fill*         0x000000000044612d        0x3 
 .text.avx      0x0000000000446130      0x438 /usr/lib/gcc/x86_64-linux-gnu/9/../../../x86_64-linux-gnu/libc.a(memmove-avx-unaligned-erms.o)
                0x0000000000446130                __mempcpy_avx_unaligned
                0x0000000000446140                __memcpy_avx_unaligned
                0x0000000000446140                __memmove_avx_unaligned
                0x0000000000446180                __mempcpy_avx_unaligned_erms
                0x0000000000446190                __memcpy_avx_unaligned_erms
                0x0000000000446190                __memmove_avx_unaligned_erms
 .text          0x0000000000446568        0x0 /usr/lib/gcc/x86_64-linux-gnu/9/../../../x86_64-linux-gnu/libc.a(memmove-avx512-unaligned-erms.o)
 *fill*         0x0000000000446568        0x8 
 .text.avx512   0x0000000000446570      0x540 /usr/lib/gcc/x86_64-linux-gnu/9/../../../x86_64-linux-gnu/libc.a(memmove-avx512-unaligned-erms.o)
                0x0000000000446570                __mempcpy_avx512_unaligned
                0x0000000000446580                __memmove_avx512_unaligned
                0x0000000000446580                __memcpy_avx512_unaligned
                0x00000000004465c0                __mempcpy_avx512_unaligned_erms
                0x00000000004465d0                __memmove_avx512_unaligned_erms
                0x00000000004465d0                __memcpy_avx512_unaligned_erms
 .text          0x0000000000446ab0      0x187 /usr/lib/gcc/x86_64-linux-gnu/9/../../../x86_64-linux-gnu/libc.a(memset-sse2-unaligned-erms.o)
                0x0000000000446ab0                __bzero
                0x0000000000446ab0                bzero
                0x0000000000446ac0                __wmemset_sse2_unaligned
                0x0000000000446ae0                __memset_sse2_unaligned
                0x0000000000446b20                __memset_chk_erms
                0x0000000000446b30                __memset_erms
                0x0000000000446b50                __memset_sse2_unaligned_erms
 .text          0x0000000000446c37        0x0 /usr/lib/gcc/x86_64-linux-gnu/9/../../../x86_64-linux-gnu/libc.a(memset-avx2-unaligned-erms.o)
 *fill*         0x0000000000446c37        0x9 
 .text.avx      0x0000000000446c40      0x17f /usr/lib/gcc/x86_64-linux-gnu/9/../../../x86_64-linux-gnu/libc.a(memset-avx2-unaligned-erms.o)
                0x0000000000446c40                __wmemset_avx2_unaligned
                0x0000000000446c60                __memset_avx2_unaligned
                0x0000000000446c90                __memset_avx2_erms
                0x0000000000446cb0                __memset_avx2_unaligned_erms
 .text          0x0000000000446dbf        0x0 /usr/lib/gcc/x86_64-linux-gnu/9/../../../x86_64-linux-gnu/libc.a(memset-avx512-unaligned-erms.o)
 *fill*         0x0000000000446dbf        0x1 
 .text.avx512   0x0000000000446dc0      0x1d5 /usr/lib/gcc/x86_64-linux-gnu/9/../../../x86_64-linux-gnu/libc.a(memset-avx512-unaligned-erms.o)
                0x0000000000446dc0                __wmemset_avx512_unaligned
                0x0000000000446de0                __memset_avx512_unaligned
                0x0000000000446e20                __memset_avx512_erms
                0x0000000000446e40                __memset_avx512_unaligned_erms
 *fill*         0x0000000000446f95        0xb 
 .text          0x0000000000446fa0      0x69d /usr/lib/gcc/x86_64-linux-gnu/9/../../../x86_64-linux-gnu/libc.a(cacheinfo.o)
                0x0000000000447610                __cache_sysconf
 *fill*         0x000000000044763d        0x3 
 .text          0x0000000000447640       0x43 /usr/lib/gcc/x86_64-linux-gnu/9/../../../x86_64-linux-gnu/libc.a(strcasecmp_l-nonascii.o)
                0x0000000000447640                __strcasecmp_l_nonascii
 *fill*         0x0000000000447683        0xd 
 .text          0x0000000000447690        0xd /usr/lib/gcc/x86_64-linux-gnu/9/../../../x86_64-linux-gnu/libc.a(wmempcpy.o)
                0x0000000000447690                wmempcpy
                0x0000000000447690                __wmempcpy
 *fill*         0x000000000044769d        0x3 
 .text          0x00000000004476a0       0x22 /usr/lib/gcc/x86_64-linux-gnu/9/../../../x86_64-linux-gnu/libc.a(mbsrtowcs.o)
                0x00000000004476a0                mbsrtowcs
                0x00000000004476a0                __mbsrtowcs
 *fill*         0x00000000004476c2        0xe 
 .text          0x00000000004476d0      0x704 /usr/lib/gcc/x86_64-linux-gnu/9/../../../x86_64-linux-gnu/libc.a(wcsmbsload.o)
                0x00000000004476d0                _nl_cleanup_ctype
                0x0000000000447720                __wcsmbs_getfct
                0x00000000004477a0                __wcsmbs_load_conv
                0x0000000000447b80                __wcsmbs_clone_conv
                0x0000000000447cd0                __wcsmbs_named_conv
 *fill*         0x0000000000447dd4        0xc 
 .text          0x0000000000447de0      0x365 /usr/lib/gcc/x86_64-linux-gnu/9/../../../x86_64-linux-gnu/libc.a(mbsrtowcs_l.o)
                0x0000000000447de0                __mbsrtowcs_l
 *fill*         0x0000000000448145        0xb 
 .text          0x0000000000448150       0x58 /usr/lib/gcc/x86_64-linux-gnu/9/../../../x86_64-linux-gnu/libc.a(_exit.o)
                0x0000000000448150                _Exit
                0x0000000000448150                _exit
 *fill*         0x00000000004481a8        0x8 
 .text          0x00000000004481b0      0x4f8 /usr/lib/gcc/x86_64-linux-gnu/9/../../../x86_64-linux-gnu/libc.a(sysconf.o)
                0x00000000004482f0                sysconf
                0x00000000004482f0                __sysconf
 *fill*         0x00000000004486a8        0x8 
 .text          0x00000000004486b0       0x25 /usr/lib/gcc/x86_64-linux-gnu/9/../../../x86_64-linux-gnu/libc.a(sched_yield.o)
                0x00000000004486b0                __sched_yield
                0x00000000004486b0                sched_yield
 *fill*         0x00000000004486d5        0xb 
 .text          0x00000000004486e0       0x56 /usr/lib/gcc/x86_64-linux-gnu/9/../../../x86_64-linux-gnu/libc.a(get_child_max.o)
                0x00000000004486e0                __get_child_max
 .text          0x0000000000448736        0x0 /usr/lib/gcc/x86_64-linux-gnu/9/../../../x86_64-linux-gnu/libc.a(environ.o)
 *fill*         0x0000000000448736        0xa 
 .text          0x0000000000448740       0x54 /usr/lib/gcc/x86_64-linux-gnu/9/../../../x86_64-linux-gnu/libc.a(xstat.o)
                0x0000000000448740                _xstat
                0x0000000000448740                __xstat64
                0x0000000000448740                __xstat
 *fill*         0x0000000000448794        0xc 
 .text          0x00000000004487a0       0x54 /usr/lib/gcc/x86_64-linux-gnu/9/../../../x86_64-linux-gnu/libc.a(fxstat.o)
                0x00000000004487a0                __fxstat64
                0x00000000004487a0                _fxstat
                0x00000000004487a0                __fxstat
 *fill*         0x00000000004487f4        0xc 
 .text          0x0000000000448800      0x126 /usr/lib/gcc/x86_64-linux-gnu/9/../../../x86_64-linux-gnu/libc.a(open64.o)
                0x0000000000448800                __open
                0x0000000000448800                __libc_open64
                0x0000000000448800                __libc_open
                0x0000000000448800                open64
                0x0000000000448800                open
                0x0000000000448800                __open64
 *fill*         0x0000000000448926        0xa 
 .text          0x0000000000448930       0x99 /usr/lib/gcc/x86_64-linux-gnu/9/../../../x86_64-linux-gnu/libc.a(read.o)
                0x0000000000448930                __read
                0x0000000000448930                __libc_read
                0x0000000000448930                read
 *fill*         0x00000000004489c9        0x7 
 .text          0x00000000004489d0       0x99 /usr/lib/gcc/x86_64-linux-gnu/9/../../../x86_64-linux-gnu/libc.a(write.o)
                0x00000000004489d0                __write
                0x00000000004489d0                write
                0x00000000004489d0                __libc_write
 *fill*         0x0000000000448a69        0x7 
 .text          0x0000000000448a70       0x2c /usr/lib/gcc/x86_64-linux-gnu/9/../../../x86_64-linux-gnu/libc.a(lseek64.o)
                0x0000000000448a70                __lseek64
                0x0000000000448a70                lseek
                0x0000000000448a70                __libc_lseek64
                0x0000000000448a70                __lseek
                0x0000000000448a70                __libc_lseek
                0x0000000000448a70                lseek64
 *fill*         0x0000000000448a9c        0x4 
 .text          0x0000000000448aa0      0x753 /usr/lib/gcc/x86_64-linux-gnu/9/../../../x86_64-linux-gnu/libc.a(getcwd.o)
                0x0000000000448aa0                __getcwd
                0x0000000000448aa0                getcwd
 *fill*         0x00000000004491f3        0xd 
 .text          0x0000000000449200       0x2a /usr/lib/gcc/x86_64-linux-gnu/9/../../../x86_64-linux-gnu/libc.a(close_nocancel.o)
                0x0000000000449200                __close_nocancel
 *fill*         0x000000000044922a        0x6 
 .text          0x0000000000449230      0x138 /usr/lib/gcc/x86_64-linux-gnu/9/../../../x86_64-linux-gnu/libc.a(fcntl_nocancel.o)
                0x0000000000449230                __fcntl64_nocancel
                0x00000000004492e0                __fcntl64_nocancel_adjusted
 *fill*         0x0000000000449368        0x8 
 .text          0x0000000000449370       0xb0 /usr/lib/gcc/x86_64-linux-gnu/9/../../../x86_64-linux-gnu/libc.a(open64_nocancel.o)
                0x0000000000449370                __open_nocancel
                0x0000000000449370                __open64_nocancel
 .text          0x0000000000449420       0xa0 /usr/lib/gcc/x86_64-linux-gnu/9/../../../x86_64-linux-gnu/libc.a(openat64_nocancel.o)
                0x0000000000449420                __openat64_nocancel
                0x0000000000449420                __openat_nocancel
 .text          0x00000000004494c0       0x2c /usr/lib/gcc/x86_64-linux-gnu/9/../../../x86_64-linux-gnu/libc.a(read_nocancel.o)
                0x00000000004494c0                __read_nocancel
 *fill*         0x00000000004494ec        0x4 
 .text          0x00000000004494f0       0x2c /usr/lib/gcc/x86_64-linux-gnu/9/../../../x86_64-linux-gnu/libc.a(write_nocancel.o)
                0x00000000004494f0                __write_nocancel
 *fill*         0x000000000044951c        0x4 
 .text          0x0000000000449520       0x32 /usr/lib/gcc/x86_64-linux-gnu/9/../../../x86_64-linux-gnu/libc.a(getrlimit64.o)
                0x0000000000449520                getrlimit
                0x0000000000449520                getrlimit64
                0x0000000000449520                __getrlimit
                0x0000000000449520                __GI___getrlimit
                0x0000000000449520                __GI_getrlimit
                0x0000000000449520                __getrlimit64
 *fill*         0x0000000000449552        0xe 
 .text          0x0000000000449560       0xa0 /usr/lib/gcc/x86_64-linux-gnu/9/../../../x86_64-linux-gnu/libc.a(sbrk.o)
                0x0000000000449560                sbrk
                0x0000000000449560                __sbrk
 .text          0x0000000000449600       0x31 /usr/lib/gcc/x86_64-linux-gnu/9/../../../x86_64-linux-gnu/libc.a(getpagesize.o)
                0x0000000000449600                getpagesize
                0x0000000000449600                __getpagesize
 *fill*         0x0000000000449631        0xf 
 .text          0x0000000000449640       0x4a /usr/lib/gcc/x86_64-linux-gnu/9/../../../x86_64-linux-gnu/libc.a(getdtsz.o)
                0x0000000000449640                __getdtablesize
                0x0000000000449640                getdtablesize
 *fill*         0x000000000044968a        0x6 
 .text          0x0000000000449690       0xa5 /usr/lib/gcc/x86_64-linux-gnu/9/../../../x86_64-linux-gnu/libc.a(mmap64.o)
                0x0000000000449690                __mmap
                0x0000000000449690                mmap
                0x0000000000449690                __mmap64
                0x0000000000449690                mmap64
 *fill*         0x0000000000449735        0xb 
 .text          0x0000000000449740       0x25 /usr/lib/gcc/x86_64-linux-gnu/9/../../../x86_64-linux-gnu/libc.a(munmap.o)
                0x0000000000449740                munmap
                0x0000000000449740                __munmap
 *fill*         0x0000000000449765        0xb 
 .text          0x0000000000449770       0x25 /usr/lib/gcc/x86_64-linux-gnu/9/../../../x86_64-linux-gnu/libc.a(mprotect.o)
                0x0000000000449770                __mprotect
                0x0000000000449770                mprotect
 *fill*         0x0000000000449795        0xb 
 .text          0x00000000004497a0       0x25 /usr/lib/gcc/x86_64-linux-gnu/9/../../../x86_64-linux-gnu/libc.a(madvise.o)
                0x00000000004497a0                madvise
                0x00000000004497a0                __madvise
 *fill*         0x00000000004497c5        0xb 
 .text          0x00000000004497d0     0x1ff0 /usr/lib/gcc/x86_64-linux-gnu/9/../../../x86_64-linux-gnu/libc.a(tsearch.o)
                0x0000000000449940                tsearch
                0x0000000000449940                __tsearch
                0x0000000000449d40                tfind
                0x0000000000449d40                __tfind
                0x0000000000449dc0                tdelete
                0x0000000000449dc0                __tdelete
                0x000000000044a430                __twalk
                0x000000000044a430                twalk
                0x000000000044a4e0                twalk_r
                0x000000000044a4e0                __twalk_r
                0x000000000044a590                __tdestroy
                0x000000000044a590                tdestroy
 .text          0x000000000044b7c0      0x6bb /usr/lib/gcc/x86_64-linux-gnu/9/../../../x86_64-linux-gnu/libc.a(getsysstats.o)
                0x000000000044b950                __get_nprocs
                0x000000000044b950                get_nprocs
                0x000000000044bc80                __get_nprocs_conf
                0x000000000044bc80                get_nprocs_conf
                0x000000000044bd60                get_phys_pages
                0x000000000044bd60                __get_phys_pages
                0x000000000044bdf0                get_avphys_pages
                0x000000000044bdf0                __get_avphys_pages
 *fill*         0x000000000044be7b        0x5 
 .text          0x000000000044be80       0x15 /usr/lib/gcc/x86_64-linux-gnu/9/../../../x86_64-linux-gnu/libc.a(getclktck.o)
                0x000000000044be80                __getclktck
 *fill*         0x000000000044be95        0xb 
 .text          0x000000000044bea0       0x51 /usr/lib/gcc/x86_64-linux-gnu/9/../../../x86_64-linux-gnu/libc.a(init-misc.o)
                0x000000000044bea0                __init_misc
 *fill*         0x000000000044bef1        0xf 
 .text          0x000000000044bf00       0x28 /usr/lib/gcc/x86_64-linux-gnu/9/../../../x86_64-linux-gnu/libc.a(mremap.o)
                0x000000000044bf00                mremap
                0x000000000044bf00                __mremap
 *fill*         0x000000000044bf28        0x8 
 .text          0x000000000044bf30       0x25 /usr/lib/gcc/x86_64-linux-gnu/9/../../../x86_64-linux-gnu/libc.a(sysinfo.o)
                0x000000000044bf30                sysinfo
                0x000000000044bf30                __sysinfo
 *fill*         0x000000000044bf55        0xb 
 .text          0x000000000044bf60       0x16 /usr/lib/gcc/x86_64-linux-gnu/9/../../../x86_64-linux-gnu/libc.a(chk_fail.o)
                0x000000000044bf60                __chk_fail
 *fill*         0x000000000044bf76        0xa 
 .text          0x000000000044bf80       0x16 /usr/lib/gcc/x86_64-linux-gnu/9/../../../x86_64-linux-gnu/libc.a(stack_chk_fail.o)
                0x000000000044bf80                __stack_chk_fail_local
                0x000000000044bf80                __stack_chk_fail
 *fill*         0x000000000044bf96        0xa 
 .text          0x000000000044bfa0       0x2c /usr/lib/gcc/x86_64-linux-gnu/9/../../../x86_64-linux-gnu/libc.a(fortify_fail.o)
                0x000000000044bfa0                __fortify_fail
 *fill*         0x000000000044bfcc        0x4 
 .text          0x000000000044bfd0       0x8c /usr/lib/gcc/x86_64-linux-gnu/9/../../../x86_64-linux-gnu/libc.a(dl-debug.o)
                0x000000000044bfd0                _dl_debug_state
                0x000000000044bfe0                _dl_debug_initialize
 *fill*         0x000000000044c05c        0x4 
 .text          0x000000000044c060      0x6bd /usr/lib/gcc/x86_64-linux-gnu/9/../../../x86_64-linux-gnu/libc.a(dl-tunables.o)
                0x000000000044c0b0                __tunable_set_val
                0x000000000044c120                __tunables_init
                0x000000000044c6b0                __tunable_get_val
 *fill*         0x000000000044c71d        0x3 
 .text          0x000000000044c720     0x115c /usr/lib/gcc/x86_64-linux-gnu/9/../../../x86_64-linux-gnu/libc.a(dl-support.o)
                0x000000000044c720                _dl_aux_init
                0x000000000044cb40                _dl_non_dynamic_init
                0x000000000044d870                _dl_get_dl_main_map
 *fill*         0x000000000044d87c        0x4 
 .text          0x000000000044d880       0x4e /usr/lib/gcc/x86_64-linux-gnu/9/../../../x86_64-linux-gnu/libc.a(enbl-secure.o)
                0x000000000044d880                __libc_init_secure
 *fill*         0x000000000044d8ce        0x2 
 .text          0x000000000044d8d0       0x31 /usr/lib/gcc/x86_64-linux-gnu/9/../../../x86_64-linux-gnu/libc.a(dl-profstub.o)
                0x000000000044d8d0                _dl_mcount_wrapper
                0x000000000044d8e0                _dl_mcount_wrapper_check
 *fill*         0x000000000044d901        0xf 
 .text          0x000000000044d910      0xe3c /usr/lib/gcc/x86_64-linux-gnu/9/../../../x86_64-linux-gnu/libc.a(dl-sysdep.o)
                0x000000000044d910                _dl_tunable_set_hwcaps
                0x000000000044e500                _dl_tunable_set_x86_ibt
                0x000000000044e5a0                _dl_tunable_set_x86_shstk
                0x000000000044e640                _dl_discover_osversion
 *fill*         0x000000000044e74c        0x4 
 .text          0x000000000044e750       0x81 /usr/lib/gcc/x86_64-linux-gnu/9/../../../x86_64-linux-gnu/libc.a(init-first.o)
                0x000000000044e750                __libc_init_first
 *fill*         0x000000000044e7d1        0xf 
 .text          0x000000000044e7e0      0x676 /usr/lib/gcc/x86_64-linux-gnu/9/../../../x86_64-linux-gnu/libc.a(gconv_open.o)
                0x000000000044e7e0                __gconv_open
 *fill*         0x000000000044ee56        0xa 
 .text          0x000000000044ee60      0x212 /usr/lib/gcc/x86_64-linux-gnu/9/../../../x86_64-linux-gnu/libc.a(gconv.o)
                0x000000000044ee60                __gconv
 *fill*         0x000000000044f072        0xe 
 .text          0x000000000044f080       0x5a /usr/lib/gcc/x86_64-linux-gnu/9/../../../x86_64-linux-gnu/libc.a(gconv_close.o)
                0x000000000044f080                __gconv_close
 *fill*         0x000000000044f0da        0x6 
 .text          0x000000000044f0e0     0x12be /usr/lib/gcc/x86_64-linux-gnu/9/../../../x86_64-linux-gnu/libc.a(gconv_db.o)
                0x000000000044f0e0                __gconv_alias_compare
                0x000000000044fdc0                __gconv_get_modules_db
                0x000000000044fdd0                __gconv_get_alias_db
                0x000000000044fde0                __gconv_release_step
                0x000000000044fe60                __gconv_compare_alias
                0x000000000044ff40                __gconv_find_transform
                0x0000000000450250                __gconv_close_transform
 *fill*         0x000000000045039e        0x2 
 .text          0x00000000004503a0      0xedd /usr/lib/gcc/x86_64-linux-gnu/9/../../../x86_64-linux-gnu/libc.a(gconv_conf.o)
                0x0000000000451230                __gconv_load_conf
 *fill*         0x000000000045127d        0x3 
 .text          0x0000000000451280      0x265 /usr/lib/gcc/x86_64-linux-gnu/9/../../../x86_64-linux-gnu/libc.a(gconv_builtin.o)
                0x0000000000451280                __gconv_get_builtin_trans
 *fill*         0x00000000004514e5        0xb 
 .text          0x00000000004514f0     0x7b74 /usr/lib/gcc/x86_64-linux-gnu/9/../../../x86_64-linux-gnu/libc.a(gconv_simple.o)
                0x00000000004514f0                __gconv_btwoc_ascii
                0x0000000000451510                __gconv_transform_internal_ucs4
                0x0000000000451ae0                __gconv_transform_ucs4_internal
                0x00000000004522d0                __gconv_transform_internal_ucs4le
                0x0000000000452880                __gconv_transform_ucs4le_internal
                0x00000000004530c0                __gconv_transform_ascii_internal
                0x00000000004536d0                __gconv_transform_internal_ascii
                0x0000000000454330                __gconv_transform_internal_utf8
                0x00000000004551c0                __gconv_transform_utf8_internal
                0x00000000004561d0                __gconv_transform_ucs2_internal
                0x0000000000456be0                __gconv_transform_internal_ucs2
                0x0000000000457920                __gconv_transform_ucs2reverse_internal
                0x0000000000458340                __gconv_transform_internal_ucs2reverse
 *fill*         0x0000000000459064        0xc 
 .text          0x0000000000459070      0x4bd /usr/lib/gcc/x86_64-linux-gnu/9/../../../x86_64-linux-gnu/libc.a(gconv_trans.o)
                0x0000000000459070                __gconv_transliterate
 *fill*         0x000000000045952d        0x3 
 .text          0x0000000000459530      0xa09 /usr/lib/gcc/x86_64-linux-gnu/9/../../../x86_64-linux-gnu/libc.a(gconv_cache.o)
                0x0000000000459770                __gconv_get_cache
                0x0000000000459780                __gconv_load_cache
                0x00000000004599a0                __gconv_compare_alias_cache
                0x0000000000459a40                __gconv_lookup_cache
                0x0000000000459f20                __gconv_release_cache
 *fill*         0x0000000000459f39        0x7 
 .text          0x0000000000459f40      0x2aa /usr/lib/gcc/x86_64-linux-gnu/9/../../../x86_64-linux-gnu/libc.a(gconv_dl.o)
                0x0000000000459fd0                __gconv_find_shlib
                0x000000000045a1d0                __gconv_release_shlib
 *fill*         0x000000000045a1ea        0x6 
 .text          0x000000000045a1f0      0xb7b /usr/lib/gcc/x86_64-linux-gnu/9/../../../x86_64-linux-gnu/libc.a(setlocale.o)
                0x000000000045a460                setlocale
 *fill*         0x000000000045ad6b        0x5 
 .text          0x000000000045ad70      0x851 /usr/lib/gcc/x86_64-linux-gnu/9/../../../x86_64-linux-gnu/libc.a(findlocale.o)
                0x000000000045ae60                _nl_find_locale
                0x000000000045b570                _nl_remove_locale
 *fill*         0x000000000045b5c1        0xf 
 .text          0x000000000045b5d0      0x5fe /usr/lib/gcc/x86_64-linux-gnu/9/../../../x86_64-linux-gnu/libc.a(loadlocale.o)
                0x000000000045b5d0                _nl_intern_locale_data
                0x000000000045b7c0                _nl_load_locale
                0x000000000045bb70                _nl_unload_locale
 *fill*         0x000000000045bbce        0x2 
 .text          0x000000000045bbd0      0x6b6 /usr/lib/gcc/x86_64-linux-gnu/9/../../../x86_64-linux-gnu/libc.a(loadarchive.o)
                0x000000000045bbd0                _nl_load_locale_from_archive
 *fill*         0x000000000045c286        0xa 
 .text          0x000000000045c290       0x7a /usr/lib/gcc/x86_64-linux-gnu/9/../../../x86_64-linux-gnu/libc.a(lc-ctype.o)
                0x000000000045c290                _nl_postload_ctype
 .text          0x000000000045c30a        0x0 /usr/lib/gcc/x86_64-linux-gnu/9/../../../x86_64-linux-gnu/libc.a(C-ctype.o)
 .text          0x000000000045c30a        0x0 /usr/lib/gcc/x86_64-linux-gnu/9/../../../x86_64-linux-gnu/libc.a(SYS_libc.o)
 .text          0x000000000045c30a        0x0 /usr/lib/gcc/x86_64-linux-gnu/9/../../../x86_64-linux-gnu/libc.a(C_name.o)
 .text          0x000000000045c30a        0x0 /usr/lib/gcc/x86_64-linux-gnu/9/../../../x86_64-linux-gnu/libc.a(xlocale.o)
 *fill*         0x000000000045c30a        0x6 
 .text          0x000000000045c310       0x1b /usr/lib/gcc/x86_64-linux-gnu/9/../../../x86_64-linux-gnu/libc.a(localename.o)
                0x000000000045c310                __current_locale_name
 .text          0x000000000045c32b        0x0 /usr/lib/gcc/x86_64-linux-gnu/9/../../../x86_64-linux-gnu/libc.a(global-locale.o)
 *fill*         0x000000000045c32b        0x5 
 .text          0x000000000045c330       0xb4 /usr/lib/gcc/x86_64-linux-gnu/9/../../../x86_64-linux-gnu/libc.a(ctype-info.o)
                0x000000000045c330                __ctype_b_loc
                0x000000000045c350                __ctype_toupper_loc
                0x000000000045c370                __ctype_tolower_loc
                0x000000000045c390                __ctype_init
 *fill*         0x000000000045c3e4        0xc 
 .text          0x000000000045c3f0       0x51 /usr/lib/gcc/x86_64-linux-gnu/9/../../../x86_64-linux-gnu/libc.a(setfpucw.o)
                0x000000000045c3f0                __setfpucw
 .text          0x000000000045c441        0x0 /usr/lib/gcc/x86_64-linux-gnu/9/../../../x86_64-linux-gnu/libc.a(fpu_control.o)
 *fill*         0x000000000045c441        0xf 
 .text          0x000000000045c450       0x67 /usr/lib/gcc/x86_64-linux-gnu/9/../../../x86_64-linux-gnu/libc.a(setjmp.o)
                0x000000000045c450                __sigsetjmp
 *fill*         0x000000000045c4b7        0x9 
 .text          0x000000000045c4c0       0x34 /usr/lib/gcc/x86_64-linux-gnu/9/../../../x86_64-linux-gnu/libc.a(sigjmp.o)
                0x000000000045c4c0                __sigjmp_save
 *fill*         0x000000000045c4f4        0xc 
 .text          0x000000000045c500      0x234 /usr/lib/gcc/x86_64-linux-gnu/9/../../../x86_64-linux-gnu/libc.a(sigaction.o)
                0x000000000045c520                __libc_sigaction
                0x000000000045c700                sigaction
                0x000000000045c700                __sigaction
 *fill*         0x000000000045c734        0xc 
 .text          0x000000000045c740      0x10b /usr/lib/gcc/x86_64-linux-gnu/9/../../../x86_64-linux-gnu/libc.a(sigprocmask.o)
                0x000000000045c740                __sigprocmask
                0x000000000045c740                sigprocmask
 *fill*         0x000000000045c84b        0x5 
 .text          0x000000000045c850      0xfc5 /usr/lib/gcc/x86_64-linux-gnu/9/../../../x86_64-linux-gnu/libc.a(qsort.o)
                0x000000000045c850                _quicksort
 *fill*         0x000000000045d815        0xb 
 .text          0x000000000045d820      0x68e /usr/lib/gcc/x86_64-linux-gnu/9/../../../x86_64-linux-gnu/libc.a(setenv.o)
                0x000000000045d820                __add_to_environ
                0x000000000045dc20                setenv
                0x000000000045dc20                __setenv
                0x000000000045dc80                unsetenv
                0x000000000045dc80                __unsetenv
                0x000000000045dde0                clearenv
                0x000000000045dde0                __clearenv
 *fill*         0x000000000045deae        0x2 
 .text          0x000000000045deb0       0x1b /usr/lib/gcc/x86_64-linux-gnu/9/../../../x86_64-linux-gnu/libc.a(secure-getenv.o)
                0x000000000045deb0                secure_getenv
                0x000000000045deb0                __libc_secure_getenv
 *fill*         0x000000000045decb        0x5 
 .text          0x000000000045ded0       0x36 /usr/lib/gcc/x86_64-linux-gnu/9/../../../x86_64-linux-gnu/libc.a(strtol.o)
                0x000000000045ded0                __strtol_internal
                0x000000000045ded0                __strtoll_internal
                0x000000000045def0                strtoll
                0x000000000045def0                strtoq
                0x000000000045def0                strtol
                0x000000000045def0                __strtol
 *fill*         0x000000000045df06        0xa 
 .text          0x000000000045df10      0x52e /usr/lib/gcc/x86_64-linux-gnu/9/../../../x86_64-linux-gnu/libc.a(strtol_l.o)
                0x000000000045df10                ____strtol_l_internal
                0x000000000045df10                ____strtoll_l_internal
                0x000000000045e430                strtoll_l
                0x000000000045e430                strtol_l
                0x000000000045e430                __strtoll_l
                0x000000000045e430                __strtol_l
 *fill*         0x000000000045e43e        0x2 
 .text          0x000000000045e440       0xb7 /usr/lib/gcc/x86_64-linux-gnu/9/../../../x86_64-linux-gnu/libc.a(fprintf.o)
                0x000000000045e440                fprintf
                0x000000000045e440                _IO_fprintf
                0x000000000045e440                __fprintf
 *fill*         0x000000000045e4f7        0x9 
 .text          0x000000000045e500     0x6619 /usr/lib/gcc/x86_64-linux-gnu/9/../../../x86_64-linux-gnu/libc.a(vfprintf-internal.o)
                0x0000000000461530                __vfprintf_internal
 *fill*         0x0000000000464b19        0x7 
 .text          0x0000000000464b20     0x63d9 /usr/lib/gcc/x86_64-linux-gnu/9/../../../x86_64-linux-gnu/libc.a(vfwprintf-internal.o)
                0x00000000004679e0                __vfwprintf_internal
 *fill*         0x000000000046aef9        0x7 
 .text          0x000000000046af00      0x7b0 /usr/lib/gcc/x86_64-linux-gnu/9/../../../x86_64-linux-gnu/libc.a(printf-parsemb.o)
                0x000000000046af00                __parse_one_specmb
 .text          0x000000000046b6b0      0x89d /usr/lib/gcc/x86_64-linux-gnu/9/../../../x86_64-linux-gnu/libc.a(printf-parsewc.o)
                0x000000000046b6b0                __parse_one_specwc
 *fill*         0x000000000046bf4d        0x3 
 .text          0x000000000046bf50      0x15f /usr/lib/gcc/x86_64-linux-gnu/9/../../../x86_64-linux-gnu/libc.a(filedoalloc.o)
                0x000000000046bf50                _IO_file_doallocate
 *fill*         0x000000000046c0af        0x1 
 .text          0x000000000046c0b0      0x180 /usr/lib/gcc/x86_64-linux-gnu/9/../../../x86_64-linux-gnu/libc.a(iofputs.o)
                0x000000000046c0b0                _IO_fputs
                0x000000000046c0b0                fputs
 .text          0x000000000046c230       0x84 /usr/lib/gcc/x86_64-linux-gnu/9/../../../x86_64-linux-gnu/libc.a(wfiledoalloc.o)
                0x000000000046c230                _IO_wfile_doallocate
 *fill*         0x000000000046c2b4        0xc 
 .text          0x000000000046c2c0      0x1ca /usr/lib/gcc/x86_64-linux-gnu/9/../../../x86_64-linux-gnu/libc.a(iofwrite.o)
                0x000000000046c2c0                _IO_fwrite
                0x000000000046c2c0                fwrite
 *fill*         0x000000000046c48a        0x6 
 .text          0x000000000046c490      0x2e1 /usr/lib/gcc/x86_64-linux-gnu/9/../../../x86_64-linux-gnu/libc.a(iogetdelim.o)
                0x000000000046c490                __getdelim
                0x000000000046c490                getdelim
                0x000000000046c490                _IO_getdelim
 *fill*         0x000000000046c771        0xf 
 .text          0x000000000046c780      0x1ac /usr/lib/gcc/x86_64-linux-gnu/9/../../../x86_64-linux-gnu/libc.a(iogetline.o)
                0x000000000046c780                _IO_getline_info
                0x000000000046c920                _IO_getline
 *fill*         0x000000000046c92c        0x4 
 .text          0x000000000046c930      0x134 /usr/lib/gcc/x86_64-linux-gnu/9/../../../x86_64-linux-gnu/libc.a(iopadn.o)
                0x000000000046c930                _IO_padn
 *fill*         0x000000000046ca64        0xc 
 .text          0x000000000046ca70      0x124 /usr/lib/gcc/x86_64-linux-gnu/9/../../../x86_64-linux-gnu/libc.a(iowpadn.o)
                0x000000000046ca70                _IO_wpadn
 *fill*         0x000000000046cb94        0xc 
 .text          0x000000000046cba0     0x1425 /usr/lib/gcc/x86_64-linux-gnu/9/../../../x86_64-linux-gnu/libc.a(wgenops.o)
                0x000000000046cdd0                _IO_least_wmarker
                0x000000000046ce10                _IO_switch_to_main_wget_area
                0x000000000046ce50                _IO_switch_to_wbackup_area
                0x000000000046ce90                _IO_wsetb
                0x000000000046cf00                _IO_wdefault_pbackfail
                0x000000000046d0c0                _IO_wdefault_finish
                0x000000000046d140                _IO_wdefault_uflow
                0x000000000046d1b0                __woverflow
                0x000000000046d230                _IO_wdefault_xsputn
                0x000000000046d470                _IO_wdoallocbuf
                0x000000000046d520                _IO_wdefault_doallocate
                0x000000000046d5b0                _IO_switch_to_wget_mode
                0x000000000046d630                __wuflow
                0x000000000046d7c0                __wunderflow
                0x000000000046d930                _IO_wdefault_xsgetn
                0x000000000046dc40                _IO_free_wbackup_area
                0x000000000046dca0                _IO_sputbackwc
                0x000000000046dd20                _IO_sungetwc
                0x000000000046dda0                _IO_adjust_wcolumn
                0x000000000046dde0                _IO_init_wmarker
                0x000000000046de50                _IO_wmarker_delta
                0x000000000046dea0                _IO_seekwmark
                0x000000000046df50                _IO_unsave_wmarkers
 *fill*         0x000000000046dfc5        0xb 
 .text          0x000000000046dfd0       0xbd /usr/lib/gcc/x86_64-linux-gnu/9/../../../x86_64-linux-gnu/libc.a(libc-cancellation.o)
                0x000000000046dfd0                __libc_enable_asynccancel
                0x000000000046e030                __libc_disable_asynccancel
 *fill*         0x000000000046e08d        0x3 
 .text          0x000000000046e090       0xb1 /usr/lib/gcc/x86_64-linux-gnu/9/../../../x86_64-linux-gnu/libc.a(scratch_buffer_grow_preserve.o)
                0x000000000046e090                __libc_scratch_buffer_grow_preserve
 *fill*         0x000000000046e141        0xf 
 .text          0x000000000046e150       0xae /usr/lib/gcc/x86_64-linux-gnu/9/../../../x86_64-linux-gnu/libc.a(scratch_buffer_set_array_size.o)
                0x000000000046e150                __libc_scratch_buffer_set_array_size
 *fill*         0x000000000046e1fe        0x2 
 .text          0x000000000046e200       0x45 /usr/lib/gcc/x86_64-linux-gnu/9/../../../x86_64-linux-gnu/libc.a(strndup.o)
                0x000000000046e200                strndup
                0x000000000046e200                __strndup
 *fill*         0x000000000046e245        0xb 
 .text          0x000000000046e250      0x197 /usr/lib/gcc/x86_64-linux-gnu/9/../../../x86_64-linux-gnu/libc.a(_strerror.o)
                0x000000000046e250                __strerror_r
                0x000000000046e250                strerror_r
 *fill*         0x000000000046e3e7        0x9 
 .text          0x000000000046e3f0       0x35 /usr/lib/gcc/x86_64-linux-gnu/9/../../../x86_64-linux-gnu/libc.a(strnlen.o)
                0x000000000046e3f0                __strnlen
                0x000000000046e3f0                strnlen
 *fill*         0x000000000046e425        0xb 
 .text          0x000000000046e430       0x35 /usr/lib/gcc/x86_64-linux-gnu/9/../../../x86_64-linux-gnu/libc.a(strrchr.o)
                0x000000000046e430                strrchr
                0x000000000046e430                rindex
 *fill*         0x000000000046e465        0xb 
 .text          0x000000000046e470       0x75 /usr/lib/gcc/x86_64-linux-gnu/9/../../../x86_64-linux-gnu/libc.a(strtok_r.o)
                0x000000000046e470                strtok_r
                0x000000000046e470                __strtok_r
 *fill*         0x000000000046e4e5        0xb 
 .text          0x000000000046e4f0       0x35 /usr/lib/gcc/x86_64-linux-gnu/9/../../../x86_64-linux-gnu/libc.a(memchr.o)
                0x000000000046e4f0                memchr
                0x000000000046e4f0                __memchr
 *fill*         0x000000000046e525        0xb 
 .text          0x000000000046e530      0x64c /usr/lib/gcc/x86_64-linux-gnu/9/../../../x86_64-linux-gnu/libc.a(memmem.o)
                0x000000000046e8c0                memmem
                0x000000000046e8c0                __memmem
 *fill*         0x000000000046eb7c        0x4 
 .text          0x000000000046eb80       0xdc /usr/lib/gcc/x86_64-linux-gnu/9/../../../x86_64-linux-gnu/libc.a(argz-ctsep.o)
                0x000000000046eb80                __argz_create_sep
                0x000000000046eb80                argz_create_sep
 *fill*         0x000000000046ec5c        0x4 
 .text          0x000000000046ec60       0xc1 /usr/lib/gcc/x86_64-linux-gnu/9/../../../x86_64-linux-gnu/libc.a(argz-addsep.o)
                0x000000000046ec60                argz_add_sep
                0x000000000046ec60                __argz_add_sep
 *fill*         0x000000000046ed21        0xf 
 .text          0x000000000046ed30      0x323 /usr/lib/gcc/x86_64-linux-gnu/9/../../../x86_64-linux-gnu/libc.a(memchr-sse2.o)
                0x000000000046ed30                __memchr_sse2
 .text          0x000000000046f053        0x0 /usr/lib/gcc/x86_64-linux-gnu/9/../../../x86_64-linux-gnu/libc.a(memchr-avx2.o)
 *fill*         0x000000000046f053        0xd 
 .text.avx      0x000000000046f060      0x2cd /usr/lib/gcc/x86_64-linux-gnu/9/../../../x86_64-linux-gnu/libc.a(memchr-avx2.o)
                0x000000000046f060                __memchr_avx2
 *fill*         0x000000000046f32d        0x3 
 .text          0x000000000046f330      0x2f2 /usr/lib/gcc/x86_64-linux-gnu/9/../../../x86_64-linux-gnu/libc.a(strrchr-sse2.o)
                0x000000000046f330                __strrchr_sse2
 .text          0x000000000046f622        0x0 /usr/lib/gcc/x86_64-linux-gnu/9/../../../x86_64-linux-gnu/libc.a(strrchr-avx2.o)
 *fill*         0x000000000046f622        0xe 
 .text.avx      0x000000000046f630      0x1c6 /usr/lib/gcc/x86_64-linux-gnu/9/../../../x86_64-linux-gnu/libc.a(strrchr-avx2.o)
                0x000000000046f630                __strrchr_avx2
 *fill*         0x000000000046f7f6        0xa 
 .text          0x000000000046f800      0x218 /usr/lib/gcc/x86_64-linux-gnu/9/../../../x86_64-linux-gnu/libc.a(strnlen-sse2.o)
                0x000000000046f800                __strnlen_sse2
 .text          0x000000000046fa18        0x0 /usr/lib/gcc/x86_64-linux-gnu/9/../../../x86_64-linux-gnu/libc.a(strnlen-avx2.o)
 *fill*         0x000000000046fa18        0x8 
 .text.avx      0x000000000046fa20      0x31e /usr/lib/gcc/x86_64-linux-gnu/9/../../../x86_64-linux-gnu/libc.a(strnlen-avx2.o)
                0x000000000046fa20                __strnlen_avx2
 *fill*         0x000000000046fd3e        0x2 
 .text          0x000000000046fd40       0x35 /usr/lib/gcc/x86_64-linux-gnu/9/../../../x86_64-linux-gnu/libc.a(wcslen.o)
                0x000000000046fd40                wcslen
                0x000000000046fd40                __wcslen
 *fill*         0x000000000046fd75        0xb 
 .text          0x000000000046fd80        0xd /usr/lib/gcc/x86_64-linux-gnu/9/../../../x86_64-linux-gnu/libc.a(wmemcpy.o)
                0x000000000046fd80                wmemcpy
                0x000000000046fd80                __wmemcpy
 *fill*         0x000000000046fd8d        0x3 
 .text          0x000000000046fd90        0xd /usr/lib/gcc/x86_64-linux-gnu/9/../../../x86_64-linux-gnu/libc.a(wmemmove.o)
                0x000000000046fd90                __wmemmove
                0x000000000046fd90                wmemmove
 *fill*         0x000000000046fd9d        0x3 
 .text          0x000000000046fda0      0x1bd /usr/lib/gcc/x86_64-linux-gnu/9/../../../x86_64-linux-gnu/libc.a(btowc.o)
                0x000000000046fda0                __btowc
                0x000000000046fda0                btowc
 *fill*         0x000000000046ff5d        0x3 