Archive member included to satisfy reference by file (symbol)

/usr/lib/gcc/x86_64-linux-gnu/9/../../../x86_64-linux-gnu/libc.a(libc-start.o)
                              /usr/lib/gcc/x86_64-linux-gnu/9/../../../x86_64-linux-gnu/crt1.o (__libc_start_main)
/usr/lib/gcc/x86_64-linux-gnu/9/../../../x86_64-linux-gnu/libc.a(check_fds.o)
                              /usr/lib/gcc/x86_64-linux-gnu/9/../../../x86_64-linux-gnu/libc.a(libc-start.o) (__libc_check_standard_fds)
/usr/lib/gcc/x86_64-linux-gnu/9/../../../x86_64-linux-gnu/libc.a(libc-tls.o)
                              /usr/lib/gcc/x86_64-linux-gnu/9/../../../x86_64-linux-gnu/libc.a(libc-start.o) (__libc_setup_tls)
/usr/lib/gcc/x86_64-linux-gnu/9/../../../x86_64-linux-gnu/libc.a(elf-init.o)
                              /usr/lib/gcc/x86_64-linux-gnu/9/../../../x86_64-linux-gnu/crt1.o (__libc_csu_init)
/usr/lib/gcc/x86_64-linux-gnu/9/../../../x86_64-linux-gnu/libc.a(errno.o)
                              /usr/lib/gcc/x86_64-linux-gnu/9/../../../x86_64-linux-gnu/libc.a(check_fds.o) (__libc_errno)
/usr/lib/gcc/x86_64-linux-gnu/9/../../../x86_64-linux-gnu/libc.a(assert.o)
                              /usr/lib/gcc/x86_64-linux-gnu/9/../../../x86_64-linux-gnu/libc.a(libc-start.o) (__assert_fail)
/usr/lib/gcc/x86_64-linux-gnu/9/../../../x86_64-linux-gnu/libc.a(dcgettext.o)
                              /usr/lib/gcc/x86_64-linux-gnu/9/../../../x86_64-linux-gnu/libc.a(assert.o) (__dcgettext)
/usr/lib/gcc/x86_64-linux-gnu/9/../../../x86_64-linux-gnu/libc.a(dcigettext.o)
                              /usr/lib/gcc/x86_64-linux-gnu/9/../../../x86_64-linux-gnu/libc.a(dcgettext.o) (__dcigettext)
/usr/lib/gcc/x86_64-linux-gnu/9/../../../x86_64-linux-gnu/libc.a(finddomain.o)
                              /usr/lib/gcc/x86_64-linux-gnu/9/../../../x86_64-linux-gnu/libc.a(dcigettext.o) (_nl_find_domain)
/usr/lib/gcc/x86_64-linux-gnu/9/../../../x86_64-linux-gnu/libc.a(loadmsgcat.o)
                              /usr/lib/gcc/x86_64-linux-gnu/9/../../../x86_64-linux-gnu/libc.a(dcigettext.o) (_nl_load_domain)
/usr/lib/gcc/x86_64-linux-gnu/9/../../../x86_64-linux-gnu/libc.a(localealias.o)
                              /usr/lib/gcc/x86_64-linux-gnu/9/../../../x86_64-linux-gnu/libc.a(finddomain.o) (_nl_expand_alias)
/usr/lib/gcc/x86_64-linux-gnu/9/../../../x86_64-linux-gnu/libc.a(l10nflist.o)
                              /usr/lib/gcc/x86_64-linux-gnu/9/../../../x86_64-linux-gnu/libc.a(finddomain.o) (_nl_make_l10nflist)
/usr/lib/gcc/x86_64-linux-gnu/9/../../../x86_64-linux-gnu/libc.a(explodename.o)
                              /usr/lib/gcc/x86_64-linux-gnu/9/../../../x86_64-linux-gnu/libc.a(finddomain.o) (_nl_explode_name)
/usr/lib/gcc/x86_64-linux-gnu/9/../../../x86_64-linux-gnu/libc.a(plural.o)
                              /usr/lib/gcc/x86_64-linux-gnu/9/../../../x86_64-linux-gnu/libc.a(loadmsgcat.o) (__gettext_free_exp)
/usr/lib/gcc/x86_64-linux-gnu/9/../../../x86_64-linux-gnu/libc.a(plural-exp.o)
                              /usr/lib/gcc/x86_64-linux-gnu/9/../../../x86_64-linux-gnu/libc.a(loadmsgcat.o) (__gettext_extract_plural)
/usr/lib/gcc/x86_64-linux-gnu/9/../../../x86_64-linux-gnu/libc.a(hash-string.o)
                              /usr/lib/gcc/x86_64-linux-gnu/9/../../../x86_64-linux-gnu/libc.a(dcigettext.o) (__hash_string)
/usr/lib/gcc/x86_64-linux-gnu/9/../../../x86_64-linux-gnu/libc.a(bsd-_setjmp.o)
                              /usr/lib/gcc/x86_64-linux-gnu/9/../../../x86_64-linux-gnu/libc.a(libc-start.o) (_setjmp)
/usr/lib/gcc/x86_64-linux-gnu/9/../../../x86_64-linux-gnu/libc.a(raise.o)
                              /usr/lib/gcc/x86_64-linux-gnu/9/../../../x86_64-linux-gnu/libc.a(dcigettext.o) (raise)
/usr/lib/gcc/x86_64-linux-gnu/9/../../../x86_64-linux-gnu/libc.a(abort.o)
                              /usr/lib/gcc/x86_64-linux-gnu/9/../../../x86_64-linux-gnu/libc.a(assert.o) (abort)
/usr/lib/gcc/x86_64-linux-gnu/9/../../../x86_64-linux-gnu/libc.a(msort.o)
                              /usr/lib/gcc/x86_64-linux-gnu/9/../../../x86_64-linux-gnu/libc.a(localealias.o) (qsort)
/usr/lib/gcc/x86_64-linux-gnu/9/../../../x86_64-linux-gnu/libc.a(getenv.o)
                              /usr/lib/gcc/x86_64-linux-gnu/9/../../../x86_64-linux-gnu/libc.a(dcigettext.o) (getenv)
/usr/lib/gcc/x86_64-linux-gnu/9/../../../x86_64-linux-gnu/libc.a(exit.o)
                              /usr/lib/gcc/x86_64-linux-gnu/9/../../../x86_64-linux-gnu/libc.a(libc-start.o) (exit)
/usr/lib/gcc/x86_64-linux-gnu/9/../../../x86_64-linux-gnu/libc.a(cxa_atexit.o)
                              /usr/lib/gcc/x86_64-linux-gnu/9/../../../x86_64-linux-gnu/libc.a(exit.o) (__new_exitfn_called)
/usr/lib/gcc/x86_64-linux-gnu/9/../../../x86_64-linux-gnu/libc.a(strtoul.o)
                              /usr/lib/gcc/x86_64-linux-gnu/9/../../../x86_64-linux-gnu/libc.a(plural-exp.o) (strtoul)
[...]
Memory Configuration

Name             Origin             Length             Attributes
*default*        0x0000000000000000 0xffffffffffffffff

Linker script and memory map

LOAD /usr/lib/gcc/x86_64-linux-gnu/9/../../../x86_64-linux-gnu/crt1.o
LOAD /usr/lib/gcc/x86_64-linux-gnu/9/../../../x86_64-linux-gnu/crti.o
LOAD /usr/lib/gcc/x86_64-linux-gnu/9/crtbeginT.o
LOAD ropex.o
LOAD gadget.o
START GROUP
LOAD /usr/lib/gcc/x86_64-linux-gnu/9/libgcc.a
LOAD /usr/lib/gcc/x86_64-linux-gnu/9/libgcc_eh.a
LOAD /usr/lib/gcc/x86_64-linux-gnu/9/../../../x86_64-linux-gnu/libc.a
END GROUP
LOAD /usr/lib/gcc/x86_64-linux-gnu/9/crtend.o
LOAD /usr/lib/gcc/x86_64-linux-gnu/9/../../../x86_64-linux-gnu/crtn.o
                [!provide]                        PROVIDE (__executable_start = SEGMENT_START ("text-segment", 0x400000))
                0x0000000000400200                . = (SEGMENT_START ("text-segment", 0x400000) + SIZEOF_HEADERS)

.interp
 *(.interp)

.note.gnu.build-id
                0x0000000000400200       0x24
 *(.note.gnu.build-id)
 .note.gnu.build-id
                0x0000000000400200       0x24 /usr/lib/gcc/x86_64-linux-gnu/9/../../../x86_64-linux-gnu/crt1.o

.note.ABI-tag   0x0000000000400224       0x20
 .note.ABI-tag  0x0000000000400224       0x20 /usr/lib/gcc/x86_64-linux-gnu/9/../../../x86_64-linux-gnu/crt1.o

.hash
 *(.hash)

.gnu.hash
 *(.gnu.hash)

.dynsym
 *(.dynsym)

.dynstr
 *(.dynstr)

.gnu.version
 *(.gnu.version)

.gnu.version_d
 *(.gnu.version_d)

.gnu.version_r
 *(.gnu.version_r)

.rela.dyn       0x0000000000400248        0x0
 *(.rela.init)
 .rela.init     0x0000000000400248        0x0 /usr/lib/gcc/x86_64-linux-gnu/9/../../../x86_64-linux-gnu/crt1.o
 *(.rela.text .rela.text.* .rela.gnu.linkonce.t.*)
 .rela.text     0x0000000000400248        0x0 /usr/lib/gcc/x86_64-linux-gnu/9/../../../x86_64-linux-gnu/crt1.o
 .rela.text.avx
                0x0000000000400248        0x0 /usr/lib/gcc/x86_64-linux-gnu/9/../../../x86_64-linux-gnu/crt1.o
 .rela.text.avx512
                0x0000000000400248        0x0 /usr/lib/gcc/x86_64-linux-gnu/9/../../../x86_64-linux-gnu/crt1.o
 .rela.text.startup
                0x0000000000400248        0x0 /usr/lib/gcc/x86_64-linux-gnu/9/../../../x86_64-linux-gnu/crt1.o
 *(.rela.fini)
 *(.rela.rodata .rela.rodata.* .rela.gnu.linkonce.r.*)
 *(.rela.data .rela.data.* .rela.gnu.linkonce.d.*)
 .rela.data.rel.ro
                0x0000000000400248        0x0 /usr/lib/gcc/x86_64-linux-gnu/9/../../../x86_64-linux-gnu/crt1.o
 *(.rela.tdata .rela.tdata.* .rela.gnu.linkonce.td.*)
 *(.rela.tbss .rela.tbss.* .rela.gnu.linkonce.tb.*)
 *(.rela.ctors)
 *(.rela.dtors)
 *(.rela.got)
 .rela.got      0x0000000000400248        0x0 /usr/lib/gcc/x86_64-linux-gnu/9/../../../x86_64-linux-gnu/crt1.o
 *(.rela.bss .rela.bss.* .rela.gnu.linkonce.b.*)
 *(.rela.ldata .rela.ldata.* .rela.gnu.linkonce.l.*)
 *(.rela.lbss .rela.lbss.* .rela.gnu.linkonce.lb.*)
 *(.rela.lrodata .rela.lrodata.* .rela.gnu.linkonce.lr.*)
 *(.rela.ifunc)
 .rela__libc_freeres_fn
                0x0000000000400248        0x0 /usr/lib/gcc/x86_64-linux-gnu/9/../../../x86_64-linux-gnu/crt1.o
 .rela.eh_frame
                0x0000000000400248        0x0 /usr/lib/gcc/x86_64-linux-gnu/9/../../../x86_64-linux-gnu/crt1.o
 .rela__libc_IO_vtables
                0x0000000000400248        0x0 /usr/lib/gcc/x86_64-linux-gnu/9/../../../x86_64-linux-gnu/crt1.o

.rela.plt       0x0000000000400248      0x240
 *(.rela.plt)
                0x0000000000400248                PROVIDE (__rela_iplt_start = .)
 *(.rela.iplt)
 .rela.iplt     0x0000000000400248      0x240 /usr/lib/gcc/x86_64-linux-gnu/9/../../../x86_64-linux-gnu/crt1.o
                0x0000000000400488                PROVIDE (__rela_iplt_end = .)
                0x0000000000401000                . = ALIGN (CONSTANT (MAXPAGESIZE))

.init           0x0000000000401000       0x1b
 *(SORT_NONE(.init))
 .init          0x0000000000401000       0x16 /usr/lib/gcc/x86_64-linux-gnu/9/../../../x86_64-linux-gnu/crti.o
                0x0000000000401000                _init
 .init          0x0000000000401016        0x5 /usr/lib/gcc/x86_64-linux-gnu/9/../../../x86_64-linux-gnu/crtn.o

.plt            0x0000000000401020       0xc0
 *(.plt)
 *(.iplt)
 *fill*         0x0000000000401020        0x0 
 .iplt          0x0000000000401020       0xc0 /usr/lib/gcc/x86_64-linux-gnu/9/../../../x86_64-linux-gnu/crt1.o

.plt.got
 *(.plt.got)

.plt.sec
 *(.plt.sec)

.text           0x00000000004010e0    0x91b40
 *(.text.unlikely .text.*_unlikely .text.unlikely.*)
 .text.unlikely
                0x00000000004010e0        0xf /usr/lib/gcc/x86_64-linux-gnu/9/../../../x86_64-linux-gnu/libc.a(assert.o)
 .text.unlikely
                0x00000000004010ef        0x5 /usr/lib/gcc/x86_64-linux-gnu/9/../../../x86_64-linux-gnu/libc.a(loadmsgcat.o)
 .text.unlikely
                0x00000000004010f4      0x234 /usr/lib/gcc/x86_64-linux-gnu/9/../../../x86_64-linux-gnu/libc.a(abort.o)
                0x00000000004010f4                abort
 .text.unlikely
                0x0000000000401328       0x57 /usr/lib/gcc/x86_64-linux-gnu/9/../../../x86_64-linux-gnu/libc.a(iofclose.o)
 .text.unlikely
                0x000000000040137f       0x56 /usr/lib/gcc/x86_64-linux-gnu/9/../../../x86_64-linux-gnu/libc.a(iofflush.o)
 .text.unlikely
                0x00000000004013d5       0x57 /usr/lib/gcc/x86_64-linux-gnu/9/../../../x86_64-linux-gnu/libc.a(ioputs.o)
 .text.unlikely
                0x000000000040142c       0x57 /usr/lib/gcc/x86_64-linux-gnu/9/../../../x86_64-linux-gnu/libc.a(wfileops.o)
 .text.unlikely
                0x0000000000401483       0x57 /usr/lib/gcc/x86_64-linux-gnu/9/../../../x86_64-linux-gnu/libc.a(getc.o)
 .text.unlikely
                0x00000000004014da       0x59 /usr/lib/gcc/x86_64-linux-gnu/9/../../../x86_64-linux-gnu/libc.a(fileops.o)
 .text.unlikely
                0x0000000000401533        0xc /usr/lib/gcc/x86_64-linux-gnu/9/../../../x86_64-linux-gnu/libc.a(init-first.o)
                0x0000000000401533                _dl_start
 .text.unlikely
                0x000000000040153f       0x56 /usr/lib/gcc/x86_64-linux-gnu/9/../../../x86_64-linux-gnu/libc.a(iofputs.o)
 .text.unlikely
                0x0000000000401595       0x56 /usr/lib/gcc/x86_64-linux-gnu/9/../../../x86_64-linux-gnu/libc.a(iofwrite.o)
 .text.unlikely
                0x00000000004015eb       0x56 /usr/lib/gcc/x86_64-linux-gnu/9/../../../x86_64-linux-gnu/libc.a(iogetdelim.o)
 .text.unlikely
                0x0000000000401641        0x5 /usr/lib/gcc/x86_64-linux-gnu/9/../../../x86_64-linux-gnu/libc.a(printf_fp.o)
 .text.unlikely
                0x0000000000401646        0x5 /usr/lib/gcc/x86_64-linux-gnu/9/../../../x86_64-linux-gnu/libc.a(printf_fphex.o)
 .text.unlikely
                0x000000000040164b       0x50 /usr/lib/gcc/x86_64-linux-gnu/9/libgcc_eh.a(unwind-dw2.o)
 .text.unlikely
                0x000000000040169b       0x1e /usr/lib/gcc/x86_64-linux-gnu/9/libgcc_eh.a(unwind-dw2-fde-dip.o)
 .text.unlikely
                0x00000000004016b9        0xa /usr/lib/gcc/x86_64-linux-gnu/9/libgcc_eh.a(unwind-c.o)
 *(.text.exit .text.exit.*)
 *fill*         0x00000000004016c3        0xd 
 .text.exit     0x00000000004016d0       0x41 /usr/lib/gcc/x86_64-linux-gnu/9/../../../x86_64-linux-gnu/libc.a(sdlerror.o)
 *(.text.startup .text.startup.*)
 *fill*         0x0000000000401711        0xf 
 .text.startup  0x0000000000401720      0x489 /usr/lib/gcc/x86_64-linux-gnu/9/../../../x86_64-linux-gnu/libc.a(cacheinfo.o)
 *(.text.hot .text.hot.*)
 *(SORT_BY_NAME(.text.sorted.*))
 *(.text .stub .text.* .gnu.linkonce.t.*)
 *fill*         0x0000000000401ba9        0x7 
 .text          0x0000000000401bb0       0x35 /usr/lib/gcc/x86_64-linux-gnu/9/../../../x86_64-linux-gnu/crt1.o
                0x0000000000401bb0                _start
                0x0000000000401be0                _dl_relocate_static_pie
 .text          0x0000000000401be5        0x0 /usr/lib/gcc/x86_64-linux-gnu/9/../../../x86_64-linux-gnu/crti.o
 *fill*         0x0000000000401be5        0xb 
 .text          0x0000000000401bf0       0xe5 /usr/lib/gcc/x86_64-linux-gnu/9/crtbeginT.o
 .text          0x0000000000401cd5       0xb4 ropex.o
                0x0000000000401cd5                readline
                0x0000000000401d0f                echo
                0x0000000000401d4e                main
 .text          0x0000000000401d89        0xf gadget.o
                0x0000000000401d89                gadget
 *fill*         0x0000000000401d98        0x8 
 .text          0x0000000000401da0      0xb97 /usr/lib/gcc/x86_64-linux-gnu/9/../../../x86_64-linux-gnu/libc.a(libc-start.o)
                0x0000000000402120                __libc_start_main
 *fill*         0x0000000000402937        0x9 
 .text          0x0000000000402940      0x1a3 /usr/lib/gcc/x86_64-linux-gnu/9/../../../x86_64-linux-gnu/libc.a(check_fds.o)
                0x0000000000402940                __libc_check_standard_fds
 *fill*         0x0000000000402ae3        0xd 
 .text          0x0000000000402af0      0x288 /usr/lib/gcc/x86_64-linux-gnu/9/../../../x86_64-linux-gnu/libc.a(libc-tls.o)
                0x0000000000402af0                __libc_setup_tls
 *fill*         0x0000000000402d78        0x8 
 .text          0x0000000000402d80       0xe1 /usr/lib/gcc/x86_64-linux-gnu/9/../../../x86_64-linux-gnu/libc.a(elf-init.o)
                0x0000000000402d80                __libc_csu_init
                0x0000000000402e20                __libc_csu_fini
 .text          0x0000000000402e61        0x0 /usr/lib/gcc/x86_64-linux-gnu/9/../../../x86_64-linux-gnu/libc.a(errno.o)
 *fill*         0x0000000000402e61        0xf 
 .text          0x0000000000402e70      0x1a6 /usr/lib/gcc/x86_64-linux-gnu/9/../../../x86_64-linux-gnu/libc.a(assert.o)
                0x0000000000402e70                __assert_fail_base
                0x0000000000402fd0                __assert_fail
 *fill*         0x0000000000403016        0xa 
 .text          0x0000000000403020       0x13 /usr/lib/gcc/x86_64-linux-gnu/9/../../../x86_64-linux-gnu/libc.a(dcgettext.o)
                0x0000000000403020                __dcgettext
                0x0000000000403020                dcgettext
 *fill*         0x0000000000403033        0xd 
 .text          0x0000000000403040     0x1892 /usr/lib/gcc/x86_64-linux-gnu/9/../../../x86_64-linux-gnu/libc.a(dcigettext.o)
                0x00000000004032b0                _nl_find_msg
                0x0000000000403f80                __dcigettext
 *fill*         0x00000000004048d2        0xe 
 .text          0x00000000004048e0      0x295 /usr/lib/gcc/x86_64-linux-gnu/9/../../../x86_64-linux-gnu/libc.a(finddomain.o)
                0x00000000004048e0                _nl_find_domain
 *fill*         0x0000000000404b75        0xb 
 .text          0x0000000000404b80     0x17d7 /usr/lib/gcc/x86_64-linux-gnu/9/../../../x86_64-linux-gnu/libc.a(loadmsgcat.o)
                0x0000000000404b80                _nl_load_domain
 *fill*         0x0000000000406357        0x9 
 .text          0x0000000000406360      0x70e /usr/lib/gcc/x86_64-linux-gnu/9/../../../x86_64-linux-gnu/libc.a(localealias.o)
                0x0000000000406880                _nl_expand_alias
 *fill*         0x0000000000406a6e        0x2 
 .text          0x0000000000406a70      0x6cf /usr/lib/gcc/x86_64-linux-gnu/9/../../../x86_64-linux-gnu/libc.a(l10nflist.o)
                0x0000000000406a70                _nl_make_l10nflist
                0x0000000000407030                _nl_normalize_codeset
 *fill*         0x000000000040713f        0x1 
 .text          0x0000000000407140      0x1fc /usr/lib/gcc/x86_64-linux-gnu/9/../../../x86_64-linux-gnu/libc.a(explodename.o)
                0x0000000000407140                _nl_explode_name
 *fill*         0x000000000040733c        0x4 
 .text          0x0000000000407340     0x7f7b /usr/lib/gcc/x86_64-linux-gnu/9/../../../x86_64-linux-gnu/libc.a(plural.o)
                0x0000000000407340                __gettext_free_exp
                0x000000000040eaa0                __gettextparse
 *fill*         0x000000000040f2bb        0x5 
 .text          0x000000000040f2c0      0x115 /usr/lib/gcc/x86_64-linux-gnu/9/../../../x86_64-linux-gnu/libc.a(plural-exp.o)
                0x000000000040f2c0                __gettext_extract_plural
 *fill*         0x000000000040f3d5        0xb 
 .text          0x000000000040f3e0       0x5b /usr/lib/gcc/x86_64-linux-gnu/9/../../../x86_64-linux-gnu/libc.a(hash-string.o)
                0x000000000040f3e0                __hash_string
 *fill*         0x000000000040f43b        0x5 
 .text          0x000000000040f440        0xb /usr/lib/gcc/x86_64-linux-gnu/9/../../../x86_64-linux-gnu/libc.a(bsd-_setjmp.o)
                0x000000000040f440                _setjmp
 *fill*         0x000000000040f44b        0x5 
 .text          0x000000000040f450      0x109 /usr/lib/gcc/x86_64-linux-gnu/9/../../../x86_64-linux-gnu/libc.a(raise.o)
                0x000000000040f450                gsignal
                0x000000000040f450                raise
 .text          0x000000000040f559        0x0 /usr/lib/gcc/x86_64-linux-gnu/9/../../../x86_64-linux-gnu/libc.a(abort.o)
 *fill*         0x000000000040f559        0x7 
 .text          0x000000000040f560      0x85c /usr/lib/gcc/x86_64-linux-gnu/9/../../../x86_64-linux-gnu/libc.a(msort.o)
                0x000000000040f9a0                __qsort_r
                0x000000000040f9a0                qsort_r
                0x000000000040fdb0                qsort
 *fill*         0x000000000040fdbc        0x4 
 .text          0x000000000040fdc0       0xd5 /usr/lib/gcc/x86_64-linux-gnu/9/../../../x86_64-linux-gnu/libc.a(getenv.o)
                0x000000000040fdc0                getenv
 *fill*         0x000000000040fe95        0xb 
 .text          0x000000000040fea0      0x2e0 /usr/lib/gcc/x86_64-linux-gnu/9/../../../x86_64-linux-gnu/libc.a(exit.o)
                0x000000000040fea0                __run_exit_handlers
                0x0000000000410160                exit
 .text          0x0000000000410180      0x39e /usr/lib/gcc/x86_64-linux-gnu/9/../../../x86_64-linux-gnu/libc.a(cxa_atexit.o)
                0x0000000000410180                __new_exitfn
                0x00000000004102a0                __internal_atexit
                0x00000000004103e0                __cxa_atexit
 *fill*         0x000000000041051e        0x2 
 .text          0x0000000000410520       0x36 /usr/lib/gcc/x86_64-linux-gnu/9/../../../x86_64-linux-gnu/libc.a(strtoul.o)
                0x0000000000410520                __strtoull_internal
                0x0000000000410520                __strtoul_internal
                0x0000000000410540                strtoul
                0x0000000000410540                strtoull
                0x0000000000410540                strtouq
                0x0000000000410540                __strtoul
 *fill*         0x0000000000410556        0xa 
 .text          0x0000000000410560      0x4de /usr/lib/gcc/x86_64-linux-gnu/9/../../../x86_64-linux-gnu/libc.a(strtoul_l.o)
                0x0000000000410560                ____strtoul_l_internal
                0x0000000000410560                ____strtoull_l_internal
                0x0000000000410a30                __strtoull_l
                0x0000000000410a30                strtoull_l
                0x0000000000410a30                strtoul_l
                0x0000000000410a30                __strtoul_l
 *fill*         0x0000000000410a3e        0x2 
 .text          0x0000000000410a40      0x1d3 /usr/lib/gcc/x86_64-linux-gnu/9/../../../x86_64-linux-gnu/libc.a(grouping.o)
                0x0000000000410a40                __correctly_grouped_prefixmb
 *fill*         0x0000000000410c13        0xd 
 .text          0x0000000000410c20       0xb7 /usr/lib/gcc/x86_64-linux-gnu/9/../../../x86_64-linux-gnu/libc.a(asprintf.o)
                0x0000000000410c20                __asprintf
                0x0000000000410c20                asprintf
                0x0000000000410c20                ___asprintf
 *fill*         0x0000000000410cd7        0x9 
 .text          0x0000000000410ce0      0x60a /usr/lib/gcc/x86_64-linux-gnu/9/../../../x86_64-linux-gnu/libc.a(fxprintf.o)
                0x0000000000410ea0                __vfxprintf
                0x0000000000410fa0                __fxprintf
                0x0000000000411140                __fxprintf_nocancel
 *fill*         0x00000000004112ea        0x6 
 .text          0x00000000004112f0      0x288 /usr/lib/gcc/x86_64-linux-gnu/9/../../../x86_64-linux-gnu/libc.a(iofclose.o)
                0x00000000004112f0                _IO_fclose
                0x00000000004112f0                _IO_new_fclose
                0x00000000004112f0                fclose
                0x00000000004112f0                __new_fclose
 *fill*         0x0000000000411578        0x8 
 .text          0x0000000000411580      0x129 /usr/lib/gcc/x86_64-linux-gnu/9/../../../x86_64-linux-gnu/libc.a(iofflush.o)
                0x0000000000411580                _IO_fflush
                0x0000000000411580                fflush
 *fill*         0x00000000004116a9        0x7 
 .text          0x00000000004116b0      0x246 /usr/lib/gcc/x86_64-linux-gnu/9/../../../x86_64-linux-gnu/libc.a(iofopen.o)
                0x00000000004116b0                __fopen_maybe_mmap
                0x0000000000411700                __fopen_internal
                0x0000000000411800                _IO_fopen64
                0x0000000000411800                _IO_new_fopen
                0x0000000000411800                fopen
                0x0000000000411800                _IO_fopen
                0x0000000000411800                __new_fopen
                0x0000000000411800                fopen64
 *fill*         0x00000000004118f6        0xa 
 .text          0x0000000000411900      0x1dc /usr/lib/gcc/x86_64-linux-gnu/9/../../../x86_64-linux-gnu/libc.a(ioputs.o)
                0x0000000000411900                puts
                0x0000000000411900                _IO_puts
 *fill*         0x0000000000411adc        0x4 
 .text          0x0000000000411ae0     0x1ab0 /usr/lib/gcc/x86_64-linux-gnu/9/../../../x86_64-linux-gnu/libc.a(wfileops.o)
                0x0000000000411ae0                _IO_wfile_underflow
                0x0000000000412270                _IO_wfile_seekoff
                0x0000000000412cc0                _IO_wdo_write
                0x0000000000412eb0                _IO_wfile_overflow
                0x0000000000413190                _IO_wfile_sync
                0x0000000000413330                _IO_wfile_xsputn
 .text          0x0000000000413590      0x480 /usr/lib/gcc/x86_64-linux-gnu/9/../../../x86_64-linux-gnu/libc.a(iofwide.o)
                0x0000000000413590                _IO_fwide
                0x0000000000413700                __libio_codecvt_out
                0x00000000004137f0                __libio_codecvt_in
                0x00000000004138e0                __libio_codecvt_encoding
                0x0000000000413910                __libio_codecvt_length
 .text          0x0000000000413a10      0x13c /usr/lib/gcc/x86_64-linux-gnu/9/../../../x86_64-linux-gnu/libc.a(getc.o)
                0x0000000000413a10                getc
                0x0000000000413a10                _IO_getc
                0x0000000000413a10                fgetc
 *fill*         0x0000000000413b4c        0x4 
 .text          0x0000000000413b50      0x1ab /usr/lib/gcc/x86_64-linux-gnu/9/../../../x86_64-linux-gnu/libc.a(vasprintf.o)
                0x0000000000413b50                __vasprintf_internal
                0x0000000000413cf0                __vasprintf
                0x0000000000413cf0                vasprintf
 *fill*         0x0000000000413cfb        0x5 
 .text          0x0000000000413d00      0x470 /usr/lib/gcc/x86_64-linux-gnu/9/../../../x86_64-linux-gnu/libc.a(libc_fatal.o)
                0x0000000000413e60                __libc_message
                0x0000000000414150                __libc_fatal
 .text          0x0000000000414170       0x1c /usr/lib/gcc/x86_64-linux-gnu/9/../../../x86_64-linux-gnu/libc.a(vtables.o)
                0x0000000000414170                _IO_vtable_check
 *fill*         0x000000000041418c        0x4 
 .text          0x0000000000414190       0x98 /usr/lib/gcc/x86_64-linux-gnu/9/../../../x86_64-linux-gnu/libc.a(iofgets_u.o)
                0x0000000000414190                __fgets_unlocked
                0x0000000000414190                fgets_unlocked
 *fill*         0x0000000000414228        0x8 
 .text          0x0000000000414230     0x2b69 /usr/lib/gcc/x86_64-linux-gnu/9/../../../x86_64-linux-gnu/libc.a(fileops.o)
                0x00000000004142a0                _IO_file_close
                0x00000000004142b0                _IO_file_setbuf
                0x00000000004142b0                _IO_new_file_setbuf
                0x00000000004142e0                _IO_file_setbuf_mmap
                0x0000000000414360                _IO_file_underflow
                0x0000000000414360                _IO_new_file_underflow
                0x0000000000414690                _IO_file_close_mmap
                0x00000000004146c0                _IO_file_seek
                0x0000000000414920                _IO_file_seekoff
                0x0000000000414920                _IO_new_file_seekoff
                0x0000000000414f00                _IO_file_stat
                0x0000000000414f20                _IO_file_write
                0x0000000000414f20                _IO_new_file_write
                0x0000000000415300                _IO_file_xsgetn
                0x00000000004154f0                _IO_file_seekoff_mmap
                0x0000000000415620                _IO_file_read
                0x0000000000415650                _IO_new_file_xsputn
                0x0000000000415650                _IO_file_xsputn
                0x0000000000415980                _IO_file_underflow_maybe_mmap
                0x0000000000415b60                _IO_file_underflow_mmap
                0x0000000000415df0                _IO_new_file_init_internal
                0x0000000000415e20                _IO_new_file_init
                0x0000000000415e20                _IO_file_init
                0x0000000000415e50                _IO_file_open
                0x0000000000415f40                _IO_new_file_attach
                0x0000000000415f40                _IO_file_attach
                0x0000000000415ff0                _IO_new_do_write
                0x0000000000415ff0                _IO_do_write
                0x0000000000416170                _IO_new_file_close_it
                0x0000000000416170                _IO_file_close_it
                0x00000000004162d0                _IO_new_file_fopen
                0x00000000004162d0                _IO_file_fopen
                0x00000000004169e0                _IO_file_finish
                0x00000000004169e0                _IO_new_file_finish
                0x0000000000416a80                _IO_file_overflow
                0x0000000000416a80                _IO_new_file_overflow
                0x0000000000416cb0                _IO_file_sync
                0x0000000000416cb0                _IO_new_file_sync
 *fill*         0x0000000000416d99        0x7 
 .text          0x0000000000416da0     0x2a3b /usr/lib/gcc/x86_64-linux-gnu/9/../../../x86_64-linux-gnu/libc.a(genops.o)
                0x0000000000417370                _IO_un_link
                0x0000000000417390                _IO_link_in
                0x0000000000417650                _IO_least_marker
                0x0000000000417680                _IO_switch_to_main_get_area
                0x00000000004176b0                _IO_switch_to_backup_area
                0x00000000004176e0                _IO_switch_to_get_mode
                0x0000000000417780                _IO_free_backup_area
                0x00000000004177d0                __overflow
                0x0000000000417840                __underflow
                0x0000000000417a10                __uflow
                0x0000000000417bf0                _IO_setb
                0x0000000000417c50                _IO_doallocbuf
                0x0000000000417d10                _IO_default_underflow
                0x0000000000417d20                _IO_default_uflow
                0x0000000000417d80                _IO_default_xsputn
                0x0000000000417f00                _IO_sgetn
                0x0000000000417f70                _IO_default_xsgetn
                0x0000000000418260                _IO_default_setbuf
                0x0000000000418380                _IO_default_seekpos
                0x00000000004183f0                _IO_default_doallocate
                0x0000000000418470                _IO_init_internal
                0x0000000000418500                _IO_init
                0x0000000000418590                _IO_enable_locks
                0x00000000004185d0                _IO_old_init
                0x0000000000418640                _IO_no_init
                0x0000000000418710                _IO_default_sync
                0x0000000000418720                _IO_default_finish
                0x0000000000418790                _IO_default_seekoff
                0x00000000004187a0                _IO_sputbackc
                0x0000000000418820                _IO_sungetc
                0x00000000004188a0                _IO_adjust_column
                0x00000000004188d0                _IO_flush_all_lockp
                0x0000000000418bd0                _IO_cleanup
                0x0000000000418f60                _IO_flush_all
                0x0000000000418f70                _IO_flush_all_linebuffered
                0x0000000000418f70                _flushlbf
                0x0000000000419240                _IO_init_marker
                0x0000000000419330                _IO_remove_marker
                0x0000000000419370                _IO_marker_difference
                0x0000000000419380                _IO_marker_delta
                0x00000000004193c0                _IO_seekmark
                0x0000000000419470                _IO_unsave_markers
                0x00000000004194d0                _IO_default_pbackfail
                0x0000000000419660                _IO_default_seek
                0x0000000000419670                _IO_default_stat
                0x0000000000419680                _IO_default_read
                0x0000000000419690                _IO_default_write
                0x00000000004196a0                _IO_default_showmanyc
                0x00000000004196b0                _IO_default_imbue
                0x00000000004196c0                _IO_iter_begin
                0x00000000004196d0                _IO_iter_end
                0x00000000004196e0                _IO_iter_next
                0x00000000004196f0                _IO_iter_file
                0x0000000000419700                _IO_list_lock
                0x0000000000419760                _IO_list_unlock
                0x00000000004197c0                _IO_list_resetlock
 .text          0x00000000004197db        0x0 /usr/lib/gcc/x86_64-linux-gnu/9/../../../x86_64-linux-gnu/libc.a(stdfiles.o)
 .text          0x00000000004197db        0x0 /usr/lib/gcc/x86_64-linux-gnu/9/../../../x86_64-linux-gnu/libc.a(stdio.o)
 *fill*         0x00000000004197db        0x5 
 .text          0x00000000004197e0      0x946 /usr/lib/gcc/x86_64-linux-gnu/9/../../../x86_64-linux-gnu/libc.a(strops.o)
                0x00000000004197e0                _IO_str_underflow
                0x0000000000419840                _IO_str_overflow
                0x0000000000419bc0                _IO_str_seekoff
                0x0000000000419e90                _IO_str_pbackfail
                0x0000000000419eb0                _IO_str_finish
                0x0000000000419ef0                _IO_str_init_static_internal
                0x0000000000419fa0                _IO_str_init_static
                0x000000000041a070                _IO_str_init_readonly
                0x000000000041a110                _IO_str_count
 *fill*         0x000000000041a126        0xa 
 .text          0x000000000041a130       0x48 /usr/lib/gcc/x86_64-linux-gnu/9/../../../x86_64-linux-gnu/libc.a(alloca_cutoff.o)
                0x000000000041a130                __libc_alloca_cutoff
 *fill*         0x000000000041a178        0x8 
 .text          0x000000000041a180       0x31 /usr/lib/gcc/x86_64-linux-gnu/9/../../../x86_64-linux-gnu/libc.a(libc-lowlevellock.o)
                0x000000000041a180                __lll_lock_wait_private
 *fill*         0x000000000041a1b1        0xf 
 .text          0x000000000041a1c0     0x7ac7 /usr/lib/gcc/x86_64-linux-gnu/9/../../../x86_64-linux-gnu/libc.a(malloc.o)
                0x000000000041a1c0                _dl_tunable_set_arena_max
                0x000000000041a1d0                _dl_tunable_set_arena_test
                0x000000000041a1e0                _dl_tunable_set_tcache_max
                0x000000000041a220                _dl_tunable_set_tcache_count
                0x000000000041a240                _dl_tunable_set_tcache_unsorted_limit
                0x000000000041a540                _dl_tunable_set_trim_threshold
                0x000000000041a560                _dl_tunable_set_top_pad
                0x000000000041a580                _dl_tunable_set_mmap_threshold
                0x000000000041a5b0                _dl_tunable_set_mmaps_max
                0x000000000041a5d0                _dl_tunable_set_perturb_byte
                0x000000000041a5e0                _dl_tunable_set_mxfast
                0x000000000041b4e0                _dl_tunable_set_mallopt_check
                0x000000000041f0c0                __malloc_fork_lock_parent
                0x000000000041f170                __malloc_fork_unlock_parent
                0x000000000041f230                __malloc_fork_unlock_child
                0x000000000041f2f0                __malloc_check_init
                0x000000000041f340                malloc
                0x000000000041f340                __malloc
                0x000000000041f340                __libc_malloc
                0x000000000041f930                __free
                0x000000000041f930                __libc_free
                0x000000000041f930                free
                0x000000000041fa30                __malloc_arena_thread_freeres
                0x0000000000420030                __libc_realloc
                0x0000000000420030                realloc
                0x0000000000420030                __realloc
                0x0000000000420390                __libc_memalign
                0x0000000000420390                __memalign
                0x0000000000420390                memalign
                0x0000000000420390                aligned_alloc
                0x0000000000420650                __libc_valloc
                0x0000000000420650                valloc
                0x0000000000420650                __valloc
                0x0000000000420930                pvalloc
                0x0000000000420930                __libc_pvalloc
                0x0000000000420930                __pvalloc
                0x0000000000420c40                __calloc
                0x0000000000420c40                calloc
                0x0000000000420c40                __libc_calloc
                0x0000000000420fd0                __malloc_trim
                0x0000000000420fd0                malloc_trim
                0x00000000004212d0                malloc_usable_size
                0x00000000004212d0                __malloc_usable_size
                0x0000000000421390                __mallinfo
                0x0000000000421390                __libc_mallinfo
                0x0000000000421390                mallinfo
                0x00000000004214d0                malloc_stats
                0x00000000004214d0                __malloc_stats
                0x0000000000421720                __libc_mallopt
                0x0000000000421720                mallopt
                0x0000000000421720                __mallopt
                0x0000000000421940                __posix_memalign
                0x0000000000421940                posix_memalign
                0x0000000000421c40                __malloc_info
                0x0000000000421c40                malloc_info
 *fill*         0x0000000000421c87        0x9 
 .text          0x0000000000421c90       0x1f /usr/lib/gcc/x86_64-linux-gnu/9/../../../x86_64-linux-gnu/libc.a(morecore.o)
                0x0000000000421c90                __default_morecore
 *fill*         0x0000000000421caf        0x1 
 .text          0x0000000000421cb0       0x45 /usr/lib/gcc/x86_64-linux-gnu/9/../../../x86_64-linux-gnu/libc.a(strchr.o)
                0x0000000000421cb0                index
                0x0000000000421cb0                strchr
 *fill*         0x0000000000421cf5        0xb 
 .text          0x0000000000421d00       0x55 /usr/lib/gcc/x86_64-linux-gnu/9/../../../x86_64-linux-gnu/libc.a(strcmp.o)
                0x0000000000421d00                strcmp
 *fill*         0x0000000000421d55        0xb 
 .text          0x0000000000421d60       0x55 /usr/lib/gcc/x86_64-linux-gnu/9/../../../x86_64-linux-gnu/libc.a(strcpy.o)
                0x0000000000421d60                strcpy
 *fill*         0x0000000000421db5        0xb 
 .text          0x0000000000421dc0       0x1e /usr/lib/gcc/x86_64-linux-gnu/9/../../../x86_64-linux-gnu/libc.a(strcspn.o)
                0x0000000000421dc0                strcspn
 *fill*         0x0000000000421dde        0x2 
 .text          0x0000000000421de0       0x40 /usr/lib/gcc/x86_64-linux-gnu/9/../../../x86_64-linux-gnu/libc.a(strdup.o)
                0x0000000000421de0                __strdup
                0x0000000000421de0                strdup
 .text          0x0000000000421e20       0x35 /usr/lib/gcc/x86_64-linux-gnu/9/../../../x86_64-linux-gnu/libc.a(strlen.o)
                0x0000000000421e20                strlen
 *fill*         0x0000000000421e55        0xb 
 .text          0x0000000000421e60       0x5f /usr/lib/gcc/x86_64-linux-gnu/9/../../../x86_64-linux-gnu/libc.a(strncmp.o)
                0x0000000000421e60                strncmp
 *fill*         0x0000000000421ebf        0x1 
 .text          0x0000000000421ec0      0x7fe /usr/lib/gcc/x86_64-linux-gnu/9/../../../x86_64-linux-gnu/libc.a(strstr.o)
                0x0000000000422350                __strstr_sse2
                0x00000000004226a0                strstr
                0x00000000004226a0                __libc_strstr
 *fill*         0x00000000004226be        0x2 
 .text          0x00000000004226c0       0x69 /usr/lib/gcc/x86_64-linux-gnu/9/../../../x86_64-linux-gnu/libc.a(memcmp.o)
                0x00000000004226c0                bcmp
                0x00000000004226c0                memcmp
 *fill*         0x0000000000422729        0x7 
 .text          0x0000000000422730       0xba /usr/lib/gcc/x86_64-linux-gnu/9/../../../x86_64-linux-gnu/libc.a(memmove.o)
                0x0000000000422730                memmove
                0x0000000000422730                __libc_memmove
 *fill*         0x00000000004227ea        0x6 
 .text          0x00000000004227f0       0x9e /usr/lib/gcc/x86_64-linux-gnu/9/../../../x86_64-linux-gnu/libc.a(memset.o)
                0x00000000004227f0                memset
 *fill*         0x000000000042288e        0x2 
 .text          0x0000000000422890       0xba /usr/lib/gcc/x86_64-linux-gnu/9/../../../x86_64-linux-gnu/libc.a(mempcpy.o)
                0x0000000000422890                mempcpy
                0x0000000000422890                __mempcpy
 *fill*         0x000000000042294a        0x6 
 .text          0x0000000000422950       0x55 /usr/lib/gcc/x86_64-linux-gnu/9/../../../x86_64-linux-gnu/libc.a(stpcpy.o)
                0x0000000000422950                stpcpy
                0x0000000000422950                __stpcpy
 *fill*         0x00000000004229a5        0xb 
 .text          0x00000000004229b0       0x48 /usr/lib/gcc/x86_64-linux-gnu/9/../../../x86_64-linux-gnu/libc.a(strcasecmp_l.o)
                0x00000000004229b0                strcasecmp_l
                0x00000000004229b0                __strcasecmp_l
 *fill*         0x00000000004229f8        0x8 
 .text          0x0000000000422a00       0xba /usr/lib/gcc/x86_64-linux-gnu/9/../../../x86_64-linux-gnu/libc.a(memcpy.o)
                0x0000000000422a00                memcpy
                0x0000000000422a00                __new_memcpy
 *fill*         0x0000000000422aba        0x6 
 .text          0x0000000000422ac0       0x35 /usr/lib/gcc/x86_64-linux-gnu/9/../../../x86_64-linux-gnu/libc.a(rawmemchr.o)
                0x0000000000422ac0                __rawmemchr
                0x0000000000422ac0                rawmemchr
 *fill*         0x0000000000422af5        0xb 
 .text          0x0000000000422b00       0x35 /usr/lib/gcc/x86_64-linux-gnu/9/../../../x86_64-linux-gnu/libc.a(strchrnul.o)
                0x0000000000422b00                __strchrnul
                0x0000000000422b00                strchrnul
 *fill*         0x0000000000422b35        0xb 
 .text          0x0000000000422b40     0x1449 /usr/lib/gcc/x86_64-linux-gnu/9/../../../x86_64-linux-gnu/libc.a(strcmp-sse2.o)
                0x0000000000422b40                __strcmp_sse2
 *fill*         0x0000000000423f89        0x7 
 .text          0x0000000000423f90      0x2a3 /usr/lib/gcc/x86_64-linux-gnu/9/../../../x86_64-linux-gnu/libc.a(strcmp-sse2-unaligned.o)
                0x0000000000423f90                __strcmp_sse2_unaligned
 .text          0x0000000000424233        0x0 /usr/lib/gcc/x86_64-linux-gnu/9/../../../x86_64-linux-gnu/libc.a(strcmp-ssse3.o)
 *fill*         0x0000000000424233        0xd 
 .text.ssse3    0x0000000000424240     0x1269 /usr/lib/gcc/x86_64-linux-gnu/9/../../../x86_64-linux-gnu/libc.a(strcmp-ssse3.o)
                0x0000000000424240                __strcmp_ssse3
 .text          0x00000000004254a9        0x0 /usr/lib/gcc/x86_64-linux-gnu/9/../../../x86_64-linux-gnu/libc.a(strcmp-avx2.o)
 *fill*         0x00000000004254a9        0x7 
 .text.avx      0x00000000004254b0      0x43f /usr/lib/gcc/x86_64-linux-gnu/9/../../../x86_64-linux-gnu/libc.a(strcmp-avx2.o)
                0x00000000004254b0                __strcmp_avx2
 *fill*         0x00000000004258ef        0x1 
 .text          0x00000000004258f0     0x1859 /usr/lib/gcc/x86_64-linux-gnu/9/../../../x86_64-linux-gnu/libc.a(strncmp-sse2.o)
                0x00000000004258f0                __strncmp_sse2
 .text          0x0000000000427149        0x0 /usr/lib/gcc/x86_64-linux-gnu/9/../../../x86_64-linux-gnu/libc.a(strncmp-ssse3.o)
 *fill*         0x0000000000427149        0x7 
 .text.ssse3    0x0000000000427150     0x1769 /usr/lib/gcc/x86_64-linux-gnu/9/../../../x86_64-linux-gnu/libc.a(strncmp-ssse3.o)
                0x0000000000427150                __strncmp_ssse3
 .text          0x00000000004288b9        0x0 /usr/lib/gcc/x86_64-linux-gnu/9/../../../x86_64-linux-gnu/libc.a(strncmp-sse4_2.o)
 *fill*         0x00000000004288b9        0x7 
 .text.sse4.2   0x00000000004288c0      0xfd9 /usr/lib/gcc/x86_64-linux-gnu/9/../../../x86_64-linux-gnu/libc.a(strncmp-sse4_2.o)
                0x00000000004288c0                __strncmp_sse42
 .text          0x0000000000429899        0x0 /usr/lib/gcc/x86_64-linux-gnu/9/../../../x86_64-linux-gnu/libc.a(strncmp-avx2.o)
 *fill*         0x0000000000429899        0x7 
 .text.avx      0x00000000004298a0      0x518 /usr/lib/gcc/x86_64-linux-gnu/9/../../../x86_64-linux-gnu/libc.a(strncmp-avx2.o)
                0x00000000004298a0                __strncmp_avx2
 *fill*         0x0000000000429db8        0x8 
 .text          0x0000000000429dc0      0x209 /usr/lib/gcc/x86_64-linux-gnu/9/../../../x86_64-linux-gnu/libc.a(rawmemchr-sse2.o)
                0x0000000000429dc0                __rawmemchr_sse2
 .text          0x0000000000429fc9        0x0 /usr/lib/gcc/x86_64-linux-gnu/9/../../../x86_64-linux-gnu/libc.a(rawmemchr-avx2.o)
 *fill*         0x0000000000429fc9        0x7 
 .text.avx      0x0000000000429fd0      0x14d /usr/lib/gcc/x86_64-linux-gnu/9/../../../x86_64-linux-gnu/libc.a(rawmemchr-avx2.o)
                0x0000000000429fd0                __rawmemchr_avx2
 *fill*         0x000000000042a11d        0x3 
 .text          0x000000000042a120      0x400 /usr/lib/gcc/x86_64-linux-gnu/9/../../../x86_64-linux-gnu/libc.a(memcmp-sse2.o)
                0x000000000042a120                __memcmp_sse2
 .text          0x000000000042a520        0x0 /usr/lib/gcc/x86_64-linux-gnu/9/../../../x86_64-linux-gnu/libc.a(memcmp-avx2-movbe.o)
 .text.avx      0x000000000042a520      0x3d4 /usr/lib/gcc/x86_64-linux-gnu/9/../../../x86_64-linux-gnu/libc.a(memcmp-avx2-movbe.o)
                0x000000000042a520                __memcmp_avx2_movbe
 .text          0x000000000042a8f4        0x0 /usr/lib/gcc/x86_64-linux-gnu/9/../../../x86_64-linux-gnu/libc.a(memcmp-sse4.o)
 *fill*         0x000000000042a8f4        0xc 
 .text.sse4.1   0x000000000042a900     0x163e /usr/lib/gcc/x86_64-linux-gnu/9/../../../x86_64-linux-gnu/libc.a(memcmp-sse4.o)
                0x000000000042a900                __memcmp_sse4_1
 .text          0x000000000042bf3e        0x0 /usr/lib/gcc/x86_64-linux-gnu/9/../../../x86_64-linux-gnu/libc.a(memcpy-ssse3.o)
 *fill*         0x000000000042bf3e        0x2 
 .text.ssse3    0x000000000042bf40     0x29f7 /usr/lib/gcc/x86_64-linux-gnu/9/../../../x86_64-linux-gnu/libc.a(memcpy-ssse3.o)
                0x000000000042bf40                __mempcpy_chk_ssse3
                0x000000000042bf50                __mempcpy_ssse3
                0x000000000042bf60                __memcpy_chk_ssse3
                0x000000000042bf70                __memcpy_ssse3
 .text          0x000000000042e937        0x0 /usr/lib/gcc/x86_64-linux-gnu/9/../../../x86_64-linux-gnu/libc.a(memmove-ssse3.o)
 *fill*         0x000000000042e937        0x9 
 .text.ssse3    0x000000000042e940     0x2b88 /usr/lib/gcc/x86_64-linux-gnu/9/../../../x86_64-linux-gnu/libc.a(memmove-ssse3.o)
                0x000000000042e940                __memmove_chk_ssse3
                0x000000000042e950                __memmove_ssse3
 .text          0x00000000004314c8        0x0 /usr/lib/gcc/x86_64-linux-gnu/9/../../../x86_64-linux-gnu/libc.a(memcpy-ssse3-back.o)
 *fill*         0x00000000004314c8        0x8 
 .text.ssse3    0x00000000004314d0     0x2b06 /usr/lib/gcc/x86_64-linux-gnu/9/../../../x86_64-linux-gnu/libc.a(memcpy-ssse3-back.o)
                0x00000000004314d0                __mempcpy_chk_ssse3_back
                0x00000000004314e0                __mempcpy_ssse3_back
                0x00000000004314f0                __memcpy_chk_ssse3_back
                0x0000000000431500                __memcpy_ssse3_back
 .text          0x0000000000433fd6        0x0 /usr/lib/gcc/x86_64-linux-gnu/9/../../../x86_64-linux-gnu/libc.a(memmove-ssse3-back.o)
 *fill*         0x0000000000433fd6        0xa 
 .text.ssse3    0x0000000000433fe0     0x2b26 /usr/lib/gcc/x86_64-linux-gnu/9/../../../x86_64-linux-gnu/libc.a(memmove-ssse3-back.o)
                0x0000000000433fe0                __memmove_chk_ssse3_back
                0x0000000000433ff0                __memmove_ssse3_back
 .text          0x0000000000436b06        0x0 /usr/lib/gcc/x86_64-linux-gnu/9/../../../x86_64-linux-gnu/libc.a(memmove-avx512-no-vzeroupper.o)
 *fill*         0x0000000000436b06        0xa 
 .text.avx512   0x0000000000436b10      0x76f /usr/lib/gcc/x86_64-linux-gnu/9/../../../x86_64-linux-gnu/libc.a(memmove-avx512-no-vzeroupper.o)
                0x0000000000436b10                __mempcpy_chk_avx512_no_vzeroupper
                0x0000000000436b20                __mempcpy_avx512_no_vzeroupper
                0x0000000000436b30                __memcpy_chk_avx512_no_vzeroupper
                0x0000000000436b30                __memmove_chk_avx512_no_vzeroupper
                0x0000000000436b40                __memcpy_avx512_no_vzeroupper
                0x0000000000436b40                __memmove_avx512_no_vzeroupper
 *fill*         0x000000000043727f        0x1 
 .text          0x0000000000437280     0x2246 /usr/lib/gcc/x86_64-linux-gnu/9/../../../x86_64-linux-gnu/libc.a(strcasecmp_l-sse2.o)
                0x0000000000437280                __strcasecmp_sse2
                0x00000000004372a0                __strcasecmp_l_sse2
 .text          0x00000000004394c6        0x0 /usr/lib/gcc/x86_64-linux-gnu/9/../../../x86_64-linux-gnu/libc.a(strcasecmp_l-ssse3.o)
 *fill*         0x00000000004394c6        0xa 
 .text.ssse3    0x00000000004394d0     0x2156 /usr/lib/gcc/x86_64-linux-gnu/9/../../../x86_64-linux-gnu/libc.a(strcasecmp_l-ssse3.o)
                0x00000000004394d0                __strcasecmp_ssse3
                0x00000000004394f0                __strcasecmp_l_ssse3
 .text          0x000000000043b626        0x0 /usr/lib/gcc/x86_64-linux-gnu/9/../../../x86_64-linux-gnu/libc.a(strcasecmp_l-sse4_2.o)
 *fill*         0x000000000043b626        0xa 
 .text.sse4.2   0x000000000043b630     0x1ba6 /usr/lib/gcc/x86_64-linux-gnu/9/../../../x86_64-linux-gnu/libc.a(strcasecmp_l-sse4_2.o)
                0x000000000043b630                __strcasecmp_sse42
                0x000000000043b644                __strcasecmp_l_sse42
 .text          0x000000000043d1d6        0x0 /usr/lib/gcc/x86_64-linux-gnu/9/../../../x86_64-linux-gnu/libc.a(strcasecmp_l-avx.o)
 *fill*         0x000000000043d1d6        0xa 
 .text.avx      0x000000000043d1e0     0x1676 /usr/lib/gcc/x86_64-linux-gnu/9/../../../x86_64-linux-gnu/libc.a(strcasecmp_l-avx.o)
                0x000000000043d1e0                __strcasecmp_avx
                0x000000000043d1f4                __strcasecmp_l_avx
 *fill*         0x000000000043e856        0xa 
 .text          0x000000000043e860      0x22a /usr/lib/gcc/x86_64-linux-gnu/9/../../../x86_64-linux-gnu/libc.a(strchr-sse2.o)
                0x000000000043e860                __strchr_sse2
 *fill*         0x000000000043ea8a        0x6 
 .text          0x000000000043ea90      0x20a /usr/lib/gcc/x86_64-linux-gnu/9/../../../x86_64-linux-gnu/libc.a(strchrnul-sse2.o)
                0x000000000043ea90                __strchrnul_sse2
 .text          0x000000000043ec9a        0x0 /usr/lib/gcc/x86_64-linux-gnu/9/../../../x86_64-linux-gnu/libc.a(strchr-avx2.o)
 *fill*         0x000000000043ec9a        0x6 
 .text.avx      0x000000000043eca0      0x224 /usr/lib/gcc/x86_64-linux-gnu/9/../../../x86_64-linux-gnu/libc.a(strchr-avx2.o)
                0x000000000043eca0                __strchr_avx2
 .text          0x000000000043eec4        0x0 /usr/lib/gcc/x86_64-linux-gnu/9/../../../x86_64-linux-gnu/libc.a(strchrnul-avx2.o)
 *fill*         0x000000000043eec4        0xc 
 .text.avx      0x000000000043eed0      0x1ed /usr/lib/gcc/x86_64-linux-gnu/9/../../../x86_64-linux-gnu/libc.a(strchrnul-avx2.o)
                0x000000000043eed0                __strchrnul_avx2
 *fill*         0x000000000043f0bd        0x3 
 .text          0x000000000043f0c0      0x19c /usr/lib/gcc/x86_64-linux-gnu/9/../../../x86_64-linux-gnu/libc.a(strlen-sse2.o)
                0x000000000043f0c0                __strlen_sse2
 .text          0x000000000043f25c        0x0 /usr/lib/gcc/x86_64-linux-gnu/9/../../../x86_64-linux-gnu/libc.a(strlen-avx2.o)
 *fill*         0x000000000043f25c        0x4 
 .text.avx      0x000000000043f260      0x19e /usr/lib/gcc/x86_64-linux-gnu/9/../../../x86_64-linux-gnu/libc.a(strlen-avx2.o)
                0x000000000043f260                __strlen_avx2
 .text          0x000000000043f3fe        0x0 /usr/lib/gcc/x86_64-linux-gnu/9/../../../x86_64-linux-gnu/libc.a(strcpy-avx2.o)
 *fill*         0x000000000043f3fe        0x2 
 .text.avx      0x000000000043f400      0x388 /usr/lib/gcc/x86_64-linux-gnu/9/../../../x86_64-linux-gnu/libc.a(strcpy-avx2.o)
                0x000000000043f400                __strcpy_avx2
 *fill*         0x000000000043f788        0x8 
 .text          0x000000000043f790       0xec /usr/lib/gcc/x86_64-linux-gnu/9/../../../x86_64-linux-gnu/libc.a(strcpy-sse2.o)
                0x000000000043f790                __strcpy_sse2
 *fill*         0x000000000043f87c        0x4 
 .text          0x000000000043f880       0xec /usr/lib/gcc/x86_64-linux-gnu/9/../../../x86_64-linux-gnu/libc.a(stpcpy-sse2.o)
                0x000000000043f880                __stpcpy_sse2
 .text          0x000000000043f96c        0x0 /usr/lib/gcc/x86_64-linux-gnu/9/../../../x86_64-linux-gnu/libc.a(strcpy-ssse3.o)
 *fill*         0x000000000043f96c        0x4 
 .text.ssse3    0x000000000043f970     0x17a2 /usr/lib/gcc/x86_64-linux-gnu/9/../../../x86_64-linux-gnu/libc.a(strcpy-ssse3.o)
                0x000000000043f970                __strcpy_ssse3
 .text          0x0000000000441112        0x0 /usr/lib/gcc/x86_64-linux-gnu/9/../../../x86_64-linux-gnu/libc.a(stpcpy-ssse3.o)
 *fill*         0x0000000000441112        0xe 
 .text.ssse3    0x0000000000441120     0x1803 /usr/lib/gcc/x86_64-linux-gnu/9/../../../x86_64-linux-gnu/libc.a(stpcpy-ssse3.o)
                0x0000000000441120                __stpcpy_ssse3
 *fill*         0x0000000000442923        0xd 
 .text          0x0000000000442930      0x630 /usr/lib/gcc/x86_64-linux-gnu/9/../../../x86_64-linux-gnu/libc.a(strcpy-sse2-unaligned.o)
                0x0000000000442930                __strcpy_sse2_unaligned
 .text          0x0000000000442f60      0x6c0 /usr/lib/gcc/x86_64-linux-gnu/9/../../../x86_64-linux-gnu/libc.a(stpcpy-sse2-unaligned.o)
                0x0000000000442f60                __stpcpy_sse2_unaligned
 .text          0x0000000000443620        0x0 /usr/lib/gcc/x86_64-linux-gnu/9/../../../x86_64-linux-gnu/libc.a(stpcpy-avx2.o)
 .text.avx      0x0000000000443620      0x3ac /usr/lib/gcc/x86_64-linux-gnu/9/../../../x86_64-linux-gnu/libc.a(stpcpy-avx2.o)
                0x0000000000443620                __stpcpy_avx2
 .text          0x00000000004439cc        0x0 /usr/lib/gcc/x86_64-linux-gnu/9/../../../x86_64-linux-gnu/libc.a(strchr-sse2-no-bsf.o)
 *fill*         0x00000000004439cc        0x4 
 .text.atom     0x00000000004439d0      0x315 /usr/lib/gcc/x86_64-linux-gnu/9/../../../x86_64-linux-gnu/libc.a(strchr-sse2-no-bsf.o)
                0x00000000004439d0                __strchr_sse2_no_bsf
 .text          0x0000000000443ce5        0x0 /usr/lib/gcc/x86_64-linux-gnu/9/../../../x86_64-linux-gnu/libc.a(memcmp-ssse3.o)
 *fill*         0x0000000000443ce5        0xb 
 .text.atom     0x0000000000443cf0     0x1763 /usr/lib/gcc/x86_64-linux-gnu/9/../../../x86_64-linux-gnu/libc.a(memcmp-ssse3.o)
                0x0000000000443cf0                __memcmp_ssse3
 *fill*         0x0000000000445453        0xd 
 .text          0x0000000000445460      0x493 /usr/lib/gcc/x86_64-linux-gnu/9/../../../x86_64-linux-gnu/libc.a(strstr-sse2-unaligned.o)
                0x0000000000445460                __strstr_sse2_unaligned
 *fill*         0x00000000004458f3        0xd 
 .text          0x0000000000445900       0xa7 /usr/lib/gcc/x86_64-linux-gnu/9/../../../x86_64-linux-gnu/libc.a(strcspn-sse2.o)
                0x0000000000445900                __strcspn_sse2
 .text          0x00000000004459a7        0x0 /usr/lib/gcc/x86_64-linux-gnu/9/../../../x86_64-linux-gnu/libc.a(strcspn-c.o)
 *fill*         0x00000000004459a7        0x9 
 .text.sse4.2   0x00000000004459b0      0x13f /usr/lib/gcc/x86_64-linux-gnu/9/../../../x86_64-linux-gnu/libc.a(strcspn-c.o)
                0x00000000004459b0                __strcspn_sse42
 .text          0x0000000000445aef        0x0 /usr/lib/gcc/x86_64-linux-gnu/9/../../../x86_64-linux-gnu/libc.a(varshift.o)
 .text          0x0000000000445aef        0x0 /usr/lib/gcc/x86_64-linux-gnu/9/../../../x86_64-linux-gnu/libc.a(memset-avx512-no-vzeroupper.o)
 *fill*         0x0000000000445aef        0x1 
 .text.avx512   0x0000000000445af0      0x284 /usr/lib/gcc/x86_64-linux-gnu/9/../../../x86_64-linux-gnu/libc.a(memset-avx512-no-vzeroupper.o)
                0x0000000000445af0                __memset_chk_avx512_no_vzeroupper
                0x0000000000445b00                __memset_avx512_no_vzeroupper
 *fill*         0x0000000000445d74        0xc 
 .text          0x0000000000445d80      0x3cd /usr/lib/gcc/x86_64-linux-gnu/9/../../../x86_64-linux-gnu/libc.a(memmove-sse2-unaligned-erms.o)
                0x0000000000445d80                __mempcpy_sse2_unaligned
                0x0000000000445d90                __memmove_sse2_unaligned
                0x0000000000445d90                __memcpy_sse2_unaligned
                0x0000000000445dc0                __mempcpy_chk_erms
                0x0000000000445dd0                __mempcpy_erms
                0x0000000000445df0                __memcpy_chk_erms
                0x0000000000445df0                __memmove_chk_erms
                0x0000000000445e00                __memmove_erms
                0x0000000000445e00                __memcpy_erms
                0x0000000000445e40                __mempcpy_sse2_unaligned_erms
                0x0000000000445e50                __memmove_sse2_unaligned_erms
                0x0000000000445e50                __memcpy_sse2_unaligned_erms
 .text          0x000000000044614d        0x0 /usr/lib/gcc/x86_64-linux-gnu/9/../../../x86_64-linux-gnu/libc.a(memmove-avx-unaligned-erms.o)
 *fill*         0x000000000044614d        0x3 
 .text.avx      0x0000000000446150      0x438 /usr/lib/gcc/x86_64-linux-gnu/9/../../../x86_64-linux-gnu/libc.a(memmove-avx-unaligned-erms.o)
                0x0000000000446150                __mempcpy_avx_unaligned
                0x0000000000446160                __memcpy_avx_unaligned
                0x0000000000446160                __memmove_avx_unaligned
                0x00000000004461a0                __mempcpy_avx_unaligned_erms
                0x00000000004461b0                __memcpy_avx_unaligned_erms
                0x00000000004461b0                __memmove_avx_unaligned_erms
 .text          0x0000000000446588        0x0 /usr/lib/gcc/x86_64-linux-gnu/9/../../../x86_64-linux-gnu/libc.a(memmove-avx512-unaligned-erms.o)
 *fill*         0x0000000000446588        0x8 
 .text.avx512   0x0000000000446590      0x540 /usr/lib/gcc/x86_64-linux-gnu/9/../../../x86_64-linux-gnu/libc.a(memmove-avx512-unaligned-erms.o)
                0x0000000000446590                __mempcpy_avx512_unaligned
                0x00000000004465a0                __memmove_avx512_unaligned
                0x00000000004465a0                __memcpy_avx512_unaligned
                0x00000000004465e0                __mempcpy_avx512_unaligned_erms
                0x00000000004465f0                __memmove_avx512_unaligned_erms
                0x00000000004465f0                __memcpy_avx512_unaligned_erms
 .text          0x0000000000446ad0      0x187 /usr/lib/gcc/x86_64-linux-gnu/9/../../../x86_64-linux-gnu/libc.a(memset-sse2-unaligned-erms.o)
                0x0000000000446ad0                __bzero
                0x0000000000446ad0                bzero
                0x0000000000446ae0                __wmemset_sse2_unaligned
                0x0000000000446b00                __memset_sse2_unaligned
                0x0000000000446b40                __memset_chk_erms
                0x0000000000446b50                __memset_erms
                0x0000000000446b70                __memset_sse2_unaligned_erms
 .text          0x0000000000446c57        0x0 /usr/lib/gcc/x86_64-linux-gnu/9/../../../x86_64-linux-gnu/libc.a(memset-avx2-unaligned-erms.o)
 *fill*         0x0000000000446c57        0x9 
 .text.avx      0x0000000000446c60      0x17f /usr/lib/gcc/x86_64-linux-gnu/9/../../../x86_64-linux-gnu/libc.a(memset-avx2-unaligned-erms.o)
                0x0000000000446c60                __wmemset_avx2_unaligned
                0x0000000000446c80                __memset_avx2_unaligned
                0x0000000000446cb0                __memset_avx2_erms
                0x0000000000446cd0                __memset_avx2_unaligned_erms
 .text          0x0000000000446ddf        0x0 /usr/lib/gcc/x86_64-linux-gnu/9/../../../x86_64-linux-gnu/libc.a(memset-avx512-unaligned-erms.o)
 *fill*         0x0000000000446ddf        0x1 
 .text.avx512   0x0000000000446de0      0x1d5 /usr/lib/gcc/x86_64-linux-gnu/9/../../../x86_64-linux-gnu/libc.a(memset-avx512-unaligned-erms.o)
                0x0000000000446de0                __wmemset_avx512_unaligned
                0x0000000000446e00                __memset_avx512_unaligned
                0x0000000000446e40                __memset_avx512_erms
                0x0000000000446e60                __memset_avx512_unaligned_erms
 *fill*         0x0000000000446fb5        0xb 
 .text          0x0000000000446fc0      0x69d /usr/lib/gcc/x86_64-linux-gnu/9/../../../x86_64-linux-gnu/libc.a(cacheinfo.o)
                0x0000000000447630                __cache_sysconf
 *fill*         0x000000000044765d        0x3 
 .text          0x0000000000447660       0x43 /usr/lib/gcc/x86_64-linux-gnu/9/../../../x86_64-linux-gnu/libc.a(strcasecmp_l-nonascii.o)
                0x0000000000447660                __strcasecmp_l_nonascii
 *fill*         0x00000000004476a3        0xd 
 .text          0x00000000004476b0        0xd /usr/lib/gcc/x86_64-linux-gnu/9/../../../x86_64-linux-gnu/libc.a(wmempcpy.o)
                0x00000000004476b0                wmempcpy
                0x00000000004476b0                __wmempcpy
 *fill*         0x00000000004476bd        0x3 
 .text          0x00000000004476c0       0x22 /usr/lib/gcc/x86_64-linux-gnu/9/../../../x86_64-linux-gnu/libc.a(mbsrtowcs.o)
                0x00000000004476c0                mbsrtowcs
                0x00000000004476c0                __mbsrtowcs
 *fill*         0x00000000004476e2        0xe 
 .text          0x00000000004476f0      0x704 /usr/lib/gcc/x86_64-linux-gnu/9/../../../x86_64-linux-gnu/libc.a(wcsmbsload.o)
                0x00000000004476f0                _nl_cleanup_ctype
                0x0000000000447740                __wcsmbs_getfct
                0x00000000004477c0                __wcsmbs_load_conv
                0x0000000000447ba0                __wcsmbs_clone_conv
                0x0000000000447cf0                __wcsmbs_named_conv
 *fill*         0x0000000000447df4        0xc 
 .text          0x0000000000447e00      0x365 /usr/lib/gcc/x86_64-linux-gnu/9/../../../x86_64-linux-gnu/libc.a(mbsrtowcs_l.o)
                0x0000000000447e00                __mbsrtowcs_l
 *fill*         0x0000000000448165        0xb 
 .text          0x0000000000448170       0x58 /usr/lib/gcc/x86_64-linux-gnu/9/../../../x86_64-linux-gnu/libc.a(_exit.o)
                0x0000000000448170                _Exit
                0x0000000000448170                _exit
 *fill*         0x00000000004481c8        0x8 
 .text          0x00000000004481d0      0x4f8 /usr/lib/gcc/x86_64-linux-gnu/9/../../../x86_64-linux-gnu/libc.a(sysconf.o)
                0x0000000000448310                sysconf
                0x0000000000448310                __sysconf
 *fill*         0x00000000004486c8        0x8 
 .text          0x00000000004486d0       0x25 /usr/lib/gcc/x86_64-linux-gnu/9/../../../x86_64-linux-gnu/libc.a(sched_yield.o)
                0x00000000004486d0                __sched_yield
                0x00000000004486d0                sched_yield
 *fill*         0x00000000004486f5        0xb 
 .text          0x0000000000448700       0x56 /usr/lib/gcc/x86_64-linux-gnu/9/../../../x86_64-linux-gnu/libc.a(get_child_max.o)
                0x0000000000448700                __get_child_max
 .text          0x0000000000448756        0x0 /usr/lib/gcc/x86_64-linux-gnu/9/../../../x86_64-linux-gnu/libc.a(environ.o)
 *fill*         0x0000000000448756        0xa 
 .text          0x0000000000448760       0x54 /usr/lib/gcc/x86_64-linux-gnu/9/../../../x86_64-linux-gnu/libc.a(xstat.o)
                0x0000000000448760                _xstat
                0x0000000000448760                __xstat64
                0x0000000000448760                __xstat
 *fill*         0x00000000004487b4        0xc 
 .text          0x00000000004487c0       0x54 /usr/lib/gcc/x86_64-linux-gnu/9/../../../x86_64-linux-gnu/libc.a(fxstat.o)
                0x00000000004487c0                __fxstat64
                0x00000000004487c0                _fxstat
                0x00000000004487c0                __fxstat
 *fill*         0x0000000000448814        0xc 
 .text          0x0000000000448820      0x126 /usr/lib/gcc/x86_64-linux-gnu/9/../../../x86_64-linux-gnu/libc.a(open64.o)
                0x0000000000448820                __open
                0x0000000000448820                __libc_open64
                0x0000000000448820                __libc_open
                0x0000000000448820                open64
                0x0000000000448820                open
                0x0000000000448820                __open64
 *fill*         0x0000000000448946        0xa 
 .text          0x0000000000448950       0x99 /usr/lib/gcc/x86_64-linux-gnu/9/../../../x86_64-linux-gnu/libc.a(read.o)
                0x0000000000448950                __read
                0x0000000000448950                __libc_read
                0x0000000000448950                read
 *fill*         0x00000000004489e9        0x7 
 .text          0x00000000004489f0       0x99 /usr/lib/gcc/x86_64-linux-gnu/9/../../../x86_64-linux-gnu/libc.a(write.o)
                0x00000000004489f0                __write
                0x00000000004489f0                write
                0x00000000004489f0                __libc_write
 *fill*         0x0000000000448a89        0x7 
 .text          0x0000000000448a90       0x2c /usr/lib/gcc/x86_64-linux-gnu/9/../../../x86_64-linux-gnu/libc.a(lseek64.o)
                0x0000000000448a90                __lseek64
                0x0000000000448a90                lseek
                0x0000000000448a90                __libc_lseek64
                0x0000000000448a90                __lseek
                0x0000000000448a90                __libc_lseek
                0x0000000000448a90                lseek64
 *fill*         0x0000000000448abc        0x4 
 .text          0x0000000000448ac0      0x753 /usr/lib/gcc/x86_64-linux-gnu/9/../../../x86_64-linux-gnu/libc.a(getcwd.o)
                0x0000000000448ac0                __getcwd
                0x0000000000448ac0                getcwd
 *fill*         0x0000000000449213        0xd 
 .text          0x0000000000449220       0x2a /usr/lib/gcc/x86_64-linux-gnu/9/../../../x86_64-linux-gnu/libc.a(close_nocancel.o)
                0x0000000000449220                __close_nocancel
 *fill*         0x000000000044924a        0x6 
 .text          0x0000000000449250      0x138 /usr/lib/gcc/x86_64-linux-gnu/9/../../../x86_64-linux-gnu/libc.a(fcntl_nocancel.o)
                0x0000000000449250                __fcntl64_nocancel
                0x0000000000449300                __fcntl64_nocancel_adjusted
 *fill*         0x0000000000449388        0x8 
 .text          0x0000000000449390       0xb0 /usr/lib/gcc/x86_64-linux-gnu/9/../../../x86_64-linux-gnu/libc.a(open64_nocancel.o)
                0x0000000000449390                __open_nocancel
                0x0000000000449390                __open64_nocancel
 .text          0x0000000000449440       0xa0 /usr/lib/gcc/x86_64-linux-gnu/9/../../../x86_64-linux-gnu/libc.a(openat64_nocancel.o)
                0x0000000000449440                __openat64_nocancel
                0x0000000000449440                __openat_nocancel
 .text          0x00000000004494e0       0x2c /usr/lib/gcc/x86_64-linux-gnu/9/../../../x86_64-linux-gnu/libc.a(read_nocancel.o)
                0x00000000004494e0                __read_nocancel
 *fill*         0x000000000044950c        0x4 
 .text          0x0000000000449510       0x2c /usr/lib/gcc/x86_64-linux-gnu/9/../../../x86_64-linux-gnu/libc.a(write_nocancel.o)
                0x0000000000449510                __write_nocancel
 *fill*         0x000000000044953c        0x4 
 .text          0x0000000000449540       0x32 /usr/lib/gcc/x86_64-linux-gnu/9/../../../x86_64-linux-gnu/libc.a(getrlimit64.o)
                0x0000000000449540                getrlimit
                0x0000000000449540                getrlimit64
                0x0000000000449540                __getrlimit
                0x0000000000449540                __GI___getrlimit
                0x0000000000449540                __GI_getrlimit
                0x0000000000449540                __getrlimit64
 *fill*         0x0000000000449572        0xe 
 .text          0x0000000000449580       0xa0 /usr/lib/gcc/x86_64-linux-gnu/9/../../../x86_64-linux-gnu/libc.a(sbrk.o)
                0x0000000000449580                sbrk
                0x0000000000449580                __sbrk
 .text          0x0000000000449620       0x31 /usr/lib/gcc/x86_64-linux-gnu/9/../../../x86_64-linux-gnu/libc.a(getpagesize.o)
                0x0000000000449620                getpagesize
                0x0000000000449620                __getpagesize
 *fill*         0x0000000000449651        0xf 
 .text          0x0000000000449660       0x4a /usr/lib/gcc/x86_64-linux-gnu/9/../../../x86_64-linux-gnu/libc.a(getdtsz.o)
                0x0000000000449660                __getdtablesize
                0x0000000000449660                getdtablesize
 *fill*         0x00000000004496aa        0x6 
 .text          0x00000000004496b0       0xa5 /usr/lib/gcc/x86_64-linux-gnu/9/../../../x86_64-linux-gnu/libc.a(mmap64.o)
                0x00000000004496b0                __mmap
                0x00000000004496b0                mmap
                0x00000000004496b0                __mmap64
                0x00000000004496b0                mmap64
 *fill*         0x0000000000449755        0xb 
 .text          0x0000000000449760       0x25 /usr/lib/gcc/x86_64-linux-gnu/9/../../../x86_64-linux-gnu/libc.a(munmap.o)
                0x0000000000449760                munmap
                0x0000000000449760                __munmap
 *fill*         0x0000000000449785        0xb 
 .text          0x0000000000449790       0x25 /usr/lib/gcc/x86_64-linux-gnu/9/../../../x86_64-linux-gnu/libc.a(mprotect.o)
                0x0000000000449790                __mprotect
                0x0000000000449790                mprotect
 *fill*         0x00000000004497b5        0xb 
 .text          0x00000000004497c0       0x25 /usr/lib/gcc/x86_64-linux-gnu/9/../../../x86_64-linux-gnu/libc.a(madvise.o)
                0x00000000004497c0                madvise
                0x00000000004497c0                __madvise
 *fill*         0x00000000004497e5        0xb 
 .text          0x00000000004497f0     0x1ff0 /usr/lib/gcc/x86_64-linux-gnu/9/../../../x86_64-linux-gnu/libc.a(tsearch.o)
                0x0000000000449960                tsearch
                0x0000000000449960                __tsearch
                0x0000000000449d60                tfind
                0x0000000000449d60                __tfind
                0x0000000000449de0                tdelete
                0x0000000000449de0                __tdelete
                0x000000000044a450                __twalk
                0x000000000044a450                twalk
                0x000000000044a500                twalk_r
                0x000000000044a500                __twalk_r
                0x000000000044a5b0                __tdestroy
                0x000000000044a5b0                tdestroy
 .text          0x000000000044b7e0      0x6bb /usr/lib/gcc/x86_64-linux-gnu/9/../../../x86_64-linux-gnu/libc.a(getsysstats.o)
                0x000000000044b970                __get_nprocs
                0x000000000044b970                get_nprocs
                0x000000000044bca0                __get_nprocs_conf
                0x000000000044bca0                get_nprocs_conf
                0x000000000044bd80                get_phys_pages
                0x000000000044bd80                __get_phys_pages
                0x000000000044be10                get_avphys_pages
                0x000000000044be10                __get_avphys_pages
 *fill*         0x000000000044be9b        0x5 
 .text          0x000000000044bea0       0x15 /usr/lib/gcc/x86_64-linux-gnu/9/../../../x86_64-linux-gnu/libc.a(getclktck.o)
                0x000000000044bea0                __getclktck
 *fill*         0x000000000044beb5        0xb 
 .text          0x000000000044bec0       0x51 /usr/lib/gcc/x86_64-linux-gnu/9/../../../x86_64-linux-gnu/libc.a(init-misc.o)
                0x000000000044bec0                __init_misc
 *fill*         0x000000000044bf11        0xf 
 .text          0x000000000044bf20       0x28 /usr/lib/gcc/x86_64-linux-gnu/9/../../../x86_64-linux-gnu/libc.a(mremap.o)
                0x000000000044bf20                mremap
                0x000000000044bf20                __mremap
 *fill*         0x000000000044bf48        0x8 
 .text          0x000000000044bf50       0x25 /usr/lib/gcc/x86_64-linux-gnu/9/../../../x86_64-linux-gnu/libc.a(sysinfo.o)
                0x000000000044bf50                sysinfo
                0x000000000044bf50                __sysinfo
 *fill*         0x000000000044bf75        0xb 
 .text          0x000000000044bf80       0x16 /usr/lib/gcc/x86_64-linux-gnu/9/../../../x86_64-linux-gnu/libc.a(chk_fail.o)
                0x000000000044bf80                __chk_fail
 *fill*         0x000000000044bf96        0xa 
 .text          0x000000000044bfa0       0x16 /usr/lib/gcc/x86_64-linux-gnu/9/../../../x86_64-linux-gnu/libc.a(stack_chk_fail.o)
                0x000000000044bfa0                __stack_chk_fail_local
                0x000000000044bfa0                __stack_chk_fail
 *fill*         0x000000000044bfb6        0xa 
 .text          0x000000000044bfc0       0x2c /usr/lib/gcc/x86_64-linux-gnu/9/../../../x86_64-linux-gnu/libc.a(fortify_fail.o)
                0x000000000044bfc0                __fortify_fail
 *fill*         0x000000000044bfec        0x4 
 .text          0x000000000044bff0       0x8c /usr/lib/gcc/x86_64-linux-gnu/9/../../../x86_64-linux-gnu/libc.a(dl-debug.o)
                0x000000000044bff0                _dl_debug_state
                0x000000000044c000                _dl_debug_initialize
 *fill*         0x000000000044c07c        0x4 
 .text          0x000000000044c080      0x6bd /usr/lib/gcc/x86_64-linux-gnu/9/../../../x86_64-linux-gnu/libc.a(dl-tunables.o)
                0x000000000044c0d0                __tunable_set_val
                0x000000000044c140                __tunables_init
                0x000000000044c6d0                __tunable_get_val
 *fill*         0x000000000044c73d        0x3 
 .text          0x000000000044c740     0x115c /usr/lib/gcc/x86_64-linux-gnu/9/../../../x86_64-linux-gnu/libc.a(dl-support.o)
                0x000000000044c740                _dl_aux_init
                0x000000000044cb60                _dl_non_dynamic_init
                0x000000000044d890                _dl_get_dl_main_map
 *fill*         0x000000000044d89c        0x4 
 .text          0x000000000044d8a0       0x4e /usr/lib/gcc/x86_64-linux-gnu/9/../../../x86_64-linux-gnu/libc.a(enbl-secure.o)
                0x000000000044d8a0                __libc_init_secure
 *fill*         0x000000000044d8ee        0x2 
 .text          0x000000000044d8f0       0x31 /usr/lib/gcc/x86_64-linux-gnu/9/../../../x86_64-linux-gnu/libc.a(dl-profstub.o)
                0x000000000044d8f0                _dl_mcount_wrapper
                0x000000000044d900                _dl_mcount_wrapper_check
 *fill*         0x000000000044d921        0xf 
 .text          0x000000000044d930      0xe3c /usr/lib/gcc/x86_64-linux-gnu/9/../../../x86_64-linux-gnu/libc.a(dl-sysdep.o)
                0x000000000044d930                _dl_tunable_set_hwcaps
                0x000000000044e520                _dl_tunable_set_x86_ibt
                0x000000000044e5c0                _dl_tunable_set_x86_shstk
                0x000000000044e660                _dl_discover_osversion
 *fill*         0x000000000044e76c        0x4 
 .text          0x000000000044e770       0x81 /usr/lib/gcc/x86_64-linux-gnu/9/../../../x86_64-linux-gnu/libc.a(init-first.o)
                0x000000000044e770                __libc_init_first
 *fill*         0x000000000044e7f1        0xf 
 .text          0x000000000044e800      0x676 /usr/lib/gcc/x86_64-linux-gnu/9/../../../x86_64-linux-gnu/libc.a(gconv_open.o)
                0x000000000044e800                __gconv_open
 *fill*         0x000000000044ee76        0xa 
 .text          0x000000000044ee80      0x212 /usr/lib/gcc/x86_64-linux-gnu/9/../../../x86_64-linux-gnu/libc.a(gconv.o)
                0x000000000044ee80                __gconv
 *fill*         0x000000000044f092        0xe 
 .text          0x000000000044f0a0       0x5a /usr/lib/gcc/x86_64-linux-gnu/9/../../../x86_64-linux-gnu/libc.a(gconv_close.o)
                0x000000000044f0a0                __gconv_close
 *fill*         0x000000000044f0fa        0x6 
 .text          0x000000000044f100     0x12be /usr/lib/gcc/x86_64-linux-gnu/9/../../../x86_64-linux-gnu/libc.a(gconv_db.o)
                0x000000000044f100                __gconv_alias_compare
                0x000000000044fde0                __gconv_get_modules_db
                0x000000000044fdf0                __gconv_get_alias_db
                0x000000000044fe00                __gconv_release_step
                0x000000000044fe80                __gconv_compare_alias
                0x000000000044ff60                __gconv_find_transform
                0x0000000000450270                __gconv_close_transform
 *fill*         0x00000000004503be        0x2 
 .text          0x00000000004503c0      0xedd /usr/lib/gcc/x86_64-linux-gnu/9/../../../x86_64-linux-gnu/libc.a(gconv_conf.o)
                0x0000000000451250                __gconv_load_conf
 *fill*         0x000000000045129d        0x3 
 .text          0x00000000004512a0      0x265 /usr/lib/gcc/x86_64-linux-gnu/9/../../../x86_64-linux-gnu/libc.a(gconv_builtin.o)
                0x00000000004512a0                __gconv_get_builtin_trans
 *fill*         0x0000000000451505        0xb 
 .text          0x0000000000451510     0x7b74 /usr/lib/gcc/x86_64-linux-gnu/9/../../../x86_64-linux-gnu/libc.a(gconv_simple.o)
                0x0000000000451510                __gconv_btwoc_ascii
                0x0000000000451530                __gconv_transform_internal_ucs4
                0x0000000000451b00                __gconv_transform_ucs4_internal
                0x00000000004522f0                __gconv_transform_internal_ucs4le
                0x00000000004528a0                __gconv_transform_ucs4le_internal
                0x00000000004530e0                __gconv_transform_ascii_internal
                0x00000000004536f0                __gconv_transform_internal_ascii
                0x0000000000454350                __gconv_transform_internal_utf8
                0x00000000004551e0                __gconv_transform_utf8_internal
                0x00000000004561f0                __gconv_transform_ucs2_internal
                0x0000000000456c00                __gconv_transform_internal_ucs2
                0x0000000000457940                __gconv_transform_ucs2reverse_internal
                0x0000000000458360                __gconv_transform_internal_ucs2reverse
 *fill*         0x0000000000459084        0xc 
 .text          0x0000000000459090      0x4bd /usr/lib/gcc/x86_64-linux-gnu/9/../../../x86_64-linux-gnu/libc.a(gconv_trans.o)
                0x0000000000459090                __gconv_transliterate
 *fill*         0x000000000045954d        0x3 
 .text          0x0000000000459550      0xa09 /usr/lib/gcc/x86_64-linux-gnu/9/../../../x86_64-linux-gnu/libc.a(gconv_cache.o)
                0x0000000000459790                __gconv_get_cache
                0x00000000004597a0                __gconv_load_cache
                0x00000000004599c0                __gconv_compare_alias_cache
                0x0000000000459a60                __gconv_lookup_cache
                0x0000000000459f40                __gconv_release_cache
 *fill*         0x0000000000459f59        0x7 
 .text          0x0000000000459f60      0x2aa /usr/lib/gcc/x86_64-linux-gnu/9/../../../x86_64-linux-gnu/libc.a(gconv_dl.o)
                0x0000000000459ff0                __gconv_find_shlib
                0x000000000045a1f0                __gconv_release_shlib
 *fill*         0x000000000045a20a        0x6 
 .text          0x000000000045a210      0xb7b /usr/lib/gcc/x86_64-linux-gnu/9/../../../x86_64-linux-gnu/libc.a(setlocale.o)
                0x000000000045a480                setlocale
 *fill*         0x000000000045ad8b        0x5 
 .text          0x000000000045ad90      0x851 /usr/lib/gcc/x86_64-linux-gnu/9/../../../x86_64-linux-gnu/libc.a(findlocale.o)
                0x000000000045ae80                _nl_find_locale
                0x000000000045b590                _nl_remove_locale
 *fill*         0x000000000045b5e1        0xf 
 .text          0x000000000045b5f0      0x5fe /usr/lib/gcc/x86_64-linux-gnu/9/../../../x86_64-linux-gnu/libc.a(loadlocale.o)
                0x000000000045b5f0                _nl_intern_locale_data
                0x000000000045b7e0                _nl_load_locale
                0x000000000045bb90                _nl_unload_locale
 *fill*         0x000000000045bbee        0x2 
 .text          0x000000000045bbf0      0x6b6 /usr/lib/gcc/x86_64-linux-gnu/9/../../../x86_64-linux-gnu/libc.a(loadarchive.o)
                0x000000000045bbf0                _nl_load_locale_from_archive
 *fill*         0x000000000045c2a6        0xa 
 .text          0x000000000045c2b0       0x7a /usr/lib/gcc/x86_64-linux-gnu/9/../../../x86_64-linux-gnu/libc.a(lc-ctype.o)
                0x000000000045c2b0                _nl_postload_ctype
 .text          0x000000000045c32a        0x0 /usr/lib/gcc/x86_64-linux-gnu/9/../../../x86_64-linux-gnu/libc.a(C-ctype.o)
 .text          0x000000000045c32a        0x0 /usr/lib/gcc/x86_64-linux-gnu/9/../../../x86_64-linux-gnu/libc.a(SYS_libc.o)
 .text          0x000000000045c32a        0x0 /usr/lib/gcc/x86_64-linux-gnu/9/../../../x86_64-linux-gnu/libc.a(C_name.o)
 .text          0x000000000045c32a        0x0 /usr/lib/gcc/x86_64-linux-gnu/9/../../../x86_64-linux-gnu/libc.a(xlocale.o)
 *fill*         0x000000000045c32a        0x6 
 .text          0x000000000045c330       0x1b /usr/lib/gcc/x86_64-linux-gnu/9/../../../x86_64-linux-gnu/libc.a(localename.o)
                0x000000000045c330                __current_locale_name
 .text          0x000000000045c34b        0x0 /usr/lib/gcc/x86_64-linux-gnu/9/../../../x86_64-linux-gnu/libc.a(global-locale.o)
 *fill*         0x000000000045c34b        0x5 
 .text          0x000000000045c350       0xb4 /usr/lib/gcc/x86_64-linux-gnu/9/../../../x86_64-linux-gnu/libc.a(ctype-info.o)
                0x000000000045c350                __ctype_b_loc
                0x000000000045c370                __ctype_toupper_loc
                0x000000000045c390                __ctype_tolower_loc
                0x000000000045c3b0                __ctype_init
 *fill*         0x000000000045c404        0xc 
 .text          0x000000000045c410       0x51 /usr/lib/gcc/x86_64-linux-gnu/9/../../../x86_64-linux-gnu/libc.a(setfpucw.o)
                0x000000000045c410                __setfpucw
 .text          0x000000000045c461        0x0 /usr/lib/gcc/x86_64-linux-gnu/9/../../../x86_64-linux-gnu/libc.a(fpu_control.o)
 *fill*         0x000000000045c461        0xf 
 .text          0x000000000045c470       0x67 /usr/lib/gcc/x86_64-linux-gnu/9/../../../x86_64-linux-gnu/libc.a(setjmp.o)
                0x000000000045c470                __sigsetjmp
 *fill*         0x000000000045c4d7        0x9 
 .text          0x000000000045c4e0       0x34 /usr/lib/gcc/x86_64-linux-gnu/9/../../../x86_64-linux-gnu/libc.a(sigjmp.o)
                0x000000000045c4e0                __sigjmp_save
 *fill*         0x000000000045c514        0xc 
 .text          0x000000000045c520      0x234 /usr/lib/gcc/x86_64-linux-gnu/9/../../../x86_64-linux-gnu/libc.a(sigaction.o)
                0x000000000045c540                __libc_sigaction
                0x000000000045c720                sigaction
                0x000000000045c720                __sigaction
 *fill*         0x000000000045c754        0xc 
 .text          0x000000000045c760      0x10b /usr/lib/gcc/x86_64-linux-gnu/9/../../../x86_64-linux-gnu/libc.a(sigprocmask.o)
                0x000000000045c760                __sigprocmask
                0x000000000045c760                sigprocmask
 *fill*         0x000000000045c86b        0x5 
 .text          0x000000000045c870      0xfc5 /usr/lib/gcc/x86_64-linux-gnu/9/../../../x86_64-linux-gnu/libc.a(qsort.o)
                0x000000000045c870                _quicksort
 *fill*         0x000000000045d835        0xb 
 .text          0x000000000045d840      0x68e /usr/lib/gcc/x86_64-linux-gnu/9/../../../x86_64-linux-gnu/libc.a(setenv.o)
                0x000000000045d840                __add_to_environ
                0x000000000045dc40                setenv
                0x000000000045dc40                __setenv
                0x000000000045dca0                unsetenv
                0x000000000045dca0                __unsetenv
                0x000000000045de00                clearenv
                0x000000000045de00                __clearenv
 *fill*         0x000000000045dece        0x2 
 .text          0x000000000045ded0       0x1b /usr/lib/gcc/x86_64-linux-gnu/9/../../../x86_64-linux-gnu/libc.a(secure-getenv.o)
                0x000000000045ded0                secure_getenv
                0x000000000045ded0                __libc_secure_getenv
 *fill*         0x000000000045deeb        0x5 
 .text          0x000000000045def0       0x36 /usr/lib/gcc/x86_64-linux-gnu/9/../../../x86_64-linux-gnu/libc.a(strtol.o)
                0x000000000045def0                __strtol_internal
                0x000000000045def0                __strtoll_internal
                0x000000000045df10                strtoll
                0x000000000045df10                strtoq
                0x000000000045df10                strtol
                0x000000000045df10                __strtol
 *fill*         0x000000000045df26        0xa 
 .text          0x000000000045df30      0x52e /usr/lib/gcc/x86_64-linux-gnu/9/../../../x86_64-linux-gnu/libc.a(strtol_l.o)
                0x000000000045df30                ____strtol_l_internal
                0x000000000045df30                ____strtoll_l_internal
                0x000000000045e450                strtoll_l
                0x000000000045e450                strtol_l
                0x000000000045e450                __strtoll_l
                0x000000000045e450                __strtol_l
 *fill*         0x000000000045e45e        0x2 
 .text          0x000000000045e460       0xb7 /usr/lib/gcc/x86_64-linux-gnu/9/../../../x86_64-linux-gnu/libc.a(fprintf.o)
                0x000000000045e460                fprintf
                0x000000000045e460                _IO_fprintf
                0x000000000045e460                __fprintf
 *fill*         0x000000000045e517        0x9 
 .text          0x000000000045e520     0x6619 /usr/lib/gcc/x86_64-linux-gnu/9/../../../x86_64-linux-gnu/libc.a(vfprintf-internal.o)
                0x0000000000461550                __vfprintf_internal
 *fill*         0x0000000000464b39        0x7 
 .text          0x0000000000464b40     0x63d9 /usr/lib/gcc/x86_64-linux-gnu/9/../../../x86_64-linux-gnu/libc.a(vfwprintf-internal.o)
                0x0000000000467a00                __vfwprintf_internal
 *fill*         0x000000000046af19        0x7 
 .text          0x000000000046af20      0x7b0 /usr/lib/gcc/x86_64-linux-gnu/9/../../../x86_64-linux-gnu/libc.a(printf-parsemb.o)
                0x000000000046af20                __parse_one_specmb
 .text          0x000000000046b6d0      0x89d /usr/lib/gcc/x86_64-linux-gnu/9/../../../x86_64-linux-gnu/libc.a(printf-parsewc.o)
                0x000000000046b6d0                __parse_one_specwc
 *fill*         0x000000000046bf6d        0x3 
 .text          0x000000000046bf70      0x15f /usr/lib/gcc/x86_64-linux-gnu/9/../../../x86_64-linux-gnu/libc.a(filedoalloc.o)
                0x000000000046bf70                _IO_file_doallocate
 *fill*         0x000000000046c0cf        0x1 
 .text          0x000000000046c0d0      0x180 /usr/lib/gcc/x86_64-linux-gnu/9/../../../x86_64-linux-gnu/libc.a(iofputs.o)
                0x000000000046c0d0                _IO_fputs
                0x000000000046c0d0                fputs
 .text          0x000000000046c250       0x84 /usr/lib/gcc/x86_64-linux-gnu/9/../../../x86_64-linux-gnu/libc.a(wfiledoalloc.o)
                0x000000000046c250                _IO_wfile_doallocate
 *fill*         0x000000000046c2d4        0xc 
 .text          0x000000000046c2e0      0x1ca /usr/lib/gcc/x86_64-linux-gnu/9/../../../x86_64-linux-gnu/libc.a(iofwrite.o)
                0x000000000046c2e0                _IO_fwrite
                0x000000000046c2e0                fwrite
 *fill*         0x000000000046c4aa        0x6 
 .text          0x000000000046c4b0      0x2e1 /usr/lib/gcc/x86_64-linux-gnu/9/../../../x86_64-linux-gnu/libc.a(iogetdelim.o)
                0x000000000046c4b0                __getdelim
                0x000000000046c4b0                getdelim
                0x000000000046c4b0                _IO_getdelim
 *fill*         0x000000000046c791        0xf 
 .text          0x000000000046c7a0      0x1ac /usr/lib/gcc/x86_64-linux-gnu/9/../../../x86_64-linux-gnu/libc.a(iogetline.o)
                0x000000000046c7a0                _IO_getline_info
                0x000000000046c940                _IO_getline
 *fill*         0x000000000046c94c        0x4 
 .text          0x000000000046c950      0x134 /usr/lib/gcc/x86_64-linux-gnu/9/../../../x86_64-linux-gnu/libc.a(iopadn.o)
                0x000000000046c950                _IO_padn
 *fill*         0x000000000046ca84        0xc 
 .text          0x000000000046ca90      0x124 /usr/lib/gcc/x86_64-linux-gnu/9/../../../x86_64-linux-gnu/libc.a(iowpadn.o)
                0x000000000046ca90                _IO_wpadn
 *fill*         0x000000000046cbb4        0xc 
 .text          0x000000000046cbc0     0x1425 /usr/lib/gcc/x86_64-linux-gnu/9/../../../x86_64-linux-gnu/libc.a(wgenops.o)
                0x000000000046cdf0                _IO_least_wmarker
                0x000000000046ce30                _IO_switch_to_main_wget_area
                0x000000000046ce70                _IO_switch_to_wbackup_area
                0x000000000046ceb0                _IO_wsetb
                0x000000000046cf20                _IO_wdefault_pbackfail
                0x000000000046d0e0                _IO_wdefault_finish
                0x000000000046d160                _IO_wdefault_uflow
                0x000000000046d1d0                __woverflow
                0x000000000046d250                _IO_wdefault_xsputn
                0x000000000046d490                _IO_wdoallocbuf
                0x000000000046d540                _IO_wdefault_doallocate
                0x000000000046d5d0                _IO_switch_to_wget_mode
                0x000000000046d650                __wuflow
                0x000000000046d7e0                __wunderflow
                0x000000000046d950                _IO_wdefault_xsgetn
                0x000000000046dc60                _IO_free_wbackup_area
                0x000000000046dcc0                _IO_sputbackwc
                0x000000000046dd40                _IO_sungetwc
                0x000000000046ddc0                _IO_adjust_wcolumn
                0x000000000046de00                _IO_init_wmarker
                0x000000000046de70                _IO_wmarker_delta
                0x000000000046dec0                _IO_seekwmark
                0x000000000046df70                _IO_unsave_wmarkers
 *fill*         0x000000000046dfe5        0xb 
 .text          0x000000000046dff0       0xbd /usr/lib/gcc/x86_64-linux-gnu/9/../../../x86_64-linux-gnu/libc.a(libc-cancellation.o)
                0x000000000046dff0                __libc_enable_asynccancel
                0x000000000046e050                __libc_disable_asynccancel
 *fill*         0x000000000046e0ad        0x3 
 .text          0x000000000046e0b0       0xb1 /usr/lib/gcc/x86_64-linux-gnu/9/../../../x86_64-linux-gnu/libc.a(scratch_buffer_grow_preserve.o)
                0x000000000046e0b0                __libc_scratch_buffer_grow_preserve
 *fill*         0x000000000046e161        0xf 
 .text          0x000000000046e170       0xae /usr/lib/gcc/x86_64-linux-gnu/9/../../../x86_64-linux-gnu/libc.a(scratch_buffer_set_array_size.o)
                0x000000000046e170                __libc_scratch_buffer_set_array_size
 *fill*         0x000000000046e21e        0x2 
 .text          0x000000000046e220       0x45 /usr/lib/gcc/x86_64-linux-gnu/9/../../../x86_64-linux-gnu/libc.a(strndup.o)
                0x000000000046e220                strndup
                0x000000000046e220                __strndup
 *fill*         0x000000000046e265        0xb 
 .text          0x000000000046e270      0x197 /usr/lib/gcc/x86_64-linux-gnu/9/../../../x86_64-linux-gnu/libc.a(_strerror.o)
                0x000000000046e270                __strerror_r
                0x000000000046e270                strerror_r
 *fill*         0x000000000046e407        0x9 
 .text          0x000000000046e410       0x35 /usr/lib/gcc/x86_64-linux-gnu/9/../../../x86_64-linux-gnu/libc.a(strnlen.o)
                0x000000000046e410                __strnlen
                0x000000000046e410                strnlen
 *fill*         0x000000000046e445        0xb 
 .text          0x000000000046e450       0x35 /usr/lib/gcc/x86_64-linux-gnu/9/../../../x86_64-linux-gnu/libc.a(strrchr.o)
                0x000000000046e450                strrchr
                0x000000000046e450                rindex
 *fill*         0x000000000046e485        0xb 
 .text          0x000000000046e490       0x75 /usr/lib/gcc/x86_64-linux-gnu/9/../../../x86_64-linux-gnu/libc.a(strtok_r.o)
                0x000000000046e490                strtok_r
                0x000000000046e490                __strtok_r
 *fill*         0x000000000046e505        0xb 
 .text          0x000000000046e510       0x35 /usr/lib/gcc/x86_64-linux-gnu/9/../../../x86_64-linux-gnu/libc.a(memchr.o)
                0x000000000046e510                memchr
                0x000000000046e510                __memchr
 *fill*         0x000000000046e545        0xb 
 .text          0x000000000046e550      0x64c /usr/lib/gcc/x86_64-linux-gnu/9/../../../x86_64-linux-gnu/libc.a(memmem.o)
                0x000000000046e8e0                memmem
                0x000000000046e8e0                __memmem
 *fill*         0x000000000046eb9c        0x4 
 .text          0x000000000046eba0       0xdc /usr/lib/gcc/x86_64-linux-gnu/9/../../../x86_64-linux-gnu/libc.a(argz-ctsep.o)
                0x000000000046eba0                __argz_create_sep
                0x000000000046eba0                argz_create_sep
 *fill*         0x000000000046ec7c        0x4 
 .text          0x000000000046ec80       0xc1 /usr/lib/gcc/x86_64-linux-gnu/9/../../../x86_64-linux-gnu/libc.a(argz-addsep.o)
                0x000000000046ec80                argz_add_sep
                0x000000000046ec80                __argz_add_sep
 *fill*         0x000000000046ed41        0xf 
 .text          0x000000000046ed50      0x323 /usr/lib/gcc/x86_64-linux-gnu/9/../../../x86_64-linux-gnu/libc.a(memchr-sse2.o)
                0x000000000046ed50                __memchr_sse2
 .text          0x000000000046f073        0x0 /usr/lib/gcc/x86_64-linux-gnu/9/../../../x86_64-linux-gnu/libc.a(memchr-avx2.o)
 *fill*         0x000000000046f073        0xd 
 .text.avx      0x000000000046f080      0x2cd /usr/lib/gcc/x86_64-linux-gnu/9/../../../x86_64-linux-gnu/libc.a(memchr-avx2.o)
                0x000000000046f080                __memchr_avx2
 *fill*         0x000000000046f34d        0x3 
 .text          0x000000000046f350      0x2f2 /usr/lib/gcc/x86_64-linux-gnu/9/../../../x86_64-linux-gnu/libc.a(strrchr-sse2.o)
                0x000000000046f350                __strrchr_sse2
 .text          0x000000000046f642        0x0 /usr/lib/gcc/x86_64-linux-gnu/9/../../../x86_64-linux-gnu/libc.a(strrchr-avx2.o)
 *fill*         0x000000000046f642        0xe 
 .text.avx      0x000000000046f650      0x1c6 /usr/lib/gcc/x86_64-linux-gnu/9/../../../x86_64-linux-gnu/libc.a(strrchr-avx2.o)
                0x000000000046f650                __strrchr_avx2
 *fill*         0x000000000046f816        0xa 
 .text          0x000000000046f820      0x218 /usr/lib/gcc/x86_64-linux-gnu/9/../../../x86_64-linux-gnu/libc.a(strnlen-sse2.o)
                0x000000000046f820                __strnlen_sse2
 .text          0x000000000046fa38        0x0 /usr/lib/gcc/x86_64-linux-gnu/9/../../../x86_64-linux-gnu/libc.a(strnlen-avx2.o)
 *fill*         0x000000000046fa38        0x8 
 .text.avx      0x000000000046fa40      0x31e /usr/lib/gcc/x86_64-linux-gnu/9/../../../x86_64-linux-gnu/libc.a(strnlen-avx2.o)